Archive member included to satisfy reference by file (symbol)

c:/program files (x86)/atollic/truestudio for stm32 9.0.1/armtools/bin/../lib/gcc/arm-atollic-eabi/6.3.1/../../../../arm-atollic-eabi/lib/armv7e-m/fpu\libc_nano.a(lib_a-init.o)
                              startup\startup_stm32f401xe.o (__libc_init_array)
c:/program files (x86)/atollic/truestudio for stm32 9.0.1/armtools/bin/../lib/gcc/arm-atollic-eabi/6.3.1/../../../../arm-atollic-eabi/lib/armv7e-m/fpu\libc_nano.a(lib_a-memcpy-stub.o)
                              Drivers\BSP\VL53L1X API\api\core\vl53l1_api.o (memcpy)
c:/program files (x86)/atollic/truestudio for stm32 9.0.1/armtools/bin/../lib/gcc/arm-atollic-eabi/6.3.1/../../../../arm-atollic-eabi/lib/armv7e-m/fpu\libc_nano.a(lib_a-memset.o)
                              Drivers\BSP\VL53L1X API\api\core\vl53l1_api.o (memset)
c:/program files (x86)/atollic/truestudio for stm32 9.0.1/armtools/bin/../lib/gcc/arm-atollic-eabi/6.3.1/../../../../arm-atollic-eabi/lib/armv7e-m/fpu\libc_nano.a(lib_a-sprintf.o)
                              Src\main.o (sprintf)
c:/program files (x86)/atollic/truestudio for stm32 9.0.1/armtools/bin/../lib/gcc/arm-atollic-eabi/6.3.1/../../../../arm-atollic-eabi/lib/armv7e-m/fpu\libc_nano.a(lib_a-strlen.o)
                              Src\main.o (strlen)
c:/program files (x86)/atollic/truestudio for stm32 9.0.1/armtools/bin/../lib/gcc/arm-atollic-eabi/6.3.1/../../../../arm-atollic-eabi/lib/armv7e-m/fpu\libc_nano.a(lib_a-strncpy.o)
                              Drivers\BSP\VL53L1X API\api\core\vl53l1_api.o (strncpy)
c:/program files (x86)/atollic/truestudio for stm32 9.0.1/armtools/bin/../lib/gcc/arm-atollic-eabi/6.3.1/../../../../arm-atollic-eabi/lib/armv7e-m/fpu\libc_nano.a(lib_a-impure.o)
                              c:/program files (x86)/atollic/truestudio for stm32 9.0.1/armtools/bin/../lib/gcc/arm-atollic-eabi/6.3.1/../../../../arm-atollic-eabi/lib/armv7e-m/fpu\libc_nano.a(lib_a-sprintf.o) (_impure_ptr)
c:/program files (x86)/atollic/truestudio for stm32 9.0.1/armtools/bin/../lib/gcc/arm-atollic-eabi/6.3.1/../../../../arm-atollic-eabi/lib/armv7e-m/fpu\libc_nano.a(lib_a-nano-svfprintf.o)
                              c:/program files (x86)/atollic/truestudio for stm32 9.0.1/armtools/bin/../lib/gcc/arm-atollic-eabi/6.3.1/../../../../arm-atollic-eabi/lib/armv7e-m/fpu\libc_nano.a(lib_a-sprintf.o) (_svfprintf_r)
c:/program files (x86)/atollic/truestudio for stm32 9.0.1/armtools/bin/../lib/gcc/arm-atollic-eabi/6.3.1/../../../../arm-atollic-eabi/lib/armv7e-m/fpu\libc_nano.a(lib_a-nano-vfprintf_i.o)
                              c:/program files (x86)/atollic/truestudio for stm32 9.0.1/armtools/bin/../lib/gcc/arm-atollic-eabi/6.3.1/../../../../arm-atollic-eabi/lib/armv7e-m/fpu\libc_nano.a(lib_a-nano-svfprintf.o) (_printf_i)
c:/program files (x86)/atollic/truestudio for stm32 9.0.1/armtools/bin/../lib/gcc/arm-atollic-eabi/6.3.1/../../../../arm-atollic-eabi/lib/armv7e-m/fpu\libc_nano.a(lib_a-memchr.o)
                              c:/program files (x86)/atollic/truestudio for stm32 9.0.1/armtools/bin/../lib/gcc/arm-atollic-eabi/6.3.1/../../../../arm-atollic-eabi/lib/armv7e-m/fpu\libc_nano.a(lib_a-nano-svfprintf.o) (memchr)
c:/program files (x86)/atollic/truestudio for stm32 9.0.1/armtools/bin/../lib/gcc/arm-atollic-eabi/6.3.1/../../../../arm-atollic-eabi/lib/armv7e-m/fpu\libc_nano.a(lib_a-memmove.o)
                              c:/program files (x86)/atollic/truestudio for stm32 9.0.1/armtools/bin/../lib/gcc/arm-atollic-eabi/6.3.1/../../../../arm-atollic-eabi/lib/armv7e-m/fpu\libc_nano.a(lib_a-nano-svfprintf.o) (memmove)
c:/program files (x86)/atollic/truestudio for stm32 9.0.1/armtools/bin/../lib/gcc/arm-atollic-eabi/6.3.1/../../../../arm-atollic-eabi/lib/armv7e-m/fpu\libc_nano.a(lib_a-nano-freer.o)
                              c:/program files (x86)/atollic/truestudio for stm32 9.0.1/armtools/bin/../lib/gcc/arm-atollic-eabi/6.3.1/../../../../arm-atollic-eabi/lib/armv7e-m/fpu\libc_nano.a(lib_a-nano-svfprintf.o) (_free_r)
c:/program files (x86)/atollic/truestudio for stm32 9.0.1/armtools/bin/../lib/gcc/arm-atollic-eabi/6.3.1/../../../../arm-atollic-eabi/lib/armv7e-m/fpu\libc_nano.a(lib_a-nano-mallocr.o)
                              c:/program files (x86)/atollic/truestudio for stm32 9.0.1/armtools/bin/../lib/gcc/arm-atollic-eabi/6.3.1/../../../../arm-atollic-eabi/lib/armv7e-m/fpu\libc_nano.a(lib_a-nano-svfprintf.o) (_malloc_r)
c:/program files (x86)/atollic/truestudio for stm32 9.0.1/armtools/bin/../lib/gcc/arm-atollic-eabi/6.3.1/../../../../arm-atollic-eabi/lib/armv7e-m/fpu\libc_nano.a(lib_a-nano-reallocr.o)
                              c:/program files (x86)/atollic/truestudio for stm32 9.0.1/armtools/bin/../lib/gcc/arm-atollic-eabi/6.3.1/../../../../arm-atollic-eabi/lib/armv7e-m/fpu\libc_nano.a(lib_a-nano-svfprintf.o) (_realloc_r)
[...]
Memory Configuration

Name             Origin             Length             Attributes
RAM              0x20000000         0x00018000         xrw
FLASH            0x08000000         0x00080000         xr
*default*        0x00000000         0xffffffff

Linker script and memory map

LOAD c:/program files (x86)/atollic/truestudio for stm32 9.0.1/armtools/bin/../lib/gcc/arm-atollic-eabi/6.3.1/armv7e-m/fpu/crti.o
LOAD c:/program files (x86)/atollic/truestudio for stm32 9.0.1/armtools/bin/../lib/gcc/arm-atollic-eabi/6.3.1/armv7e-m/fpu/crtbegin.o
LOAD Drivers\BSP\VL53L1X API\api\core\vl53l1_api.o
LOAD Drivers\BSP\VL53L1X API\api\core\vl53l1_api_calibration.o
LOAD Drivers\BSP\VL53L1X API\api\core\vl53l1_api_core.o
LOAD Drivers\BSP\VL53L1X API\api\core\vl53l1_api_debug.o
LOAD Drivers\BSP\VL53L1X API\api\core\vl53l1_api_preset_modes.o
LOAD Drivers\BSP\VL53L1X API\api\core\vl53l1_api_strings.o
LOAD Drivers\BSP\VL53L1X API\api\core\vl53l1_core.o
LOAD Drivers\BSP\VL53L1X API\api\core\vl53l1_core_support.o
LOAD Drivers\BSP\VL53L1X API\api\core\vl53l1_error_strings.o
LOAD Drivers\BSP\VL53L1X API\api\core\vl53l1_register_funcs.o
LOAD Drivers\BSP\VL53L1X API\api\core\vl53l1_silicon_core.o
LOAD Drivers\BSP\VL53L1X API\api\core\vl53l1_wait.o
LOAD Drivers\BSP\VL53L1X API\api\platform\vl53l1_platform.o
LOAD Drivers\STM32F4xx_HAL_Driver\Src\stm32f4xx_hal.o
LOAD Drivers\STM32F4xx_HAL_Driver\Src\stm32f4xx_hal_cortex.o
LOAD Drivers\STM32F4xx_HAL_Driver\Src\stm32f4xx_hal_dma.o
LOAD Drivers\STM32F4xx_HAL_Driver\Src\stm32f4xx_hal_dma_ex.o
LOAD Drivers\STM32F4xx_HAL_Driver\Src\stm32f4xx_hal_flash.o
LOAD Drivers\STM32F4xx_HAL_Driver\Src\stm32f4xx_hal_flash_ex.o
LOAD Drivers\STM32F4xx_HAL_Driver\Src\stm32f4xx_hal_flash_ramfunc.o
LOAD Drivers\STM32F4xx_HAL_Driver\Src\stm32f4xx_hal_gpio.o
LOAD Drivers\STM32F4xx_HAL_Driver\Src\stm32f4xx_hal_i2c.o
LOAD Drivers\STM32F4xx_HAL_Driver\Src\stm32f4xx_hal_i2c_ex.o
LOAD Drivers\STM32F4xx_HAL_Driver\Src\stm32f4xx_hal_pwr.o
LOAD Drivers\STM32F4xx_HAL_Driver\Src\stm32f4xx_hal_pwr_ex.o
LOAD Drivers\STM32F4xx_HAL_Driver\Src\stm32f4xx_hal_rcc.o
LOAD Drivers\STM32F4xx_HAL_Driver\Src\stm32f4xx_hal_rcc_ex.o
LOAD Drivers\STM32F4xx_HAL_Driver\Src\stm32f4xx_hal_spi.o
LOAD Drivers\STM32F4xx_HAL_Driver\Src\stm32f4xx_hal_tim.o
LOAD Drivers\STM32F4xx_HAL_Driver\Src\stm32f4xx_hal_tim_ex.o
LOAD Drivers\STM32F4xx_HAL_Driver\Src\stm32f4xx_hal_uart.o
LOAD Inc\CRC.o
LOAD Inc\Debug.o
LOAD Src\TMC5160.o
LOAD Src\main.o
LOAD Src\stm32f4xx_hal_msp.o
LOAD Src\stm32f4xx_hal_timebase_TIM.o
LOAD Src\stm32f4xx_it.o
LOAD Src\sumobot_functions.o
LOAD Src\system_stm32f4xx.o
LOAD startup\startup_stm32f401xe.o
                0x00000080                malloc_getpagesize_P = 0x80
START GROUP
LOAD c:/program files (x86)/atollic/truestudio for stm32 9.0.1/armtools/bin/../lib/gcc/arm-atollic-eabi/6.3.1/../../../../arm-atollic-eabi/lib/armv7e-m/fpu\libc_nano.a
LOAD c:/program files (x86)/atollic/truestudio for stm32 9.0.1/armtools/bin/../lib/gcc/arm-atollic-eabi/6.3.1/../../../../arm-atollic-eabi/lib/armv7e-m/fpu\libm.a
END GROUP
START GROUP
LOAD c:/program files (x86)/atollic/truestudio for stm32 9.0.1/armtools/bin/../lib/gcc/arm-atollic-eabi/6.3.1/armv7e-m/fpu\libgcc.a
LOAD c:/program files (x86)/atollic/truestudio for stm32 9.0.1/armtools/bin/../lib/gcc/arm-atollic-eabi/6.3.1/../../../../arm-atollic-eabi/lib/armv7e-m/fpu\libc_nano.a
END GROUP
START GROUP
LOAD c:/program files (x86)/atollic/truestudio for stm32 9.0.1/armtools/bin/../lib/gcc/arm-atollic-eabi/6.3.1/armv7e-m/fpu\libgcc.a
LOAD c:/program files (x86)/atollic/truestudio for stm32 9.0.1/armtools/bin/../lib/gcc/arm-atollic-eabi/6.3.1/../../../../arm-atollic-eabi/lib/armv7e-m/fpu\libc_nano.a
LOAD c:/program files (x86)/atollic/truestudio for stm32 9.0.1/armtools/bin/../lib/gcc/arm-atollic-eabi/6.3.1/../../../../arm-atollic-eabi/lib/armv7e-m/fpu\libnosys.a
END GROUP
START GROUP
LOAD c:/program files (x86)/atollic/truestudio for stm32 9.0.1/armtools/bin/../lib/gcc/arm-atollic-eabi/6.3.1/armv7e-m/fpu\libgcc.a
LOAD c:/program files (x86)/atollic/truestudio for stm32 9.0.1/armtools/bin/../lib/gcc/arm-atollic-eabi/6.3.1/../../../../arm-atollic-eabi/lib/armv7e-m/fpu\libc_nano.a
LOAD c:/program files (x86)/atollic/truestudio for stm32 9.0.1/armtools/bin/../lib/gcc/arm-atollic-eabi/6.3.1/../../../../arm-atollic-eabi/lib/armv7e-m/fpu\libnosys.a
END GROUP
LOAD c:/program files (x86)/atollic/truestudio for stm32 9.0.1/armtools/bin/../lib/gcc/arm-atollic-eabi/6.3.1/armv7e-m/fpu/crtend.o
LOAD c:/program files (x86)/atollic/truestudio for stm32 9.0.1/armtools/bin/../lib/gcc/arm-atollic-eabi/6.3.1/armv7e-m/fpu/crtn.o
                0x20018000                _estack = 0x20018000
                0x00000200                _Min_Heap_Size = 0x200
                0x00000400                _Min_Stack_Size = 0x400

.isr_vector     0x08000000      0x194
                0x08000000                . = ALIGN (0x4)
 *(.isr_vector)
 .isr_vector    0x08000000      0x194 startup\startup_stm32f401xe.o
                0x08000000                g_pfnVectors
                0x08000194                . = ALIGN (0x4)

.text           0x080001a0     0xa3b4
                0x080001a0                . = ALIGN (0x4)
 *(.text)
 .text          0x080001a0       0x40 c:/program files (x86)/atollic/truestudio for stm32 9.0.1/armtools/bin/../lib/gcc/arm-atollic-eabi/6.3.1/armv7e-m/fpu/crtbegin.o
 .text          0x080001e0       0x10 c:/program files (x86)/atollic/truestudio for stm32 9.0.1/armtools/bin/../lib/gcc/arm-atollic-eabi/6.3.1/../../../../arm-atollic-eabi/lib/armv7e-m/fpu\libc_nano.a(lib_a-strlen.o)
                0x080001e0                strlen
 .text          0x080001f0       0xa0 c:/program files (x86)/atollic/truestudio for stm32 9.0.1/armtools/bin/../lib/gcc/arm-atollic-eabi/6.3.1/../../../../arm-atollic-eabi/lib/armv7e-m/fpu\libc_nano.a(lib_a-memchr.o)
                0x080001f0                memchr
 .text          0x08000290       0x30 c:/program files (x86)/atollic/truestudio for stm32 9.0.1/armtools/bin/../lib/gcc/arm-atollic-eabi/6.3.1/armv7e-m/fpu\libgcc.a(_aeabi_uldivmod.o)
                0x08000290                __aeabi_uldivmod
 .text          0x080002c0      0x2dc c:/program files (x86)/atollic/truestudio for stm32 9.0.1/armtools/bin/../lib/gcc/arm-atollic-eabi/6.3.1/armv7e-m/fpu\libgcc.a(_udivmoddi4.o)
                0x080002c0                __udivmoddi4
 .text          0x0800059c        0x4 c:/program files (x86)/atollic/truestudio for stm32 9.0.1/armtools/bin/../lib/gcc/arm-atollic-eabi/6.3.1/armv7e-m/fpu\libgcc.a(_dvmd_tls.o)
                0x0800059c                __aeabi_idiv0
                0x0800059c                __aeabi_ldiv0
 *(.text*)
 .text.CheckValidRectRoi
                0x080005a0       0x4c Drivers\BSP\VL53L1X API\api\core\vl53l1_api.o
 .text.VL53L1_SetDeviceAddress
                0x080005ec       0x30 Drivers\BSP\VL53L1X API\api\core\vl53l1_api.o
                0x080005ec                VL53L1_SetDeviceAddress
 .text.VL53L1_DataInit
                0x0800061c       0xaa Drivers\BSP\VL53L1X API\api\core\vl53l1_api.o
                0x0800061c                VL53L1_DataInit
 .text.VL53L1_StaticInit
                0x080006c6       0x4e Drivers\BSP\VL53L1X API\api\core\vl53l1_api.o
                0x080006c6                VL53L1_StaticInit
 .text.VL53L1_WaitDeviceBooted
                0x08000714       0x26 Drivers\BSP\VL53L1X API\api\core\vl53l1_api.o
                0x08000714                VL53L1_WaitDeviceBooted
 *fill*         0x0800073a        0x2 
 .text.ComputeDevicePresetMode
                0x0800073c       0xd4 Drivers\BSP\VL53L1X API\api\core\vl53l1_api.o
 .text.SetPresetMode
                0x08000810       0xce Drivers\BSP\VL53L1X API\api\core\vl53l1_api.o
 .text.VL53L1_SetPresetMode
                0x080008de       0x90 Drivers\BSP\VL53L1X API\api\core\vl53l1_api.o
                0x080008de                VL53L1_SetPresetMode
 .text.VL53L1_SetDistanceMode
                0x0800096e      0x10c Drivers\BSP\VL53L1X API\api\core\vl53l1_api.o
                0x0800096e                VL53L1_SetDistanceMode
 *fill*         0x08000a7a        0x2 
 .text.VL53L1_SetMeasurementTimingBudgetMicroSeconds
                0x08000a7c      0x1a8 Drivers\BSP\VL53L1X API\api\core\vl53l1_api.o
                0x08000a7c                VL53L1_SetMeasurementTimingBudgetMicroSeconds
 .text.VL53L1_SetInterMeasurementPeriodMilliSeconds
                0x08000c24       0x40 Drivers\BSP\VL53L1X API\api\core\vl53l1_api.o
                0x08000c24                VL53L1_SetInterMeasurementPeriodMilliSeconds
 .text.SetLimitValue
                0x08000c64       0x52 Drivers\BSP\VL53L1X API\api\core\vl53l1_api.o
 .text.VL53L1_SetLimitCheckEnable
                0x08000cb6       0x7c Drivers\BSP\VL53L1X API\api\core\vl53l1_api.o
                0x08000cb6                VL53L1_SetLimitCheckEnable
 .text.VL53L1_GetLimitCheckEnable
                0x08000d32       0x46 Drivers\BSP\VL53L1X API\api\core\vl53l1_api.o
                0x08000d32                VL53L1_GetLimitCheckEnable
 .text.VL53L1_SetLimitCheckValue
                0x08000d78       0x72 Drivers\BSP\VL53L1X API\api\core\vl53l1_api.o
                0x08000d78                VL53L1_SetLimitCheckValue
 .text.VL53L1_GetLimitCheckValue
                0x08000dea       0xae Drivers\BSP\VL53L1X API\api\core\vl53l1_api.o
                0x08000dea                VL53L1_GetLimitCheckValue
 .text.VL53L1_SetUserROI
                0x08000e98       0xa8 Drivers\BSP\VL53L1X API\api\core\vl53l1_api.o
                0x08000e98                VL53L1_SetUserROI
 .text.VL53L1_GetSequenceStepEnable
                0x08000f40       0x2e Drivers\BSP\VL53L1X API\api\core\vl53l1_api.o
                0x08000f40                VL53L1_GetSequenceStepEnable
 .text.ChangePresetMode
                0x08000f6e      0x124 Drivers\BSP\VL53L1X API\api\core\vl53l1_api.o
 .text.VL53L1_ClearInterruptAndStartMeasurement
                0x08001092       0x50 Drivers\BSP\VL53L1X API\api\core\vl53l1_api.o
                0x08001092                VL53L1_ClearInterruptAndStartMeasurement
 .text.VL53L1_GetMeasurementDataReady
                0x080010e2       0x26 Drivers\BSP\VL53L1X API\api\core\vl53l1_api.o
                0x080010e2                VL53L1_GetMeasurementDataReady
 .text.ComputeRQL
                0x08001108       0xf4 Drivers\BSP\VL53L1X API\api\core\vl53l1_api.o
 .text.ConvertStatusLite
                0x080011fc       0xa0 Drivers\BSP\VL53L1X API\api\core\vl53l1_api.o
 .text.SetSimpleData
                0x0800129c      0x1f8 Drivers\BSP\VL53L1X API\api\core\vl53l1_api.o
 .text.VL53L1_GetRangingMeasurementData
                0x08001494       0x78 Drivers\BSP\VL53L1X API\api\core\vl53l1_api.o
                0x08001494                VL53L1_GetRangingMeasurementData
 .text.VL53L1_data_init
                0x0800150c      0x13a Drivers\BSP\VL53L1X API\api\core\vl53l1_api_core.o
                0x0800150c                VL53L1_data_init
 .text.VL53L1_read_p2p_data
                0x08001646      0x100 Drivers\BSP\VL53L1X API\api\core\vl53l1_api_core.o
                0x08001646                VL53L1_read_p2p_data
 .text.VL53L1_set_inter_measurement_period_ms
                0x08001746       0x52 Drivers\BSP\VL53L1X API\api\core\vl53l1_api_core.o
                0x08001746                VL53L1_set_inter_measurement_period_ms
 .text.VL53L1_set_timeouts_us
                0x08001798       0x70 Drivers\BSP\VL53L1X API\api\core\vl53l1_api_core.o
                0x08001798                VL53L1_set_timeouts_us
 .text.VL53L1_get_timeouts_us
                0x08001808       0xd6 Drivers\BSP\VL53L1X API\api\core\vl53l1_api_core.o
                0x08001808                VL53L1_get_timeouts_us
 .text.VL53L1_get_sequence_config_bit
                0x080018de       0x6e Drivers\BSP\VL53L1X API\api\core\vl53l1_api_core.o
                0x080018de                VL53L1_get_sequence_config_bit
 .text.VL53L1_set_user_zone
                0x0800194c       0x46 Drivers\BSP\VL53L1X API\api\core\vl53l1_api_core.o
                0x0800194c                VL53L1_set_user_zone
 .text.VL53L1_get_user_zone
                0x08001992       0x44 Drivers\BSP\VL53L1X API\api\core\vl53l1_api_core.o
                0x08001992                VL53L1_get_user_zone
 .text.VL53L1_get_mode_mitigation_roi
                0x080019d6       0x68 Drivers\BSP\VL53L1X API\api\core\vl53l1_api_core.o
                0x080019d6                VL53L1_get_mode_mitigation_roi
 *fill*         0x08001a3e        0x2 
 .text.VL53L1_get_preset_mode_timing_cfg
                0x08001a40      0x154 Drivers\BSP\VL53L1X API\api\core\vl53l1_api_core.o
                0x08001a40                VL53L1_get_preset_mode_timing_cfg
 .text.VL53L1_set_preset_mode
                0x08001b94      0x2ec Drivers\BSP\VL53L1X API\api\core\vl53l1_api_core.o
                0x08001b94                VL53L1_set_preset_mode
 .text.VL53L1_get_lite_sigma_threshold
                0x08001e80       0x2c Drivers\BSP\VL53L1X API\api\core\vl53l1_api_core.o
                0x08001e80                VL53L1_get_lite_sigma_threshold
 .text.VL53L1_set_lite_sigma_threshold
                0x08001eac       0x2c Drivers\BSP\VL53L1X API\api\core\vl53l1_api_core.o
                0x08001eac                VL53L1_set_lite_sigma_threshold
 .text.VL53L1_get_lite_min_count_rate
                0x08001ed8       0x2c Drivers\BSP\VL53L1X API\api\core\vl53l1_api_core.o
                0x08001ed8                VL53L1_get_lite_min_count_rate
 .text.VL53L1_set_lite_min_count_rate
                0x08001f04       0x2c Drivers\BSP\VL53L1X API\api\core\vl53l1_api_core.o
                0x08001f04                VL53L1_set_lite_min_count_rate
 .text.VL53L1_set_vhv_loopbound
                0x08001f30       0x40 Drivers\BSP\VL53L1X API\api\core\vl53l1_api_core.o
                0x08001f30                VL53L1_set_vhv_loopbound
 .text.VL53L1_init_and_start_range
                0x08001f70      0x454 Drivers\BSP\VL53L1X API\api\core\vl53l1_api_core.o
                0x08001f70                VL53L1_init_and_start_range
 .text.VL53L1_stop_range
                0x080023c4       0x74 Drivers\BSP\VL53L1X API\api\core\vl53l1_api_core.o
                0x080023c4                VL53L1_stop_range
 .text.VL53L1_get_measurement_results
                0x08002438      0x14e Drivers\BSP\VL53L1X API\api\core\vl53l1_api_core.o
                0x08002438                VL53L1_get_measurement_results
 .text.VL53L1_get_device_results
                0x08002586       0xfc Drivers\BSP\VL53L1X API\api\core\vl53l1_api_core.o
                0x08002586                VL53L1_get_device_results
 .text.VL53L1_clear_interrupt_and_enable_next_range
                0x08002682       0x34 Drivers\BSP\VL53L1X API\api\core\vl53l1_api_core.o
                0x08002682                VL53L1_clear_interrupt_and_enable_next_range
 *fill*         0x080026b6        0x2 
 .text.VL53L1_copy_sys_and_core_results_to_range_results
                0x080026b8      0x25c Drivers\BSP\VL53L1X API\api\core\vl53l1_api_core.o
                0x080026b8                VL53L1_copy_sys_and_core_results_to_range_results
 .text.VL53L1_get_tuning_parm
                0x08002914      0x448 Drivers\BSP\VL53L1X API\api\core\vl53l1_api_core.o
                0x08002914                VL53L1_get_tuning_parm
 .text.VL53L1_init_refspadchar_config_struct
                0x08002d5c       0x48 Drivers\BSP\VL53L1X API\api\core\vl53l1_api_preset_modes.o
                0x08002d5c                VL53L1_init_refspadchar_config_struct
 .text.VL53L1_init_ssc_config_struct
                0x08002da4       0x42 Drivers\BSP\VL53L1X API\api\core\vl53l1_api_preset_modes.o
                0x08002da4                VL53L1_init_ssc_config_struct
 .text.VL53L1_init_xtalk_config_struct
                0x08002de6       0xc4 Drivers\BSP\VL53L1X API\api\core\vl53l1_api_preset_modes.o
                0x08002de6                VL53L1_init_xtalk_config_struct
 .text.VL53L1_init_offset_cal_config_struct
                0x08002eaa       0x4e Drivers\BSP\VL53L1X API\api\core\vl53l1_api_preset_modes.o
                0x08002eaa                VL53L1_init_offset_cal_config_struct
 .text.VL53L1_init_tuning_parm_storage_struct
                0x08002ef8      0x11c Drivers\BSP\VL53L1X API\api\core\vl53l1_api_preset_modes.o
                0x08002ef8                VL53L1_init_tuning_parm_storage_struct
 .text.VL53L1_preset_mode_standard_ranging
                0x08003014      0x23c Drivers\BSP\VL53L1X API\api\core\vl53l1_api_preset_modes.o
                0x08003014                VL53L1_preset_mode_standard_ranging
 .text.VL53L1_preset_mode_standard_ranging_short_range
                0x08003250       0x82 Drivers\BSP\VL53L1X API\api\core\vl53l1_api_preset_modes.o
                0x08003250                VL53L1_preset_mode_standard_ranging_short_range
 .text.VL53L1_preset_mode_standard_ranging_long_range
                0x080032d2       0x82 Drivers\BSP\VL53L1X API\api\core\vl53l1_api_preset_modes.o
                0x080032d2                VL53L1_preset_mode_standard_ranging_long_range
 .text.VL53L1_preset_mode_standard_ranging_mm1_cal
                0x08003354       0x4a Drivers\BSP\VL53L1X API\api\core\vl53l1_api_preset_modes.o
                0x08003354                VL53L1_preset_mode_standard_ranging_mm1_cal
 .text.VL53L1_preset_mode_standard_ranging_mm2_cal
                0x0800339e       0x4a Drivers\BSP\VL53L1X API\api\core\vl53l1_api_preset_modes.o
                0x0800339e                VL53L1_preset_mode_standard_ranging_mm2_cal
 .text.VL53L1_preset_mode_timed_ranging
                0x080033e8       0x74 Drivers\BSP\VL53L1X API\api\core\vl53l1_api_preset_modes.o
                0x080033e8                VL53L1_preset_mode_timed_ranging
 .text.VL53L1_preset_mode_timed_ranging_short_range
                0x0800345c       0x74 Drivers\BSP\VL53L1X API\api\core\vl53l1_api_preset_modes.o
                0x0800345c                VL53L1_preset_mode_timed_ranging_short_range
 .text.VL53L1_preset_mode_timed_ranging_long_range
                0x080034d0       0x74 Drivers\BSP\VL53L1X API\api\core\vl53l1_api_preset_modes.o
                0x080034d0                VL53L1_preset_mode_timed_ranging_long_range
 .text.VL53L1_preset_mode_low_power_auto_ranging
                0x08003544       0x4c Drivers\BSP\VL53L1X API\api\core\vl53l1_api_preset_modes.o
                0x08003544                VL53L1_preset_mode_low_power_auto_ranging
 .text.VL53L1_preset_mode_low_power_auto_short_ranging
                0x08003590       0x4c Drivers\BSP\VL53L1X API\api\core\vl53l1_api_preset_modes.o
                0x08003590                VL53L1_preset_mode_low_power_auto_short_ranging
 .text.VL53L1_preset_mode_low_power_auto_long_ranging
                0x080035dc       0x4c Drivers\BSP\VL53L1X API\api\core\vl53l1_api_preset_modes.o
                0x080035dc                VL53L1_preset_mode_low_power_auto_long_ranging
 .text.VL53L1_preset_mode_singleshot_ranging
                0x08003628       0x6c Drivers\BSP\VL53L1X API\api\core\vl53l1_api_preset_modes.o
                0x08003628                VL53L1_preset_mode_singleshot_ranging
 .text.VL53L1_preset_mode_olt
                0x08003694       0x44 Drivers\BSP\VL53L1X API\api\core\vl53l1_api_preset_modes.o
                0x08003694                VL53L1_preset_mode_olt
 .text.VL53L1_init_version
                0x080036d8       0x38 Drivers\BSP\VL53L1X API\api\core\vl53l1_core.o
                0x080036d8                VL53L1_init_version
 .text.VL53L1_init_ll_driver_state
                0x08003710       0x52 Drivers\BSP\VL53L1X API\api\core\vl53l1_core.o
                0x08003710                VL53L1_init_ll_driver_state
 *fill*         0x08003762        0x2 
 .text.VL53L1_update_ll_driver_rd_state
                0x08003764      0x110 Drivers\BSP\VL53L1X API\api\core\vl53l1_core.o
                0x08003764                VL53L1_update_ll_driver_rd_state
 .text.VL53L1_check_ll_driver_rd_state
                0x08003874       0x96 Drivers\BSP\VL53L1X API\api\core\vl53l1_core.o
                0x08003874                VL53L1_check_ll_driver_rd_state
 .text.VL53L1_update_ll_driver_cfg_state
                0x0800390a       0xcc Drivers\BSP\VL53L1X API\api\core\vl53l1_core.o
                0x0800390a                VL53L1_update_ll_driver_cfg_state
 .text.VL53L1_copy_rtn_good_spads_to_buffer
                0x080039d6      0x174 Drivers\BSP\VL53L1X API\api\core\vl53l1_core.o
                0x080039d6                VL53L1_copy_rtn_good_spads_to_buffer
 .text.VL53L1_i2c_encode_uint16_t
                0x08003b4a       0x54 Drivers\BSP\VL53L1X API\api\core\vl53l1_core.o
                0x08003b4a                VL53L1_i2c_encode_uint16_t
 .text.VL53L1_i2c_decode_uint16_t
                0x08003b9e       0x40 Drivers\BSP\VL53L1X API\api\core\vl53l1_core.o
                0x08003b9e                VL53L1_i2c_decode_uint16_t
 .text.VL53L1_i2c_encode_int16_t
                0x08003bde       0x56 Drivers\BSP\VL53L1X API\api\core\vl53l1_core.o
                0x08003bde                VL53L1_i2c_encode_int16_t
 .text.VL53L1_i2c_decode_int16_t
                0x08003c34       0x52 Drivers\BSP\VL53L1X API\api\core\vl53l1_core.o
                0x08003c34                VL53L1_i2c_decode_int16_t
 .text.VL53L1_i2c_encode_uint32_t
                0x08003c86       0x52 Drivers\BSP\VL53L1X API\api\core\vl53l1_core.o
                0x08003c86                VL53L1_i2c_encode_uint32_t
 .text.VL53L1_i2c_decode_uint32_t
                0x08003cd8       0x3a Drivers\BSP\VL53L1X API\api\core\vl53l1_core.o
                0x08003cd8                VL53L1_i2c_decode_uint32_t
 .text.VL53L1_i2c_decode_int32_t
                0x08003d12       0x4a Drivers\BSP\VL53L1X API\api\core\vl53l1_core.o
                0x08003d12                VL53L1_i2c_decode_int32_t
 .text.VL53L1_calc_macro_period_us
                0x08003d5c       0x5e Drivers\BSP\VL53L1X API\api\core\vl53l1_core.o
                0x08003d5c                VL53L1_calc_macro_period_us
 *fill*         0x08003dba        0x2 
 .text.VL53L1_calc_range_ignore_threshold
                0x08003dbc       0xc4 Drivers\BSP\VL53L1X API\api\core\vl53l1_core.o
                0x08003dbc                VL53L1_calc_range_ignore_threshold
 .text.VL53L1_calc_timeout_mclks
                0x08003e80       0x2e Drivers\BSP\VL53L1X API\api\core\vl53l1_core.o
                0x08003e80                VL53L1_calc_timeout_mclks
 .text.VL53L1_calc_encoded_timeout
                0x08003eae       0x30 Drivers\BSP\VL53L1X API\api\core\vl53l1_core.o
                0x08003eae                VL53L1_calc_encoded_timeout
 .text.VL53L1_calc_timeout_us
                0x08003ede       0x72 Drivers\BSP\VL53L1X API\api\core\vl53l1_core.o
                0x08003ede                VL53L1_calc_timeout_us
 .text.VL53L1_calc_decoded_timeout_us
                0x08003f50       0x32 Drivers\BSP\VL53L1X API\api\core\vl53l1_core.o
                0x08003f50                VL53L1_calc_decoded_timeout_us
 .text.VL53L1_encode_timeout
                0x08003f82       0x58 Drivers\BSP\VL53L1X API\api\core\vl53l1_core.o
                0x08003f82                VL53L1_encode_timeout
 .text.VL53L1_decode_timeout
                0x08003fda       0x2c Drivers\BSP\VL53L1X API\api\core\vl53l1_core.o
                0x08003fda                VL53L1_decode_timeout
 .text.VL53L1_calc_timeout_register_values
                0x08004006       0xf2 Drivers\BSP\VL53L1X API\api\core\vl53l1_core.o
                0x08004006                VL53L1_calc_timeout_register_values
 .text.VL53L1_encode_row_col
                0x080040f8       0x4e Drivers\BSP\VL53L1X API\api\core\vl53l1_core.o
                0x080040f8                VL53L1_encode_row_col
 .text.VL53L1_decode_zone_size
                0x08004146       0x30 Drivers\BSP\VL53L1X API\api\core\vl53l1_core.o
                0x08004146                VL53L1_decode_zone_size
 .text.VL53L1_encode_zone_size
                0x08004176       0x2c Drivers\BSP\VL53L1X API\api\core\vl53l1_core.o
                0x08004176                VL53L1_encode_zone_size
 .text.VL53L1_low_power_auto_data_init
                0x080041a2       0x68 Drivers\BSP\VL53L1X API\api\core\vl53l1_core.o
                0x080041a2                VL53L1_low_power_auto_data_init
 .text.VL53L1_low_power_auto_data_stop_range
                0x0800420a       0x74 Drivers\BSP\VL53L1X API\api\core\vl53l1_core.o
                0x0800420a                VL53L1_low_power_auto_data_stop_range
 .text.VL53L1_config_low_power_auto_mode
                0x0800427e       0x40 Drivers\BSP\VL53L1X API\api\core\vl53l1_core.o
                0x0800427e                VL53L1_config_low_power_auto_mode
 .text.VL53L1_low_power_auto_setup_manual_calibration
                0x080042be       0x8a Drivers\BSP\VL53L1X API\api\core\vl53l1_core.o
                0x080042be                VL53L1_low_power_auto_setup_manual_calibration
 .text.VL53L1_low_power_auto_update_DSS
                0x08004348       0xee Drivers\BSP\VL53L1X API\api\core\vl53l1_core.o
                0x08004348                VL53L1_low_power_auto_update_DSS
 .text.VL53L1_calc_pll_period_us
                0x08004436       0x28 Drivers\BSP\VL53L1X API\api\core\vl53l1_core_support.o
                0x08004436                VL53L1_calc_pll_period_us
 .text.VL53L1_decode_vcsel_period
                0x0800445e       0x26 Drivers\BSP\VL53L1X API\api\core\vl53l1_core_support.o
                0x0800445e                VL53L1_decode_vcsel_period
 .text.VL53L1_decode_row_col
                0x08004484       0x5e Drivers\BSP\VL53L1X API\api\core\vl53l1_core_support.o
                0x08004484                VL53L1_decode_row_col
 .text.VL53L1_i2c_encode_static_nvm_managed
                0x080044e2       0xb6 Drivers\BSP\VL53L1X API\api\core\vl53l1_register_funcs.o
                0x080044e2                VL53L1_i2c_encode_static_nvm_managed
 .text.VL53L1_i2c_decode_static_nvm_managed
                0x08004598       0xb4 Drivers\BSP\VL53L1X API\api\core\vl53l1_register_funcs.o
                0x08004598                VL53L1_i2c_decode_static_nvm_managed
 .text.VL53L1_get_static_nvm_managed
                0x0800464c       0x4e Drivers\BSP\VL53L1X API\api\core\vl53l1_register_funcs.o
                0x0800464c                VL53L1_get_static_nvm_managed
 .text.VL53L1_i2c_encode_customer_nvm_managed
                0x0800469a      0x114 Drivers\BSP\VL53L1X API\api\core\vl53l1_register_funcs.o
                0x0800469a                VL53L1_i2c_encode_customer_nvm_managed
 .text.VL53L1_i2c_decode_customer_nvm_managed
                0x080047ae      0x11a Drivers\BSP\VL53L1X API\api\core\vl53l1_register_funcs.o
                0x080047ae                VL53L1_i2c_decode_customer_nvm_managed
 .text.VL53L1_get_customer_nvm_managed
                0x080048c8       0x4e Drivers\BSP\VL53L1X API\api\core\vl53l1_register_funcs.o
                0x080048c8                VL53L1_get_customer_nvm_managed
 .text.VL53L1_i2c_encode_static_config
                0x08004916      0x1c6 Drivers\BSP\VL53L1X API\api\core\vl53l1_register_funcs.o
                0x08004916                VL53L1_i2c_encode_static_config
 .text.VL53L1_i2c_encode_general_config
                0x08004adc      0x108 Drivers\BSP\VL53L1X API\api\core\vl53l1_register_funcs.o
                0x08004adc                VL53L1_i2c_encode_general_config
 .text.VL53L1_i2c_encode_timing_config
                0x08004be4      0x104 Drivers\BSP\VL53L1X API\api\core\vl53l1_register_funcs.o
                0x08004be4                VL53L1_i2c_encode_timing_config
 .text.VL53L1_i2c_encode_dynamic_config
                0x08004ce8      0x10a Drivers\BSP\VL53L1X API\api\core\vl53l1_register_funcs.o
                0x08004ce8                VL53L1_i2c_encode_dynamic_config
 .text.VL53L1_i2c_encode_system_control
                0x08004df2       0x76 Drivers\BSP\VL53L1X API\api\core\vl53l1_register_funcs.o
                0x08004df2                VL53L1_i2c_encode_system_control
 .text.VL53L1_set_system_control
                0x08004e68       0x4e Drivers\BSP\VL53L1X API\api\core\vl53l1_register_funcs.o
                0x08004e68                VL53L1_set_system_control
 .text.VL53L1_i2c_decode_system_results
                0x08004eb6      0x1ec Drivers\BSP\VL53L1X API\api\core\vl53l1_register_funcs.o
                0x08004eb6                VL53L1_i2c_decode_system_results
 .text.VL53L1_i2c_decode_core_results
                0x080050a2       0xc2 Drivers\BSP\VL53L1X API\api\core\vl53l1_register_funcs.o
                0x080050a2                VL53L1_i2c_decode_core_results
 .text.VL53L1_i2c_decode_debug_results
                0x08005164      0x2e4 Drivers\BSP\VL53L1X API\api\core\vl53l1_register_funcs.o
                0x08005164                VL53L1_i2c_decode_debug_results
 .text.VL53L1_i2c_decode_nvm_copy_data
                0x08005448      0x24c Drivers\BSP\VL53L1X API\api\core\vl53l1_register_funcs.o
                0x08005448                VL53L1_i2c_decode_nvm_copy_data
 .text.VL53L1_get_nvm_copy_data
                0x08005694       0x56 Drivers\BSP\VL53L1X API\api\core\vl53l1_register_funcs.o
                0x08005694                VL53L1_get_nvm_copy_data
 .text.VL53L1_is_new_data_ready
                0x080056ea       0x72 Drivers\BSP\VL53L1X API\api\core\vl53l1_wait.o
                0x080056ea                VL53L1_is_new_data_ready
 .text.VL53L1_poll_for_boot_completion
                0x0800575c       0x58 Drivers\BSP\VL53L1X API\api\core\vl53l1_wait.o
                0x0800575c                VL53L1_poll_for_boot_completion
 .text._I2CWrite
                0x080057b4       0x42 Drivers\BSP\VL53L1X API\api\platform\vl53l1_platform.o
                0x080057b4                _I2CWrite
 .text._I2CRead
                0x080057f6       0x48 Drivers\BSP\VL53L1X API\api\platform\vl53l1_platform.o
                0x080057f6                _I2CRead
 *fill*         0x0800583e        0x2 
 .text.VL53L1_WriteMulti
                0x08005840       0x6c Drivers\BSP\VL53L1X API\api\platform\vl53l1_platform.o
                0x08005840                VL53L1_WriteMulti
 .text.VL53L1_ReadMulti
                0x080058ac       0x68 Drivers\BSP\VL53L1X API\api\platform\vl53l1_platform.o
                0x080058ac                VL53L1_ReadMulti
 .text.VL53L1_WrByte
                0x08005914       0x54 Drivers\BSP\VL53L1X API\api\platform\vl53l1_platform.o
                0x08005914                VL53L1_WrByte
 .text.VL53L1_RdByte
                0x08005968       0x64 Drivers\BSP\VL53L1X API\api\platform\vl53l1_platform.o
                0x08005968                VL53L1_RdByte
 .text.VL53L1_RdWord
                0x080059cc       0x80 Drivers\BSP\VL53L1X API\api\platform\vl53l1_platform.o
                0x080059cc                VL53L1_RdWord
 .text.VL53L1_GetTickCount
                0x08005a4c       0x22 Drivers\BSP\VL53L1X API\api\platform\vl53l1_platform.o
                0x08005a4c                VL53L1_GetTickCount
 .text.VL53L1_WaitMs
                0x08005a6e       0x1c Drivers\BSP\VL53L1X API\api\platform\vl53l1_platform.o
                0x08005a6e                VL53L1_WaitMs
 *fill*         0x08005a8a        0x2 
 .text.VL53L1_WaitUs
                0x08005a8c       0x2c Drivers\BSP\VL53L1X API\api\platform\vl53l1_platform.o
                0x08005a8c                VL53L1_WaitUs
 .text.VL53L1_WaitValueMaskEx
                0x08005ab8      0x128 Drivers\BSP\VL53L1X API\api\platform\vl53l1_platform.o
                0x08005ab8                VL53L1_WaitValueMaskEx
 .text.HAL_Init
                0x08005be0       0x44 Drivers\STM32F4xx_HAL_Driver\Src\stm32f4xx_hal.o
                0x08005be0                HAL_Init
 .text.HAL_IncTick
                0x08005c24       0x28 Drivers\STM32F4xx_HAL_Driver\Src\stm32f4xx_hal.o
                0x08005c24                HAL_IncTick
 .text.HAL_GetTick
                0x08005c4c       0x18 Drivers\STM32F4xx_HAL_Driver\Src\stm32f4xx_hal.o
                0x08005c4c                HAL_GetTick
 .text.HAL_Delay
                0x08005c64       0x44 Drivers\STM32F4xx_HAL_Driver\Src\stm32f4xx_hal.o
                0x08005c64                HAL_Delay
 .text.NVIC_SetPriorityGrouping
                0x08005ca8       0x48 Drivers\STM32F4xx_HAL_Driver\Src\stm32f4xx_hal_cortex.o
 .text.NVIC_GetPriorityGrouping
                0x08005cf0       0x1c Drivers\STM32F4xx_HAL_Driver\Src\stm32f4xx_hal_cortex.o
 .text.NVIC_EnableIRQ
                0x08005d0c       0x34 Drivers\STM32F4xx_HAL_Driver\Src\stm32f4xx_hal_cortex.o
 .text.NVIC_SetPriority
                0x08005d40       0x54 Drivers\STM32F4xx_HAL_Driver\Src\stm32f4xx_hal_cortex.o
 .text.NVIC_EncodePriority
                0x08005d94       0x62 Drivers\STM32F4xx_HAL_Driver\Src\stm32f4xx_hal_cortex.o
 *fill*         0x08005df6        0x2 
 .text.SysTick_Config
                0x08005df8       0x44 Drivers\STM32F4xx_HAL_Driver\Src\stm32f4xx_hal_cortex.o
 .text.HAL_NVIC_SetPriorityGrouping
                0x08005e3c       0x16 Drivers\STM32F4xx_HAL_Driver\Src\stm32f4xx_hal_cortex.o
                0x08005e3c                HAL_NVIC_SetPriorityGrouping
 .text.HAL_NVIC_SetPriority
                0x08005e52       0x38 Drivers\STM32F4xx_HAL_Driver\Src\stm32f4xx_hal_cortex.o
                0x08005e52                HAL_NVIC_SetPriority
 .text.HAL_NVIC_EnableIRQ
                0x08005e8a       0x1c Drivers\STM32F4xx_HAL_Driver\Src\stm32f4xx_hal_cortex.o
                0x08005e8a                HAL_NVIC_EnableIRQ
 .text.HAL_SYSTICK_Config
                0x08005ea6       0x18 Drivers\STM32F4xx_HAL_Driver\Src\stm32f4xx_hal_cortex.o
                0x08005ea6                HAL_SYSTICK_Config
 *fill*         0x08005ebe        0x2 
 .text.HAL_SYSTICK_CLKSourceConfig
                0x08005ec0       0x38 Drivers\STM32F4xx_HAL_Driver\Src\stm32f4xx_hal_cortex.o
                0x08005ec0                HAL_SYSTICK_CLKSourceConfig
 .text.HAL_SYSTICK_IRQHandler
                0x08005ef8        0xc Drivers\STM32F4xx_HAL_Driver\Src\stm32f4xx_hal_cortex.o
                0x08005ef8                HAL_SYSTICK_IRQHandler
 .text.HAL_SYSTICK_Callback
                0x08005f04        0xe Drivers\STM32F4xx_HAL_Driver\Src\stm32f4xx_hal_cortex.o
                0x08005f04                HAL_SYSTICK_Callback
 *fill*         0x08005f12        0x2 
 .text.HAL_GPIO_Init
                0x08005f14      0x304 Drivers\STM32F4xx_HAL_Driver\Src\stm32f4xx_hal_gpio.o
                0x08005f14                HAL_GPIO_Init
 .text.HAL_GPIO_ReadPin
                0x08006218       0x30 Drivers\STM32F4xx_HAL_Driver\Src\stm32f4xx_hal_gpio.o
                0x08006218                HAL_GPIO_ReadPin
 .text.HAL_GPIO_WritePin
                0x08006248       0x32 Drivers\STM32F4xx_HAL_Driver\Src\stm32f4xx_hal_gpio.o
                0x08006248                HAL_GPIO_WritePin
 *fill*         0x0800627a        0x2 
 .text.HAL_GPIO_EXTI_IRQHandler
                0x0800627c       0x30 Drivers\STM32F4xx_HAL_Driver\Src\stm32f4xx_hal_gpio.o
                0x0800627c                HAL_GPIO_EXTI_IRQHandler
 .text.HAL_GPIO_EXTI_Callback
                0x080062ac       0x16 Drivers\STM32F4xx_HAL_Driver\Src\stm32f4xx_hal_gpio.o
                0x080062ac                HAL_GPIO_EXTI_Callback
 *fill*         0x080062c2        0x2 
 .text.HAL_I2C_Init
                0x080062c4      0x1c0 Drivers\STM32F4xx_HAL_Driver\Src\stm32f4xx_hal_i2c.o
                0x080062c4                HAL_I2C_Init
 .text.HAL_I2C_Master_Transmit
                0x08006484      0x21c Drivers\STM32F4xx_HAL_Driver\Src\stm32f4xx_hal_i2c.o
                0x08006484                HAL_I2C_Master_Transmit
 .text.HAL_I2C_Master_Receive
                0x080066a0      0x464 Drivers\STM32F4xx_HAL_Driver\Src\stm32f4xx_hal_i2c.o
                0x080066a0                HAL_I2C_Master_Receive
 .text.I2C_MasterRequestWrite
                0x08006b04      0x104 Drivers\STM32F4xx_HAL_Driver\Src\stm32f4xx_hal_i2c.o
 .text.I2C_MasterRequestRead
                0x08006c08      0x190 Drivers\STM32F4xx_HAL_Driver\Src\stm32f4xx_hal_i2c.o
 .text.I2C_WaitOnFlagUntilTimeout
                0x08006d98       0xa2 Drivers\STM32F4xx_HAL_Driver\Src\stm32f4xx_hal_i2c.o
 .text.I2C_WaitOnMasterAddressFlagUntilTimeout
                0x08006e3a       0xdc Drivers\STM32F4xx_HAL_Driver\Src\stm32f4xx_hal_i2c.o
 .text.I2C_WaitOnTXEFlagUntilTimeout
                0x08006f16       0x7a Drivers\STM32F4xx_HAL_Driver\Src\stm32f4xx_hal_i2c.o
 .text.I2C_WaitOnBTFFlagUntilTimeout
                0x08006f90       0x7a Drivers\STM32F4xx_HAL_Driver\Src\stm32f4xx_hal_i2c.o
 .text.I2C_WaitOnRXNEFlagUntilTimeout
                0x0800700a       0x94 Drivers\STM32F4xx_HAL_Driver\Src\stm32f4xx_hal_i2c.o
 .text.I2C_IsAcknowledgeFailed
                0x0800709e       0x50 Drivers\STM32F4xx_HAL_Driver\Src\stm32f4xx_hal_i2c.o
 *fill*         0x080070ee        0x2 
 .text.HAL_RCC_OscConfig
                0x080070f0      0x484 Drivers\STM32F4xx_HAL_Driver\Src\stm32f4xx_hal_rcc.o
                0x080070f0                HAL_RCC_OscConfig
 .text.HAL_RCC_ClockConfig
                0x08007574      0x1c4 Drivers\STM32F4xx_HAL_Driver\Src\stm32f4xx_hal_rcc.o
                0x08007574                HAL_RCC_ClockConfig
 .text.HAL_RCC_GetSysClockFreq
                0x08007738      0x1b0 Drivers\STM32F4xx_HAL_Driver\Src\stm32f4xx_hal_rcc.o
                0x08007738                HAL_RCC_GetSysClockFreq
 .text.HAL_RCC_GetHCLKFreq
                0x080078e8       0x18 Drivers\STM32F4xx_HAL_Driver\Src\stm32f4xx_hal_rcc.o
                0x080078e8                HAL_RCC_GetHCLKFreq
 .text.HAL_RCC_GetPCLK1Freq
                0x08007900       0x28 Drivers\STM32F4xx_HAL_Driver\Src\stm32f4xx_hal_rcc.o
                0x08007900                HAL_RCC_GetPCLK1Freq
 .text.HAL_RCC_GetPCLK2Freq
                0x08007928       0x28 Drivers\STM32F4xx_HAL_Driver\Src\stm32f4xx_hal_rcc.o
                0x08007928                HAL_RCC_GetPCLK2Freq
 .text.HAL_RCC_GetClockConfig
                0x08007950       0x64 Drivers\STM32F4xx_HAL_Driver\Src\stm32f4xx_hal_rcc.o
                0x08007950                HAL_RCC_GetClockConfig
 .text.HAL_SPI_Init
                0x080079b4       0xc6 Drivers\STM32F4xx_HAL_Driver\Src\stm32f4xx_hal_spi.o
                0x080079b4                HAL_SPI_Init
 .text.HAL_SPI_Transmit
                0x08007a7a      0x276 Drivers\STM32F4xx_HAL_Driver\Src\stm32f4xx_hal_spi.o
                0x08007a7a                HAL_SPI_Transmit
 .text.SPI_WaitFlagStateUntilTimeout
                0x08007cf0       0xd2 Drivers\STM32F4xx_HAL_Driver\Src\stm32f4xx_hal_spi.o
 .text.SPI_CheckFlag_BSY
                0x08007dc2       0x3c Drivers\STM32F4xx_HAL_Driver\Src\stm32f4xx_hal_spi.o
 .text.HAL_TIM_Base_Init
                0x08007dfe       0x56 Drivers\STM32F4xx_HAL_Driver\Src\stm32f4xx_hal_tim.o
                0x08007dfe                HAL_TIM_Base_Init
 .text.HAL_TIM_Base_MspInit
                0x08007e54       0x14 Drivers\STM32F4xx_HAL_Driver\Src\stm32f4xx_hal_tim.o
                0x08007e54                HAL_TIM_Base_MspInit
 .text.HAL_TIM_Base_Start_IT
                0x08007e68       0x36 Drivers\STM32F4xx_HAL_Driver\Src\stm32f4xx_hal_tim.o
                0x08007e68                HAL_TIM_Base_Start_IT
 .text.HAL_TIM_IRQHandler
                0x08007e9e      0x210 Drivers\STM32F4xx_HAL_Driver\Src\stm32f4xx_hal_tim.o
                0x08007e9e                HAL_TIM_IRQHandler
 .text.HAL_TIM_OC_DelayElapsedCallback
                0x080080ae       0x14 Drivers\STM32F4xx_HAL_Driver\Src\stm32f4xx_hal_tim.o
                0x080080ae                HAL_TIM_OC_DelayElapsedCallback
 .text.HAL_TIM_IC_CaptureCallback
                0x080080c2       0x14 Drivers\STM32F4xx_HAL_Driver\Src\stm32f4xx_hal_tim.o
                0x080080c2                HAL_TIM_IC_CaptureCallback
 .text.HAL_TIM_PWM_PulseFinishedCallback
                0x080080d6       0x14 Drivers\STM32F4xx_HAL_Driver\Src\stm32f4xx_hal_tim.o
                0x080080d6                HAL_TIM_PWM_PulseFinishedCallback
 .text.HAL_TIM_TriggerCallback
                0x080080ea       0x14 Drivers\STM32F4xx_HAL_Driver\Src\stm32f4xx_hal_tim.o
                0x080080ea                HAL_TIM_TriggerCallback
 *fill*         0x080080fe        0x2 
 .text.TIM_Base_SetConfig
                0x08008100      0x108 Drivers\STM32F4xx_HAL_Driver\Src\stm32f4xx_hal_tim.o
                0x08008100                TIM_Base_SetConfig
 .text.HAL_TIMEx_CommutationCallback
                0x08008208       0x14 Drivers\STM32F4xx_HAL_Driver\Src\stm32f4xx_hal_tim_ex.o
                0x08008208                HAL_TIMEx_CommutationCallback
 .text.HAL_TIMEx_BreakCallback
                0x0800821c       0x14 Drivers\STM32F4xx_HAL_Driver\Src\stm32f4xx_hal_tim_ex.o
                0x0800821c                HAL_TIMEx_BreakCallback
 .text.HAL_UART_Init
                0x08008230       0x9a Drivers\STM32F4xx_HAL_Driver\Src\stm32f4xx_hal_uart.o
                0x08008230                HAL_UART_Init
 .text.HAL_UART_Transmit
                0x080082ca      0x130 Drivers\STM32F4xx_HAL_Driver\Src\stm32f4xx_hal_uart.o
                0x080082ca                HAL_UART_Transmit
 .text.UART_WaitOnFlagUntilTimeout
                0x080083fa       0x94 Drivers\STM32F4xx_HAL_Driver\Src\stm32f4xx_hal_uart.o
 *fill*         0x0800848e        0x2 
 .text.UART_SetConfig
                0x08008490      0x438 Drivers\STM32F4xx_HAL_Driver\Src\stm32f4xx_hal_uart.o
 .text.main     0x080088c8      0x740 Src\main.o
                0x080088c8                main
 .text.SystemClock_Config
                0x08009008       0xf4 Src\main.o
                0x08009008                SystemClock_Config
 .text.MX_I2C1_Init
                0x080090fc       0x68 Src\main.o
 .text.MX_SPI1_Init
                0x08009164       0x78 Src\main.o
 .text.MX_USART2_UART_Init
                0x080091dc       0x5c Src\main.o
 .text.MX_GPIO_Init
                0x08009238      0x18c Src\main.o
 .text.HAL_TIM_PeriodElapsedCallback
                0x080093c4       0x24 Src\main.o
                0x080093c4                HAL_TIM_PeriodElapsedCallback
 .text._Error_Handler
                0x080093e8        0xc Src\main.o
                0x080093e8                _Error_Handler
 .text.HAL_MspInit
                0x080093f4       0xa4 Src\stm32f4xx_hal_msp.o
                0x080093f4                HAL_MspInit
 .text.HAL_I2C_MspInit
                0x08009498       0x64 Src\stm32f4xx_hal_msp.o
                0x08009498                HAL_I2C_MspInit
 .text.HAL_SPI_MspInit
                0x080094fc       0x88 Src\stm32f4xx_hal_msp.o
                0x080094fc                HAL_SPI_MspInit
 .text.HAL_UART_MspInit
                0x08009584       0x64 Src\stm32f4xx_hal_msp.o
                0x08009584                HAL_UART_MspInit
 .text.HAL_InitTick
                0x080095e8       0xb4 Src\stm32f4xx_hal_timebase_TIM.o
                0x080095e8                HAL_InitTick
 .text.SysTick_Handler
                0x0800969c        0xc Src\stm32f4xx_it.o
                0x0800969c                SysTick_Handler
 .text.EXTI0_IRQHandler
                0x080096a8       0x12 Src\stm32f4xx_it.o
                0x080096a8                EXTI0_IRQHandler
 .text.EXTI2_IRQHandler
                0x080096ba       0x12 Src\stm32f4xx_it.o
                0x080096ba                EXTI2_IRQHandler
 .text.EXTI3_IRQHandler
                0x080096cc       0x12 Src\stm32f4xx_it.o
                0x080096cc                EXTI3_IRQHandler
 .text.EXTI4_IRQHandler
                0x080096de       0x12 Src\stm32f4xx_it.o
                0x080096de                EXTI4_IRQHandler
 .text.TIM4_IRQHandler
                0x080096f0       0x14 Src\stm32f4xx_it.o
                0x080096f0                TIM4_IRQHandler
 .text.PIDController
                0x08009704      0x140 Src\sumobot_functions.o
                0x08009704                PIDController
 .text.tmc5160_writeInt
                0x08009844       0x26 Src\sumobot_functions.o
                0x08009844                tmc5160_writeInt
 *fill*         0x0800986a        0x2 
 .text.tmc40bit_writeInt
                0x0800986c       0x6c Src\sumobot_functions.o
                0x0800986c                tmc40bit_writeInt
 .text.tmc5160_initialise_motor
                0x080098d8       0xfc Src\sumobot_functions.o
                0x080098d8                tmc5160_initialise_motor
 .text.SetupVL53L1XDevices
                0x080099d4       0xd4 Src\sumobot_functions.o
                0x080099d4                SetupVL53L1XDevices
 .text.updateEdgeState
                0x08009aa8       0xfc Src\sumobot_functions.o
                0x08009aa8                updateEdgeState
 .text.SystemInit
                0x08009ba4       0x6c Src\system_stm32f4xx.o
                0x08009ba4                SystemInit
 .text.Reset_Handler
                0x08009c10       0x50 startup\startup_stm32f401xe.o
                0x08009c10                Reset_Handler
 .text.Default_Handler
                0x08009c60        0x2 startup\startup_stm32f401xe.o
                0x08009c60                RTC_Alarm_IRQHandler
                0x08009c60                DebugMon_Handler
                0x08009c60                SPI4_IRQHandler
                0x08009c60                TIM1_CC_IRQHandler
                0x08009c60                DMA2_Stream5_IRQHandler
                0x08009c60                HardFault_Handler
                0x08009c60                DMA1_Stream5_IRQHandler
                0x08009c60                PVD_IRQHandler
                0x08009c60                SDIO_IRQHandler
                0x08009c60                TAMP_STAMP_IRQHandler
                0x08009c60                PendSV_Handler
                0x08009c60                NMI_Handler
                0x08009c60                TIM1_UP_TIM10_IRQHandler
                0x08009c60                I2C3_ER_IRQHandler
                0x08009c60                I2C2_EV_IRQHandler
                0x08009c60                DMA1_Stream2_IRQHandler
                0x08009c60                FPU_IRQHandler
                0x08009c60                UsageFault_Handler
                0x08009c60                DMA2_Stream2_IRQHandler
                0x08009c60                SPI1_IRQHandler
                0x08009c60                TIM1_BRK_TIM9_IRQHandler
                0x08009c60                DMA2_Stream3_IRQHandler
                0x08009c60                USART6_IRQHandler
                0x08009c60                DMA2_Stream0_IRQHandler
                0x08009c60                I2C1_EV_IRQHandler
                0x08009c60                DMA1_Stream6_IRQHandler
                0x08009c60                DMA1_Stream1_IRQHandler
                0x08009c60                TIM3_IRQHandler
                0x08009c60                RCC_IRQHandler
                0x08009c60                Default_Handler
                0x08009c60                EXTI15_10_IRQHandler
                0x08009c60                ADC_IRQHandler
                0x08009c60                DMA1_Stream7_IRQHandler
                0x08009c60                TIM5_IRQHandler
                0x08009c60                DMA2_Stream7_IRQHandler
                0x08009c60                I2C3_EV_IRQHandler
                0x08009c60                EXTI9_5_IRQHandler
                0x08009c60                RTC_WKUP_IRQHandler
                0x08009c60                SPI2_IRQHandler
                0x08009c60                MemManage_Handler
                0x08009c60                DMA1_Stream0_IRQHandler
                0x08009c60                SVC_Handler
                0x08009c60                WWDG_IRQHandler
                0x08009c60                TIM2_IRQHandler
                0x08009c60                OTG_FS_WKUP_IRQHandler
                0x08009c60                TIM1_TRG_COM_TIM11_IRQHandler
                0x08009c60                EXTI1_IRQHandler
                0x08009c60                USART2_IRQHandler
                0x08009c60                I2C2_ER_IRQHandler
                0x08009c60                DMA2_Stream1_IRQHandler
                0x08009c60                FLASH_IRQHandler
                0x08009c60                DMA2_Stream4_IRQHandler
                0x08009c60                BusFault_Handler
                0x08009c60                USART1_IRQHandler
                0x08009c60                OTG_FS_IRQHandler
                0x08009c60                SPI3_IRQHandler
                0x08009c60                DMA1_Stream4_IRQHandler
                0x08009c60                I2C1_ER_IRQHandler
                0x08009c60                DMA2_Stream6_IRQHandler
                0x08009c60                DMA1_Stream3_IRQHandler
 *fill*         0x08009c62        0x2 
 .text.__libc_init_array
                0x08009c64       0x48 c:/program files (x86)/atollic/truestudio for stm32 9.0.1/armtools/bin/../lib/gcc/arm-atollic-eabi/6.3.1/../../../../arm-atollic-eabi/lib/armv7e-m/fpu\libc_nano.a(lib_a-init.o)
                0x08009c64                __libc_init_array
 .text.memcpy   0x08009cac       0x16 c:/program files (x86)/atollic/truestudio for stm32 9.0.1/armtools/bin/../lib/gcc/arm-atollic-eabi/6.3.1/../../../../arm-atollic-eabi/lib/armv7e-m/fpu\libc_nano.a(lib_a-memcpy-stub.o)
                0x08009cac                memcpy
 .text.memset   0x08009cc2       0x10 c:/program files (x86)/atollic/truestudio for stm32 9.0.1/armtools/bin/../lib/gcc/arm-atollic-eabi/6.3.1/../../../../arm-atollic-eabi/lib/armv7e-m/fpu\libc_nano.a(lib_a-memset.o)
                0x08009cc2                memset
 *fill*         0x08009cd2        0x2 
 .text.sprintf  0x08009cd4       0x48 c:/program files (x86)/atollic/truestudio for stm32 9.0.1/armtools/bin/../lib/gcc/arm-atollic-eabi/6.3.1/../../../../arm-atollic-eabi/lib/armv7e-m/fpu\libc_nano.a(lib_a-sprintf.o)
                0x08009cd4                siprintf
                0x08009cd4                sprintf
 .text.strncpy  0x08009d1c       0x2a c:/program files (x86)/atollic/truestudio for stm32 9.0.1/armtools/bin/../lib/gcc/arm-atollic-eabi/6.3.1/../../../../arm-atollic-eabi/lib/armv7e-m/fpu\libc_nano.a(lib_a-strncpy.o)
                0x08009d1c                strncpy
 .text.__ssputs_r
                0x08009d46       0xb6 c:/program files (x86)/atollic/truestudio for stm32 9.0.1/armtools/bin/../lib/gcc/arm-atollic-eabi/6.3.1/../../../../arm-atollic-eabi/lib/armv7e-m/fpu\libc_nano.a(lib_a-nano-svfprintf.o)
                0x08009d46                __ssputs_r
 .text._svfprintf_r
                0x08009dfc      0x1e8 c:/program files (x86)/atollic/truestudio for stm32 9.0.1/armtools/bin/../lib/gcc/arm-atollic-eabi/6.3.1/../../../../arm-atollic-eabi/lib/armv7e-m/fpu\libc_nano.a(lib_a-nano-svfprintf.o)
                0x08009dfc                _svfiprintf_r
                0x08009dfc                _svfprintf_r
 .text._printf_common
                0x08009fe4       0xec c:/program files (x86)/atollic/truestudio for stm32 9.0.1/armtools/bin/../lib/gcc/arm-atollic-eabi/6.3.1/../../../../arm-atollic-eabi/lib/armv7e-m/fpu\libc_nano.a(lib_a-nano-vfprintf_i.o)
                0x08009fe4                _printf_common
 .text._printf_i
                0x0800a0d0      0x240 c:/program files (x86)/atollic/truestudio for stm32 9.0.1/armtools/bin/../lib/gcc/arm-atollic-eabi/6.3.1/../../../../arm-atollic-eabi/lib/armv7e-m/fpu\libc_nano.a(lib_a-nano-vfprintf_i.o)
                0x0800a0d0                _printf_i
 .text.memmove  0x0800a310       0x34 c:/program files (x86)/atollic/truestudio for stm32 9.0.1/armtools/bin/../lib/gcc/arm-atollic-eabi/6.3.1/../../../../arm-atollic-eabi/lib/armv7e-m/fpu\libc_nano.a(lib_a-memmove.o)
                0x0800a310                memmove
 .text._free_r  0x0800a344       0x9c c:/program files (x86)/atollic/truestudio for stm32 9.0.1/armtools/bin/../lib/gcc/arm-atollic-eabi/6.3.1/../../../../arm-atollic-eabi/lib/armv7e-m/fpu\libc_nano.a(lib_a-nano-freer.o)
                0x0800a344                _free_r
 .text._malloc_r
                0x0800a3e0       0xbc c:/program files (x86)/atollic/truestudio for stm32 9.0.1/armtools/bin/../lib/gcc/arm-atollic-eabi/6.3.1/../../../../arm-atollic-eabi/lib/armv7e-m/fpu\libc_nano.a(lib_a-nano-mallocr.o)
                0x0800a3e0                _malloc_r
 .text._realloc_r
                0x0800a49c       0x4c c:/program files (x86)/atollic/truestudio for stm32 9.0.1/armtools/bin/../lib/gcc/arm-atollic-eabi/6.3.1/../../../../arm-atollic-eabi/lib/armv7e-m/fpu\libc_nano.a(lib_a-nano-reallocr.o)
                0x0800a49c                _realloc_r
 .text._sbrk_r  0x0800a4e8       0x20 c:/program files (x86)/atollic/truestudio for stm32 9.0.1/armtools/bin/../lib/gcc/arm-atollic-eabi/6.3.1/../../../../arm-atollic-eabi/lib/armv7e-m/fpu\libc_nano.a(lib_a-sbrkr.o)
                0x0800a4e8                _sbrk_r
 .text.__malloc_lock
                0x0800a508        0x2 c:/program files (x86)/atollic/truestudio for stm32 9.0.1/armtools/bin/../lib/gcc/arm-atollic-eabi/6.3.1/../../../../arm-atollic-eabi/lib/armv7e-m/fpu\libc_nano.a(lib_a-mlock.o)
                0x0800a508                __malloc_lock
 .text.__malloc_unlock
                0x0800a50a        0x2 c:/program files (x86)/atollic/truestudio for stm32 9.0.1/armtools/bin/../lib/gcc/arm-atollic-eabi/6.3.1/../../../../arm-atollic-eabi/lib/armv7e-m/fpu\libc_nano.a(lib_a-mlock.o)
                0x0800a50a                __malloc_unlock
 .text._malloc_usable_size_r
                0x0800a50c       0x12 c:/program files (x86)/atollic/truestudio for stm32 9.0.1/armtools/bin/../lib/gcc/arm-atollic-eabi/6.3.1/../../../../arm-atollic-eabi/lib/armv7e-m/fpu\libc_nano.a(lib_a-nano-msizer.o)
                0x0800a50c                _malloc_usable_size_r
 *fill*         0x0800a51e        0x2 
 .text._sbrk    0x0800a520       0x1c c:/program files (x86)/atollic/truestudio for stm32 9.0.1/armtools/bin/../lib/gcc/arm-atollic-eabi/6.3.1/../../../../arm-atollic-eabi/lib/armv7e-m/fpu\libnosys.a(sbrk.o)
                0x0800a520                _sbrk
 *(.glue_7)
 .glue_7        0x0800a53c        0x0 linker stubs
 *(.glue_7t)
 .glue_7t       0x0800a53c        0x0 linker stubs
 *(.eh_frame)
 .eh_frame      0x0800a53c        0x0 c:/program files (x86)/atollic/truestudio for stm32 9.0.1/armtools/bin/../lib/gcc/arm-atollic-eabi/6.3.1/armv7e-m/fpu/crtbegin.o
 *(.init)
 .init          0x0800a53c        0x4 c:/program files (x86)/atollic/truestudio for stm32 9.0.1/armtools/bin/../lib/gcc/arm-atollic-eabi/6.3.1/armv7e-m/fpu/crti.o
                0x0800a53c                _init
 .init          0x0800a540        0x8 c:/program files (x86)/atollic/truestudio for stm32 9.0.1/armtools/bin/../lib/gcc/arm-atollic-eabi/6.3.1/armv7e-m/fpu/crtn.o
 *(.fini)
 .fini          0x0800a548        0x4 c:/program files (x86)/atollic/truestudio for stm32 9.0.1/armtools/bin/../lib/gcc/arm-atollic-eabi/6.3.1/armv7e-m/fpu/crti.o
                0x0800a548                _fini
 .fini          0x0800a54c        0x8 c:/program files (x86)/atollic/truestudio for stm32 9.0.1/armtools/bin/../lib/gcc/arm-atollic-eabi/6.3.1/armv7e-m/fpu/crtn.o
                0x0800a554                . = ALIGN (0x4)
                0x0800a554                _etext = .

.vfp11_veneer   0x0800a554        0x0
 .vfp11_veneer  0x0800a554        0x0 linker stubs

.v4_bx          0x0800a554        0x0
 .v4_bx         0x0800a554        0x0 linker stubs

.iplt           0x0800a554        0x0
 .iplt          0x0800a554        0x0 c:/program files (x86)/atollic/truestudio for stm32 9.0.1/armtools/bin/../lib/gcc/arm-atollic-eabi/6.3.1/armv7e-m/fpu/crtbegin.o

.rodata         0x0800a554       0xdc
                0x0800a554                . = ALIGN (0x4)
 *(.rodata)
 .rodata        0x0800a554       0x3a Drivers\BSP\VL53L1X API\api\core\vl53l1_api.o
 *fill*         0x0800a58e        0x2 
 .rodata        0x0800a590        0x1 Drivers\BSP\VL53L1X API\api\platform\vl53l1_platform.o
 *fill*         0x0800a591        0x3 
 .rodata        0x0800a594       0x4e Src\main.o
 *(.rodata*)
 *fill*         0x0800a5e2        0x2 
 .rodata.AHBPrescTable
                0x0800a5e4       0x10 Src\system_stm32f4xx.o
                0x0800a5e4                AHBPrescTable
 .rodata.APBPrescTable
                0x0800a5f4        0x8 Src\system_stm32f4xx.o
                0x0800a5f4                APBPrescTable
 .rodata._svfprintf_r.str1.1
                0x0800a5fc       0x11 c:/program files (x86)/atollic/truestudio for stm32 9.0.1/armtools/bin/../lib/gcc/arm-atollic-eabi/6.3.1/../../../../arm-atollic-eabi/lib/armv7e-m/fpu\libc_nano.a(lib_a-nano-svfprintf.o)
 .rodata._printf_i.str1.1
                0x0800a60d       0x22 c:/program files (x86)/atollic/truestudio for stm32 9.0.1/armtools/bin/../lib/gcc/arm-atollic-eabi/6.3.1/../../../../arm-atollic-eabi/lib/armv7e-m/fpu\libc_nano.a(lib_a-nano-vfprintf_i.o)
                0x0800a630                . = ALIGN (0x4)
 *fill*         0x0800a62f        0x1 

.ARM.extab
 *(.ARM.extab* .gnu.linkonce.armextab.*)

.ARM            0x0800a630        0x8
                0x0800a630                __exidx_start = .
 *(.ARM.exidx*)
 .ARM.exidx     0x0800a630        0x8 c:/program files (x86)/atollic/truestudio for stm32 9.0.1/armtools/bin/../lib/gcc/arm-atollic-eabi/6.3.1/armv7e-m/fpu\libgcc.a(_udivmoddi4.o)
                0x0800a638                __exidx_end = .

.rel.dyn        0x0800a638        0x0
 .rel.iplt      0x0800a638        0x0 c:/program files (x86)/atollic/truestudio for stm32 9.0.1/armtools/bin/../lib/gcc/arm-atollic-eabi/6.3.1/armv7e-m/fpu/crtbegin.o

.preinit_array  0x0800a638        0x0
                0x0800a638                PROVIDE (__preinit_array_start, .)
 *(.preinit_array*)
                0x0800a638                PROVIDE (__preinit_array_end, .)

.init_array     0x0800a638        0x4
                0x0800a638                PROVIDE (__init_array_start, .)
 *(SORT(.init_array.*))
 *(.init_array*)
 .init_array    0x0800a638        0x4 c:/program files (x86)/atollic/truestudio for stm32 9.0.1/armtools/bin/../lib/gcc/arm-atollic-eabi/6.3.1/armv7e-m/fpu/crtbegin.o
                0x0800a63c                PROVIDE (__init_array_end, .)

.fini_array     0x0800a63c        0x4
                [!provide]                PROVIDE (__fini_array_start, .)
 *(SORT(.fini_array.*))
 *(.fini_array*)
 .fini_array    0x0800a63c        0x4 c:/program files (x86)/atollic/truestudio for stm32 9.0.1/armtools/bin/../lib/gcc/arm-atollic-eabi/6.3.1/armv7e-m/fpu/crtbegin.o
                [!provide]                PROVIDE (__fini_array_end, .)
                0x0800a640                _sidata = LOADADDR (.data)

.data           0x20000000       0xa4 load address 0x0800a640
                0x20000000                . = ALIGN (0x4)
                0x20000000                _sdata = .
 *(.data)
 *(.data*)
 .data.BDTable  0x20000000       0x20 Drivers\BSP\VL53L1X API\api\core\vl53l1_api.o
 .data.uwTickFreq
                0x20000020        0x1 Drivers\STM32F4xx_HAL_Driver\Src\stm32f4xx_hal.o
                0x20000020                uwTickFreq
 *fill*         0x20000021        0x3 
 .data.LASER_FRONT_LEFT_DEV
                0x20000024        0x4 Src\main.o
                0x20000024                LASER_FRONT_LEFT_DEV
 .data.LASER_FRONT_RIGHT_DEV
                0x20000028        0x4 Src\main.o
                0x20000028                LASER_FRONT_RIGHT_DEV
 .data.LASER_REAR_LEFT_DEV
                0x2000002c        0x4 Src\main.o
                0x2000002c                LASER_REAR_LEFT_DEV
 .data.LASER_REAR_RIGHT_DEV
                0x20000030        0x4 Src\main.o
                0x20000030                LASER_REAR_RIGHT_DEV
 .data.hFrontPID
                0x20000034        0x4 Src\main.o
                0x20000034                hFrontPID
 .data.hRearPID
                0x20000038        0x4 Src\main.o
                0x20000038                hRearPID
 .data.SystemCoreClock
                0x2000003c        0x4 Src\system_stm32f4xx.o
                0x2000003c                SystemCoreClock
 .data._impure_ptr
                0x20000040        0x4 c:/program files (x86)/atollic/truestudio for stm32 9.0.1/armtools/bin/../lib/gcc/arm-atollic-eabi/6.3.1/../../../../arm-atollic-eabi/lib/armv7e-m/fpu\libc_nano.a(lib_a-impure.o)
                0x20000040                _impure_ptr
 .data.impure_data
                0x20000044       0x60 c:/program files (x86)/atollic/truestudio for stm32 9.0.1/armtools/bin/../lib/gcc/arm-atollic-eabi/6.3.1/../../../../arm-atollic-eabi/lib/armv7e-m/fpu\libc_nano.a(lib_a-impure.o)
                0x200000a4                . = ALIGN (0x4)
                0x200000a4                _edata = .

.igot.plt       0x200000a4        0x0 load address 0x0800a6e4
 .igot.plt      0x200000a4        0x0 c:/program files (x86)/atollic/truestudio for stm32 9.0.1/armtools/bin/../lib/gcc/arm-atollic-eabi/6.3.1/armv7e-m/fpu/crtbegin.o
                0x200000a4                . = ALIGN (0x4)

.bss            0x200000a8     0x1348 load address 0x0800a6e4
                0x200000a8                _sbss = .
                0x200000a8                __bss_start__ = _sbss
 *(.bss)
 .bss           0x200000a8       0x1c c:/program files (x86)/atollic/truestudio for stm32 9.0.1/armtools/bin/../lib/gcc/arm-atollic-eabi/6.3.1/armv7e-m/fpu/crtbegin.o
 *(.bss*)
 .bss.robot_state
                0x200000c4        0x1 Src\main.o
 .bss.previous_state
                0x200000c5        0x1 Src\main.o
 .bss.state_edges
                0x200000c6        0x1 Src\main.o
                0x200000c6                state_edges
 *fill*         0x200000c7        0x1 
 .bss.ScaledMotorMagnitude
                0x200000c8        0x8 Src\main.o
 .bss.buffer    0x200000d0      0x100 Src\main.o
 .bss.measurementDataReady
                0x200001d0        0x1 Src\main.o
                0x200001d0                measurementDataReady
 *fill*         0x200001d1        0x3 
 .bss.__malloc_free_list
                0x200001d4        0x4 c:/program files (x86)/atollic/truestudio for stm32 9.0.1/armtools/bin/../lib/gcc/arm-atollic-eabi/6.3.1/../../../../arm-atollic-eabi/lib/armv7e-m/fpu\libc_nano.a(lib_a-nano-mallocr.o)
                0x200001d4                __malloc_free_list
 .bss.__malloc_sbrk_start
                0x200001d8        0x4 c:/program files (x86)/atollic/truestudio for stm32 9.0.1/armtools/bin/../lib/gcc/arm-atollic-eabi/6.3.1/../../../../arm-atollic-eabi/lib/armv7e-m/fpu\libc_nano.a(lib_a-nano-mallocr.o)
                0x200001d8                __malloc_sbrk_start
 .bss.heap_end.5239
                0x200001dc        0x4 c:/program files (x86)/atollic/truestudio for stm32 9.0.1/armtools/bin/../lib/gcc/arm-atollic-eabi/6.3.1/../../../../arm-atollic-eabi/lib/armv7e-m/fpu\libnosys.a(sbrk.o)
 *(COMMON)
 COMMON         0x200001e0      0x100 Drivers\BSP\VL53L1X API\api\platform\vl53l1_platform.o
                0x200001e0                _I2CBuffer
 COMMON         0x200002e0        0x4 Drivers\STM32F4xx_HAL_Driver\Src\stm32f4xx_hal.o
                0x200002e0                uwTick
 COMMON         0x200002e4     0x10cc Src\main.o
                0x200002e4                LASER_REAR_LEFT_dev_t
                0x20000688                RangingDataRearLeft
                0x200006a4                LASER_REAR_RIGHT_dev_t
                0x20000a48                hi2c1
                0x20000a9c                SPISTATUS
                0x20000aa0                RearPID_t
                0x20000ad0                right_stepper
                0x20000afc                left_stepper
                0x20000b28                LASER_FRONT_LEFT_dev_t
                0x20000ecc                LASER_FRONT_RIGHT_dev_t
                0x20001270                RangingDataRearRight
                0x2000128c                spiTXbuffer
                0x20001294                RangingDataFrontRight
                0x200012b0                RangingDataFrontLeft
                0x200012cc                hspi1
                0x20001324                huart2
                0x20001364                FrontPID_t
                0x20001394                spiRXbuffer
                0x2000139c                Detectionconfig
 COMMON         0x200013b0       0x3c Src\stm32f4xx_hal_timebase_TIM.o
                0x200013b0                htim4
 COMMON         0x200013ec        0x4 c:/program files (x86)/atollic/truestudio for stm32 9.0.1/armtools/bin/../lib/gcc/arm-atollic-eabi/6.3.1/../../../../arm-atollic-eabi/lib/armv7e-m/fpu\libc_nano.a(lib_a-reent.o)
                0x200013ec                errno
                0x200013f0                . = ALIGN (0x4)
                0x200013f0                _ebss = .
                0x200013f0                __bss_end__ = _ebss

._user_heap_stack
                0x200013f0      0x600 load address 0x0800a6e4
                0x200013f0                . = ALIGN (0x4)
                0x200013f0                PROVIDE (end, .)
                [!provide]                PROVIDE (_end, .)
                0x200015f0                . = (. + _Min_Heap_Size)
 *fill*         0x200013f0      0x200 
                0x200019f0                . = (. + _Min_Stack_Size)
 *fill*         0x200015f0      0x400 
                0x200019f0                . = ALIGN (0x4)

/DISCARD/
 libc.a(*)
 libm.a(*)
 libgcc.a(*)

.ARM.attributes
                0x00000000       0x30
 *(.ARM.attributes)
 .ARM.attributes
                0x00000000       0x22 c:/program files (x86)/atollic/truestudio for stm32 9.0.1/armtools/bin/../lib/gcc/arm-atollic-eabi/6.3.1/armv7e-m/fpu/crti.o
 .ARM.attributes
                0x00000022       0x34 c:/program files (x86)/atollic/truestudio for stm32 9.0.1/armtools/bin/../lib/gcc/arm-atollic-eabi/6.3.1/armv7e-m/fpu/crtbegin.o
 .ARM.attributes
                0x00000056       0x39 Drivers\BSP\VL53L1X API\api\core\vl53l1_api.o
 .ARM.attributes
                0x0000008f       0x39 Drivers\BSP\VL53L1X API\api\core\vl53l1_api_core.o
 .ARM.attributes
                0x000000c8       0x39 Drivers\BSP\VL53L1X API\api\core\vl53l1_api_preset_modes.o
 .ARM.attributes
                0x00000101       0x39 Drivers\BSP\VL53L1X API\api\core\vl53l1_core.o
 .ARM.attributes
                0x0000013a       0x39 Drivers\BSP\VL53L1X API\api\core\vl53l1_core_support.o
 .ARM.attributes
                0x00000173       0x39 Drivers\BSP\VL53L1X API\api\core\vl53l1_register_funcs.o
 .ARM.attributes
                0x000001ac       0x39 Drivers\BSP\VL53L1X API\api\core\vl53l1_wait.o
 .ARM.attributes
                0x000001e5       0x39 Drivers\BSP\VL53L1X API\api\platform\vl53l1_platform.o
 .ARM.attributes
                0x0000021e       0x39 Drivers\STM32F4xx_HAL_Driver\Src\stm32f4xx_hal.o
 .ARM.attributes
                0x00000257       0x39 Drivers\STM32F4xx_HAL_Driver\Src\stm32f4xx_hal_cortex.o
 .ARM.attributes
                0x00000290       0x39 Drivers\STM32F4xx_HAL_Driver\Src\stm32f4xx_hal_gpio.o
 .ARM.attributes
                0x000002c9       0x39 Drivers\STM32F4xx_HAL_Driver\Src\stm32f4xx_hal_i2c.o
 .ARM.attributes
                0x00000302       0x39 Drivers\STM32F4xx_HAL_Driver\Src\stm32f4xx_hal_rcc.o
 .ARM.attributes
                0x0000033b       0x39 Drivers\STM32F4xx_HAL_Driver\Src\stm32f4xx_hal_spi.o
 .ARM.attributes
                0x00000374       0x39 Drivers\STM32F4xx_HAL_Driver\Src\stm32f4xx_hal_tim.o
 .ARM.attributes
                0x000003ad       0x39 Drivers\STM32F4xx_HAL_Driver\Src\stm32f4xx_hal_tim_ex.o
 .ARM.attributes
                0x000003e6       0x39 Drivers\STM32F4xx_HAL_Driver\Src\stm32f4xx_hal_uart.o
 .ARM.attributes
                0x0000041f       0x39 Src\main.o
 .ARM.attributes
                0x00000458       0x39 Src\stm32f4xx_hal_msp.o
 .ARM.attributes
                0x00000491       0x39 Src\stm32f4xx_hal_timebase_TIM.o
 .ARM.attributes
                0x000004ca       0x39 Src\stm32f4xx_it.o
 .ARM.attributes
                0x00000503       0x39 Src\sumobot_functions.o
 .ARM.attributes
                0x0000053c       0x39 Src\system_stm32f4xx.o
 .ARM.attributes
                0x00000575       0x21 startup\startup_stm32f401xe.o
 .ARM.attributes
                0x00000596       0x34 c:/program files (x86)/atollic/truestudio for stm32 9.0.1/armtools/bin/../lib/gcc/arm-atollic-eabi/6.3.1/../../../../arm-atollic-eabi/lib/armv7e-m/fpu\libc_nano.a(lib_a-init.o)
 .ARM.attributes
                0x000005ca       0x34 c:/program files (x86)/atollic/truestudio for stm32 9.0.1/armtools/bin/../lib/gcc/arm-atollic-eabi/6.3.1/../../../../arm-atollic-eabi/lib/armv7e-m/fpu\libc_nano.a(lib_a-memcpy-stub.o)
 .ARM.attributes
                0x000005fe       0x34 c:/program files (x86)/atollic/truestudio for stm32 9.0.1/armtools/bin/../lib/gcc/arm-atollic-eabi/6.3.1/../../../../arm-atollic-eabi/lib/armv7e-m/fpu\libc_nano.a(lib_a-memset.o)
 .ARM.attributes
                0x00000632       0x34 c:/program files (x86)/atollic/truestudio for stm32 9.0.1/armtools/bin/../lib/gcc/arm-atollic-eabi/6.3.1/../../../../arm-atollic-eabi/lib/armv7e-m/fpu\libc_nano.a(lib_a-sprintf.o)
 .ARM.attributes
                0x00000666       0x1b c:/program files (x86)/atollic/truestudio for stm32 9.0.1/armtools/bin/../lib/gcc/arm-atollic-eabi/6.3.1/../../../../arm-atollic-eabi/lib/armv7e-m/fpu\libc_nano.a(lib_a-strlen.o)
 .ARM.attributes
                0x00000681       0x34 c:/program files (x86)/atollic/truestudio for stm32 9.0.1/armtools/bin/../lib/gcc/arm-atollic-eabi/6.3.1/../../../../arm-atollic-eabi/lib/armv7e-m/fpu\libc_nano.a(lib_a-strncpy.o)
 .ARM.attributes
                0x000006b5       0x34 c:/program files (x86)/atollic/truestudio for stm32 9.0.1/armtools/bin/../lib/gcc/arm-atollic-eabi/6.3.1/../../../../arm-atollic-eabi/lib/armv7e-m/fpu\libc_nano.a(lib_a-impure.o)
 .ARM.attributes
                0x000006e9       0x34 c:/program files (x86)/atollic/truestudio for stm32 9.0.1/armtools/bin/../lib/gcc/arm-atollic-eabi/6.3.1/../../../../arm-atollic-eabi/lib/armv7e-m/fpu\libc_nano.a(lib_a-nano-svfprintf.o)
 .ARM.attributes
                0x0000071d       0x34 c:/program files (x86)/atollic/truestudio for stm32 9.0.1/armtools/bin/../lib/gcc/arm-atollic-eabi/6.3.1/../../../../arm-atollic-eabi/lib/armv7e-m/fpu\libc_nano.a(lib_a-nano-vfprintf_i.o)
 .ARM.attributes
                0x00000751       0x20 c:/program files (x86)/atollic/truestudio for stm32 9.0.1/armtools/bin/../lib/gcc/arm-atollic-eabi/6.3.1/../../../../arm-atollic-eabi/lib/armv7e-m/fpu\libc_nano.a(lib_a-memchr.o)
 .ARM.attributes
                0x00000771       0x34 c:/program files (x86)/atollic/truestudio for stm32 9.0.1/armtools/bin/../lib/gcc/arm-atollic-eabi/6.3.1/../../../../arm-atollic-eabi/lib/armv7e-m/fpu\libc_nano.a(lib_a-memmove.o)
 .ARM.attributes
                0x000007a5       0x34 c:/program files (x86)/atollic/truestudio for stm32 9.0.1/armtools/bin/../lib/gcc/arm-atollic-eabi/6.3.1/../../../../arm-atollic-eabi/lib/armv7e-m/fpu\libc_nano.a(lib_a-nano-freer.o)
 .ARM.attributes
                0x000007d9       0x34 c:/program files (x86)/atollic/truestudio for stm32 9.0.1/armtools/bin/../lib/gcc/arm-atollic-eabi/6.3.1/../../../../arm-atollic-eabi/lib/armv7e-m/fpu\libc_nano.a(lib_a-nano-mallocr.o)
 .ARM.attributes
                0x0000080d       0x34 c:/program files (x86)/atollic/truestudio for stm32 9.0.1/armtools/bin/../lib/gcc/arm-atollic-eabi/6.3.1/../../../../arm-atollic-eabi/lib/armv7e-m/fpu\libc_nano.a(lib_a-nano-reallocr.o)
 .ARM.attributes
                0x00000841       0x34 c:/program files (x86)/atollic/truestudio for stm32 9.0.1/armtools/bin/../lib/gcc/arm-atollic-eabi/6.3.1/../../../../arm-atollic-eabi/lib/armv7e-m/fpu\libc_nano.a(lib_a-sbrkr.o)
 .ARM.attributes
                0x00000875       0x34 c:/program files (x86)/atollic/truestudio for stm32 9.0.1/armtools/bin/../lib/gcc/arm-atollic-eabi/6.3.1/../../../../arm-atollic-eabi/lib/armv7e-m/fpu\libc_nano.a(lib_a-mlock.o)
 .ARM.attributes
                0x000008a9       0x34 c:/program files (x86)/atollic/truestudio for stm32 9.0.1/armtools/bin/../lib/gcc/arm-atollic-eabi/6.3.1/../../../../arm-atollic-eabi/lib/armv7e-m/fpu\libc_nano.a(lib_a-nano-msizer.o)
 .ARM.attributes
                0x000008dd       0x34 c:/program files (x86)/atollic/truestudio for stm32 9.0.1/armtools/bin/../lib/gcc/arm-atollic-eabi/6.3.1/../../../../arm-atollic-eabi/lib/armv7e-m/fpu\libc_nano.a(lib_a-reent.o)
 .ARM.attributes
                0x00000911       0x22 c:/program files (x86)/atollic/truestudio for stm32 9.0.1/armtools/bin/../lib/gcc/arm-atollic-eabi/6.3.1/armv7e-m/fpu\libgcc.a(_aeabi_uldivmod.o)
 .ARM.attributes
                0x00000933       0x34 c:/program files (x86)/atollic/truestudio for stm32 9.0.1/armtools/bin/../lib/gcc/arm-atollic-eabi/6.3.1/armv7e-m/fpu\libgcc.a(_udivmoddi4.o)
 .ARM.attributes
                0x00000967       0x22 c:/program files (x86)/atollic/truestudio for stm32 9.0.1/armtools/bin/../lib/gcc/arm-atollic-eabi/6.3.1/armv7e-m/fpu\libgcc.a(_dvmd_tls.o)
 .ARM.attributes
                0x00000989       0x34 c:/program files (x86)/atollic/truestudio for stm32 9.0.1/armtools/bin/../lib/gcc/arm-atollic-eabi/6.3.1/../../../../arm-atollic-eabi/lib/armv7e-m/fpu\libnosys.a(sbrk.o)
 .ARM.attributes
                0x000009bd       0x22 c:/program files (x86)/atollic/truestudio for stm32 9.0.1/armtools/bin/../lib/gcc/arm-atollic-eabi/6.3.1/armv7e-m/fpu/crtn.o
OUTPUT(VL53L1X_SUMO.elf elf32-littlearm)

.debug_info     0x00000000    0x3228a
 .debug_info    0x00000000     0x4af6 Drivers\BSP\VL53L1X API\api\core\vl53l1_api.o
 .debug_info    0x00004af6     0x4066 Drivers\BSP\VL53L1X API\api\core\vl53l1_api_core.o
 .debug_info    0x00008b5c     0x1bd3 Drivers\BSP\VL53L1X API\api\core\vl53l1_api_preset_modes.o
 .debug_info    0x0000a72f     0x3e9d Drivers\BSP\VL53L1X API\api\core\vl53l1_core.o
 .debug_info    0x0000e5cc      0xa05 Drivers\BSP\VL53L1X API\api\core\vl53l1_core_support.o
 .debug_info    0x0000efd1     0x31f9 Drivers\BSP\VL53L1X API\api\core\vl53l1_register_funcs.o
 .debug_info    0x000121ca     0x2cca Drivers\BSP\VL53L1X API\api\core\vl53l1_wait.o
 .debug_info    0x00014e94     0x2f66 Drivers\BSP\VL53L1X API\api\platform\vl53l1_platform.o
 .debug_info    0x00017dfa     0x10ac Drivers\STM32F4xx_HAL_Driver\Src\stm32f4xx_hal.o
 .debug_info    0x00018ea6     0x154c Drivers\STM32F4xx_HAL_Driver\Src\stm32f4xx_hal_cortex.o
 .debug_info    0x0001a3f2      0xf9d Drivers\STM32F4xx_HAL_Driver\Src\stm32f4xx_hal_gpio.o
 .debug_info    0x0001b38f     0x2889 Drivers\STM32F4xx_HAL_Driver\Src\stm32f4xx_hal_i2c.o
 .debug_info    0x0001dc18     0x10e0 Drivers\STM32F4xx_HAL_Driver\Src\stm32f4xx_hal_rcc.o
 .debug_info    0x0001ecf8     0x1cf1 Drivers\STM32F4xx_HAL_Driver\Src\stm32f4xx_hal_spi.o
 .debug_info    0x000209e9     0x29f0 Drivers\STM32F4xx_HAL_Driver\Src\stm32f4xx_hal_tim.o
 .debug_info    0x000233d9     0x17ca Drivers\STM32F4xx_HAL_Driver\Src\stm32f4xx_hal_tim_ex.o
 .debug_info    0x00024ba3     0x19d5 Drivers\STM32F4xx_HAL_Driver\Src\stm32f4xx_hal_uart.o
 .debug_info    0x00026578     0x3c6f Src\main.o
 .debug_info    0x0002a1e7     0x184c Src\stm32f4xx_hal_msp.o
 .debug_info    0x0002ba33     0x1279 Src\stm32f4xx_hal_timebase_TIM.o
 .debug_info    0x0002ccac     0x1460 Src\stm32f4xx_it.o
 .debug_info    0x0002e10c     0x339e Src\sumobot_functions.o
 .debug_info    0x000314aa      0xd41 Src\system_stm32f4xx.o
 .debug_info    0x000321eb       0x9f startup\startup_stm32f401xe.o

.debug_abbrev   0x00000000     0x3854
 .debug_abbrev  0x00000000      0x2d3 Drivers\BSP\VL53L1X API\api\core\vl53l1_api.o
 .debug_abbrev  0x000002d3      0x283 Drivers\BSP\VL53L1X API\api\core\vl53l1_api_core.o
 .debug_abbrev  0x00000556      0x219 Drivers\BSP\VL53L1X API\api\core\vl53l1_api_preset_modes.o
 .debug_abbrev  0x0000076f      0x2da Drivers\BSP\VL53L1X API\api\core\vl53l1_core.o
 .debug_abbrev  0x00000a49      0x1ec Drivers\BSP\VL53L1X API\api\core\vl53l1_core_support.o
 .debug_abbrev  0x00000c35      0x276 Drivers\BSP\VL53L1X API\api\core\vl53l1_register_funcs.o
 .debug_abbrev  0x00000eab      0x24b Drivers\BSP\VL53L1X API\api\core\vl53l1_wait.o
 .debug_abbrev  0x000010f6      0x2aa Drivers\BSP\VL53L1X API\api\platform\vl53l1_platform.o
 .debug_abbrev  0x000013a0      0x280 Drivers\STM32F4xx_HAL_Driver\Src\stm32f4xx_hal.o
 .debug_abbrev  0x00001620      0x371 Drivers\STM32F4xx_HAL_Driver\Src\stm32f4xx_hal_cortex.o
 .debug_abbrev  0x00001991      0x24c Drivers\STM32F4xx_HAL_Driver\Src\stm32f4xx_hal_gpio.o
 .debug_abbrev  0x00001bdd      0x2a1 Drivers\STM32F4xx_HAL_Driver\Src\stm32f4xx_hal_i2c.o
 .debug_abbrev  0x00001e7e      0x2c8 Drivers\STM32F4xx_HAL_Driver\Src\stm32f4xx_hal_rcc.o
 .debug_abbrev  0x00002146      0x2ac Drivers\STM32F4xx_HAL_Driver\Src\stm32f4xx_hal_spi.o
 .debug_abbrev  0x000023f2      0x2ab Drivers\STM32F4xx_HAL_Driver\Src\stm32f4xx_hal_tim.o
 .debug_abbrev  0x0000269d      0x288 Drivers\STM32F4xx_HAL_Driver\Src\stm32f4xx_hal_tim_ex.o
 .debug_abbrev  0x00002925      0x2bd Drivers\STM32F4xx_HAL_Driver\Src\stm32f4xx_hal_uart.o
 .debug_abbrev  0x00002be2      0x2b2 Src\main.o
 .debug_abbrev  0x00002e94      0x1f2 Src\stm32f4xx_hal_msp.o
 .debug_abbrev  0x00003086      0x207 Src\stm32f4xx_hal_timebase_TIM.o
 .debug_abbrev  0x0000328d      0x1ac Src\stm32f4xx_it.o
 .debug_abbrev  0x00003439      0x23f Src\sumobot_functions.o
 .debug_abbrev  0x00003678      0x1ca Src\system_stm32f4xx.o
 .debug_abbrev  0x00003842       0x12 startup\startup_stm32f401xe.o

.debug_aranges  0x00000000     0x17e0
 .debug_aranges
                0x00000000      0x238 Drivers\BSP\VL53L1X API\api\core\vl53l1_api.o
 .debug_aranges
                0x00000238      0x1c0 Drivers\BSP\VL53L1X API\api\core\vl53l1_api_core.o
 .debug_aranges
                0x000003f8       0xa8 Drivers\BSP\VL53L1X API\api\core\vl53l1_api_preset_modes.o
 .debug_aranges
                0x000004a0      0x1e0 Drivers\BSP\VL53L1X API\api\core\vl53l1_core.o
 .debug_aranges
                0x00000680       0x30 Drivers\BSP\VL53L1X API\api\core\vl53l1_core_support.o
 .debug_aranges
                0x000006b0       0xe0 Drivers\BSP\VL53L1X API\api\core\vl53l1_register_funcs.o
 .debug_aranges
                0x00000790       0x68 Drivers\BSP\VL53L1X API\api\core\vl53l1_wait.o
 .debug_aranges
                0x000007f8       0x98 Drivers\BSP\VL53L1X API\api\platform\vl53l1_platform.o
 .debug_aranges
                0x00000890       0xe0 Drivers\STM32F4xx_HAL_Driver\Src\stm32f4xx_hal.o
 .debug_aranges
                0x00000970      0x118 Drivers\STM32F4xx_HAL_Driver\Src\stm32f4xx_hal_cortex.o
 .debug_aranges
                0x00000a88       0x58 Drivers\STM32F4xx_HAL_Driver\Src\stm32f4xx_hal_gpio.o
 .debug_aranges
                0x00000ae0      0x268 Drivers\STM32F4xx_HAL_Driver\Src\stm32f4xx_hal_i2c.o
 .debug_aranges
                0x00000d48       0x88 Drivers\STM32F4xx_HAL_Driver\Src\stm32f4xx_hal_rcc.o
 .debug_aranges
                0x00000dd0      0x1c8 Drivers\STM32F4xx_HAL_Driver\Src\stm32f4xx_hal_spi.o
 .debug_aranges
                0x00000f98      0x368 Drivers\STM32F4xx_HAL_Driver\Src\stm32f4xx_hal_tim.o
 .debug_aranges
                0x00001300      0x140 Drivers\STM32F4xx_HAL_Driver\Src\stm32f4xx_hal_tim_ex.o
 .debug_aranges
                0x00001440      0x1d0 Drivers\STM32F4xx_HAL_Driver\Src\stm32f4xx_hal_uart.o
 .debug_aranges
                0x00001610       0x58 Src\main.o
 .debug_aranges
                0x00001668       0x50 Src\stm32f4xx_hal_msp.o
 .debug_aranges
                0x000016b8       0x30 Src\stm32f4xx_hal_timebase_TIM.o
 .debug_aranges
                0x000016e8       0x48 Src\stm32f4xx_it.o
 .debug_aranges
                0x00001730       0x60 Src\sumobot_functions.o
 .debug_aranges
                0x00001790       0x28 Src\system_stm32f4xx.o
 .debug_aranges
                0x000017b8       0x28 startup\startup_stm32f401xe.o

.debug_ranges   0x00000000     0x1668
 .debug_ranges  0x00000000      0x228 Drivers\BSP\VL53L1X API\api\core\vl53l1_api.o
 .debug_ranges  0x00000228      0x1b0 Drivers\BSP\VL53L1X API\api\core\vl53l1_api_core.o
 .debug_ranges  0x000003d8       0x98 Drivers\BSP\VL53L1X API\api\core\vl53l1_api_preset_modes.o
 .debug_ranges  0x00000470      0x1d0 Drivers\BSP\VL53L1X API\api\core\vl53l1_core.o
 .debug_ranges  0x00000640       0x20 Drivers\BSP\VL53L1X API\api\core\vl53l1_core_support.o
 .debug_ranges  0x00000660       0xd0 Drivers\BSP\VL53L1X API\api\core\vl53l1_register_funcs.o
 .debug_ranges  0x00000730       0x58 Drivers\BSP\VL53L1X API\api\core\vl53l1_wait.o
 .debug_ranges  0x00000788       0x88 Drivers\BSP\VL53L1X API\api\platform\vl53l1_platform.o
 .debug_ranges  0x00000810       0xd0 Drivers\STM32F4xx_HAL_Driver\Src\stm32f4xx_hal.o
 .debug_ranges  0x000008e0      0x108 Drivers\STM32F4xx_HAL_Driver\Src\stm32f4xx_hal_cortex.o
 .debug_ranges  0x000009e8       0x48 Drivers\STM32F4xx_HAL_Driver\Src\stm32f4xx_hal_gpio.o
 .debug_ranges  0x00000a30      0x258 Drivers\STM32F4xx_HAL_Driver\Src\stm32f4xx_hal_i2c.o
 .debug_ranges  0x00000c88       0x78 Drivers\STM32F4xx_HAL_Driver\Src\stm32f4xx_hal_rcc.o
 .debug_ranges  0x00000d00      0x1b8 Drivers\STM32F4xx_HAL_Driver\Src\stm32f4xx_hal_spi.o
 .debug_ranges  0x00000eb8      0x358 Drivers\STM32F4xx_HAL_Driver\Src\stm32f4xx_hal_tim.o
 .debug_ranges  0x00001210      0x130 Drivers\STM32F4xx_HAL_Driver\Src\stm32f4xx_hal_tim_ex.o
 .debug_ranges  0x00001340      0x1c0 Drivers\STM32F4xx_HAL_Driver\Src\stm32f4xx_hal_uart.o
 .debug_ranges  0x00001500       0x48 Src\main.o
 .debug_ranges  0x00001548       0x40 Src\stm32f4xx_hal_msp.o
 .debug_ranges  0x00001588       0x20 Src\stm32f4xx_hal_timebase_TIM.o
 .debug_ranges  0x000015a8       0x38 Src\stm32f4xx_it.o
 .debug_ranges  0x000015e0       0x50 Src\sumobot_functions.o
 .debug_ranges  0x00001630       0x18 Src\system_stm32f4xx.o
 .debug_ranges  0x00001648       0x20 startup\startup_stm32f401xe.o

.debug_line     0x00000000     0xbad4
 .debug_line    0x00000000      0xe49 Drivers\BSP\VL53L1X API\api\core\vl53l1_api.o
 .debug_line    0x00000e49      0xda2 Drivers\BSP\VL53L1X API\api\core\vl53l1_api_core.o
 .debug_line    0x00001beb      0x5c2 Drivers\BSP\VL53L1X API\api\core\vl53l1_api_preset_modes.o
 .debug_line    0x000021ad      0xbed Drivers\BSP\VL53L1X API\api\core\vl53l1_core.o
 .debug_line    0x00002d9a      0x2eb Drivers\BSP\VL53L1X API\api\core\vl53l1_core_support.o
 .debug_line    0x00003085      0x931 Drivers\BSP\VL53L1X API\api\core\vl53l1_register_funcs.o
 .debug_line    0x000039b6      0x630 Drivers\BSP\VL53L1X API\api\core\vl53l1_wait.o
 .debug_line    0x00003fe6      0x667 Drivers\BSP\VL53L1X API\api\platform\vl53l1_platform.o
 .debug_line    0x0000464d      0x491 Drivers\STM32F4xx_HAL_Driver\Src\stm32f4xx_hal.o
 .debug_line    0x00004ade      0x5c9 Drivers\STM32F4xx_HAL_Driver\Src\stm32f4xx_hal_cortex.o
 .debug_line    0x000050a7      0x45b Drivers\STM32F4xx_HAL_Driver\Src\stm32f4xx_hal_gpio.o
 .debug_line    0x00005502     0x12ba Drivers\STM32F4xx_HAL_Driver\Src\stm32f4xx_hal_i2c.o
 .debug_line    0x000067bc      0x530 Drivers\STM32F4xx_HAL_Driver\Src\stm32f4xx_hal_rcc.o
 .debug_line    0x00006cec      0xc36 Drivers\STM32F4xx_HAL_Driver\Src\stm32f4xx_hal_spi.o
 .debug_line    0x00007922     0x1272 Drivers\STM32F4xx_HAL_Driver\Src\stm32f4xx_hal_tim.o
 .debug_line    0x00008b94      0x885 Drivers\STM32F4xx_HAL_Driver\Src\stm32f4xx_hal_tim_ex.o
 .debug_line    0x00009419      0xbb1 Drivers\STM32F4xx_HAL_Driver\Src\stm32f4xx_hal_uart.o
 .debug_line    0x00009fca      0x6e6 Src\main.o
 .debug_line    0x0000a6b0      0x38c Src\stm32f4xx_hal_msp.o
 .debug_line    0x0000aa3c      0x304 Src\stm32f4xx_hal_timebase_TIM.o
 .debug_line    0x0000ad40      0x4c7 Src\stm32f4xx_it.o
 .debug_line    0x0000b207      0x5de Src\sumobot_functions.o
 .debug_line    0x0000b7e5      0x270 Src\system_stm32f4xx.o
 .debug_line    0x0000ba55       0x7f startup\startup_stm32f401xe.o

.debug_str      0x00000000     0xa6a6
 .debug_str     0x00000000     0x46ed Drivers\BSP\VL53L1X API\api\core\vl53l1_api.o
                               0x4d8d (size before relaxing)
 .debug_str     0x000046ed      0xa5b Drivers\BSP\VL53L1X API\api\core\vl53l1_api_core.o
                               0x4644 (size before relaxing)
 .debug_str     0x00005148      0x339 Drivers\BSP\VL53L1X API\api\core\vl53l1_api_preset_modes.o
                               0x1e46 (size before relaxing)
 .debug_str     0x00005481      0xa94 Drivers\BSP\VL53L1X API\api\core\vl53l1_core.o
                               0x4603 (size before relaxing)
 .debug_str     0x00005f15       0x8f Drivers\BSP\VL53L1X API\api\core\vl53l1_core_support.o
                                0x746 (size before relaxing)
 .debug_str     0x00005fa4      0x357 Drivers\BSP\VL53L1X API\api\core\vl53l1_register_funcs.o
                               0x3d35 (size before relaxing)
 .debug_str     0x000062fb      0x1c3 Drivers\BSP\VL53L1X API\api\core\vl53l1_wait.o
                               0x3bb3 (size before relaxing)
 .debug_str     0x000064be      0x1cc Drivers\BSP\VL53L1X API\api\platform\vl53l1_platform.o
                               0x3bef (size before relaxing)
 .debug_str     0x0000668a      0x7e4 Drivers\STM32F4xx_HAL_Driver\Src\stm32f4xx_hal.o
                                0xe48 (size before relaxing)
 .debug_str     0x00006e6e      0x40f Drivers\STM32F4xx_HAL_Driver\Src\stm32f4xx_hal_cortex.o
                                0xf52 (size before relaxing)
 .debug_str     0x0000727d      0x1bf Drivers\STM32F4xx_HAL_Driver\Src\stm32f4xx_hal_gpio.o
                                0x99c (size before relaxing)
 .debug_str     0x0000743c      0x7e5 Drivers\STM32F4xx_HAL_Driver\Src\stm32f4xx_hal_i2c.o
                               0x1381 (size before relaxing)
 .debug_str     0x00007c21      0x2d3 Drivers\STM32F4xx_HAL_Driver\Src\stm32f4xx_hal_rcc.o
                                0xb48 (size before relaxing)
 .debug_str     0x00007ef4      0x680 Drivers\STM32F4xx_HAL_Driver\Src\stm32f4xx_hal_spi.o
                                0xfd8 (size before relaxing)
 .debug_str     0x00008574      0xebb Drivers\STM32F4xx_HAL_Driver\Src\stm32f4xx_hal_tim.o
                               0x17fa (size before relaxing)
 .debug_str     0x0000942f      0x543 Drivers\STM32F4xx_HAL_Driver\Src\stm32f4xx_hal_tim_ex.o
                               0x10b5 (size before relaxing)
 .debug_str     0x00009972      0x675 Drivers\STM32F4xx_HAL_Driver\Src\stm32f4xx_hal_uart.o
                               0x1026 (size before relaxing)
 .debug_str     0x00009fe7      0x3ed Src\main.o
                               0x4a86 (size before relaxing)
 .debug_str     0x0000a3d4       0x1b Src\stm32f4xx_hal_msp.o
                               0x13d7 (size before relaxing)
 .debug_str     0x0000a3ef       0x61 Src\stm32f4xx_hal_timebase_TIM.o
                               0x1028 (size before relaxing)
 .debug_str     0x0000a450       0x7a Src\stm32f4xx_it.o
                               0x101b (size before relaxing)
 .debug_str     0x0000a4ca      0x197 Src\sumobot_functions.o
                               0x4172 (size before relaxing)
 .debug_str     0x0000a661       0x45 Src\system_stm32f4xx.o
                                0x800 (size before relaxing)

.comment        0x00000000       0x7c
 .comment       0x00000000       0x7c Drivers\BSP\VL53L1X API\api\core\vl53l1_api.o
                                 0x7d (size before relaxing)
 .comment       0x0000007c       0x7d Drivers\BSP\VL53L1X API\api\core\vl53l1_api_core.o
 .comment       0x0000007c       0x7d Drivers\BSP\VL53L1X API\api\core\vl53l1_api_preset_modes.o
 .comment       0x0000007c       0x7d Drivers\BSP\VL53L1X API\api\core\vl53l1_core.o
 .comment       0x0000007c       0x7d Drivers\BSP\VL53L1X API\api\core\vl53l1_core_support.o
 .comment       0x0000007c       0x7d Drivers\BSP\VL53L1X API\api\core\vl53l1_register_funcs.o
 .comment       0x0000007c       0x7d Drivers\BSP\VL53L1X API\api\core\vl53l1_wait.o
 .comment       0x0000007c       0x7d Drivers\BSP\VL53L1X API\api\platform\vl53l1_platform.o
 .comment       0x0000007c       0x7d Drivers\STM32F4xx_HAL_Driver\Src\stm32f4xx_hal.o
 .comment       0x0000007c       0x7d Drivers\STM32F4xx_HAL_Driver\Src\stm32f4xx_hal_cortex.o
 .comment       0x0000007c       0x7d Drivers\STM32F4xx_HAL_Driver\Src\stm32f4xx_hal_gpio.o
 .comment       0x0000007c       0x7d Drivers\STM32F4xx_HAL_Driver\Src\stm32f4xx_hal_i2c.o
 .comment       0x0000007c       0x7d Drivers\STM32F4xx_HAL_Driver\Src\stm32f4xx_hal_rcc.o
 .comment       0x0000007c       0x7d Drivers\STM32F4xx_HAL_Driver\Src\stm32f4xx_hal_spi.o
 .comment       0x0000007c       0x7d Drivers\STM32F4xx_HAL_Driver\Src\stm32f4xx_hal_tim.o
 .comment       0x0000007c       0x7d Drivers\STM32F4xx_HAL_Driver\Src\stm32f4xx_hal_tim_ex.o
 .comment       0x0000007c       0x7d Drivers\STM32F4xx_HAL_Driver\Src\stm32f4xx_hal_uart.o
 .comment       0x0000007c       0x7d Src\main.o
 .comment       0x0000007c       0x7d Src\stm32f4xx_hal_msp.o
 .comment       0x0000007c       0x7d Src\stm32f4xx_hal_timebase_TIM.o
 .comment       0x0000007c       0x7d Src\stm32f4xx_it.o
 .comment       0x0000007c       0x7d Src\sumobot_functions.o
 .comment       0x0000007c       0x7d Src\system_stm32f4xx.o

.debug_frame    0x00000000     0x6a54
 .debug_frame   0x00000000      0xa00 Drivers\BSP\VL53L1X API\api\core\vl53l1_api.o
 .debug_frame   0x00000a00      0x828 Drivers\BSP\VL53L1X API\api\core\vl53l1_api_core.o
 .debug_frame   0x00001228      0x2ac Drivers\BSP\VL53L1X API\api\core\vl53l1_api_preset_modes.o
 .debug_frame   0x000014d4      0x8bc Drivers\BSP\VL53L1X API\api\core\vl53l1_core.o
 .debug_frame   0x00001d90       0x88 Drivers\BSP\VL53L1X API\api\core\vl53l1_core_support.o
 .debug_frame   0x00001e18      0x3a0 Drivers\BSP\VL53L1X API\api\core\vl53l1_register_funcs.o
 .debug_frame   0x000021b8      0x178 Drivers\BSP\VL53L1X API\api\core\vl53l1_wait.o
 .debug_frame   0x00002330      0x25c Drivers\BSP\VL53L1X API\api\platform\vl53l1_platform.o
 .debug_frame   0x0000258c      0x33c Drivers\STM32F4xx_HAL_Driver\Src\stm32f4xx_hal.o
 .debug_frame   0x000028c8      0x498 Drivers\STM32F4xx_HAL_Driver\Src\stm32f4xx_hal_cortex.o
 .debug_frame   0x00002d60      0x14c Drivers\STM32F4xx_HAL_Driver\Src\stm32f4xx_hal_gpio.o
 .debug_frame   0x00002eac      0xb30 Drivers\STM32F4xx_HAL_Driver\Src\stm32f4xx_hal_i2c.o
 .debug_frame   0x000039dc      0x1f8 Drivers\STM32F4xx_HAL_Driver\Src\stm32f4xx_hal_rcc.o
 .debug_frame   0x00003bd4      0x7fc Drivers\STM32F4xx_HAL_Driver\Src\stm32f4xx_hal_spi.o
 .debug_frame   0x000043d0      0xfb4 Drivers\STM32F4xx_HAL_Driver\Src\stm32f4xx_hal_tim.o
 .debug_frame   0x00005384      0x574 Drivers\STM32F4xx_HAL_Driver\Src\stm32f4xx_hal_tim_ex.o
 .debug_frame   0x000058f8      0x83c Drivers\STM32F4xx_HAL_Driver\Src\stm32f4xx_hal_uart.o
 .debug_frame   0x00006134      0x110 Src\main.o
 .debug_frame   0x00006244      0x10c Src\stm32f4xx_hal_msp.o
 .debug_frame   0x00006350       0x74 Src\stm32f4xx_hal_timebase_TIM.o
 .debug_frame   0x000063c4       0xb8 Src\stm32f4xx_it.o
 .debug_frame   0x0000647c      0x160 Src\sumobot_functions.o
 .debug_frame   0x000065dc       0x58 Src\system_stm32f4xx.o
 .debug_frame   0x00006634       0x2c c:/program files (x86)/atollic/truestudio for stm32 9.0.1/armtools/bin/../lib/gcc/arm-atollic-eabi/6.3.1/../../../../arm-atollic-eabi/lib/armv7e-m/fpu\libc_nano.a(lib_a-init.o)
 .debug_frame   0x00006660       0x28 c:/program files (x86)/atollic/truestudio for stm32 9.0.1/armtools/bin/../lib/gcc/arm-atollic-eabi/6.3.1/../../../../arm-atollic-eabi/lib/armv7e-m/fpu\libc_nano.a(lib_a-memcpy-stub.o)
 .debug_frame   0x00006688       0x20 c:/program files (x86)/atollic/truestudio for stm32 9.0.1/armtools/bin/../lib/gcc/arm-atollic-eabi/6.3.1/../../../../arm-atollic-eabi/lib/armv7e-m/fpu\libc_nano.a(lib_a-memset.o)
 .debug_frame   0x000066a8       0x70 c:/program files (x86)/atollic/truestudio for stm32 9.0.1/armtools/bin/../lib/gcc/arm-atollic-eabi/6.3.1/../../../../arm-atollic-eabi/lib/armv7e-m/fpu\libc_nano.a(lib_a-sprintf.o)
 .debug_frame   0x00006718       0x2c c:/program files (x86)/atollic/truestudio for stm32 9.0.1/armtools/bin/../lib/gcc/arm-atollic-eabi/6.3.1/../../../../arm-atollic-eabi/lib/armv7e-m/fpu\libc_nano.a(lib_a-strncpy.o)
 .debug_frame   0x00006744       0x90 c:/program files (x86)/atollic/truestudio for stm32 9.0.1/armtools/bin/../lib/gcc/arm-atollic-eabi/6.3.1/../../../../arm-atollic-eabi/lib/armv7e-m/fpu\libc_nano.a(lib_a-nano-svfprintf.o)
 .debug_frame   0x000067d4       0x60 c:/program files (x86)/atollic/truestudio for stm32 9.0.1/armtools/bin/../lib/gcc/arm-atollic-eabi/6.3.1/../../../../arm-atollic-eabi/lib/armv7e-m/fpu\libc_nano.a(lib_a-nano-vfprintf_i.o)
 .debug_frame   0x00006834       0x28 c:/program files (x86)/atollic/truestudio for stm32 9.0.1/armtools/bin/../lib/gcc/arm-atollic-eabi/6.3.1/../../../../arm-atollic-eabi/lib/armv7e-m/fpu\libc_nano.a(lib_a-memmove.o)
 .debug_frame   0x0000685c       0x38 c:/program files (x86)/atollic/truestudio for stm32 9.0.1/armtools/bin/../lib/gcc/arm-atollic-eabi/6.3.1/../../../../arm-atollic-eabi/lib/armv7e-m/fpu\libc_nano.a(lib_a-nano-freer.o)
 .debug_frame   0x00006894       0x2c c:/program files (x86)/atollic/truestudio for stm32 9.0.1/armtools/bin/../lib/gcc/arm-atollic-eabi/6.3.1/../../../../arm-atollic-eabi/lib/armv7e-m/fpu\libc_nano.a(lib_a-nano-mallocr.o)
 .debug_frame   0x000068c0       0x3c c:/program files (x86)/atollic/truestudio for stm32 9.0.1/armtools/bin/../lib/gcc/arm-atollic-eabi/6.3.1/../../../../arm-atollic-eabi/lib/armv7e-m/fpu\libc_nano.a(lib_a-nano-reallocr.o)
 .debug_frame   0x000068fc       0x2c c:/program files (x86)/atollic/truestudio for stm32 9.0.1/armtools/bin/../lib/gcc/arm-atollic-eabi/6.3.1/../../../../arm-atollic-eabi/lib/armv7e-m/fpu\libc_nano.a(lib_a-sbrkr.o)
 .debug_frame   0x00006928       0x30 c:/program files (x86)/atollic/truestudio for stm32 9.0.1/armtools/bin/../lib/gcc/arm-atollic-eabi/6.3.1/../../../../arm-atollic-eabi/lib/armv7e-m/fpu\libc_nano.a(lib_a-mlock.o)
 .debug_frame   0x00006958       0x20 c:/program files (x86)/atollic/truestudio for stm32 9.0.1/armtools/bin/../lib/gcc/arm-atollic-eabi/6.3.1/../../../../arm-atollic-eabi/lib/armv7e-m/fpu\libc_nano.a(lib_a-nano-msizer.o)
 .debug_frame   0x00006978       0x5c c:/program files (x86)/atollic/truestudio for stm32 9.0.1/armtools/bin/../lib/gcc/arm-atollic-eabi/6.3.1/../../../../arm-atollic-eabi/lib/armv7e-m/fpu\libc_nano.a(lib_a-reent.o)