Archive member included to satisfy reference by file (symbol)

c:/program files (x86)/atollic/truestudio for stm32 9.0.1/armtools/bin/../lib/gcc/arm-atollic-eabi/6.3.1/../../../../arm-atollic-eabi/lib/armv7e-m/fpu\libc_nano.a(lib_a-init.o)
                              startup\startup_stm32f401xe.o (__libc_init_array)
c:/program files (x86)/atollic/truestudio for stm32 9.0.1/armtools/bin/../lib/gcc/arm-atollic-eabi/6.3.1/../../../../arm-atollic-eabi/lib/armv7e-m/fpu\libc_nano.a(lib_a-memcpy-stub.o)
                              Drivers\BSP\VL53L1X API\api\core\vl53l1_api.o (memcpy)
c:/program files (x86)/atollic/truestudio for stm32 9.0.1/armtools/bin/../lib/gcc/arm-atollic-eabi/6.3.1/../../../../arm-atollic-eabi/lib/armv7e-m/fpu\libc_nano.a(lib_a-memset.o)
                              Drivers\BSP\VL53L1X API\api\core\vl53l1_api.o (memset)
c:/program files (x86)/atollic/truestudio for stm32 9.0.1/armtools/bin/../lib/gcc/arm-atollic-eabi/6.3.1/../../../../arm-atollic-eabi/lib/armv7e-m/fpu\libc_nano.a(lib_a-sprintf.o)
                              Src\main.o (sprintf)
c:/program files (x86)/atollic/truestudio for stm32 9.0.1/armtools/bin/../lib/gcc/arm-atollic-eabi/6.3.1/../../../../arm-atollic-eabi/lib/armv7e-m/fpu\libc_nano.a(lib_a-strlen.o)
                              Src\main.o (strlen)
c:/program files (x86)/atollic/truestudio for stm32 9.0.1/armtools/bin/../lib/gcc/arm-atollic-eabi/6.3.1/../../../../arm-atollic-eabi/lib/armv7e-m/fpu\libc_nano.a(lib_a-strncpy.o)
                              Drivers\BSP\VL53L1X API\api\core\vl53l1_api.o (strncpy)
c:/program files (x86)/atollic/truestudio for stm32 9.0.1/armtools/bin/../lib/gcc/arm-atollic-eabi/6.3.1/../../../../arm-atollic-eabi/lib/armv7e-m/fpu\libc_nano.a(lib_a-impure.o)
                              c:/program files (x86)/atollic/truestudio for stm32 9.0.1/armtools/bin/../lib/gcc/arm-atollic-eabi/6.3.1/../../../../arm-atollic-eabi/lib/armv7e-m/fpu\libc_nano.a(lib_a-sprintf.o) (_impure_ptr)
c:/program files (x86)/atollic/truestudio for stm32 9.0.1/armtools/bin/../lib/gcc/arm-atollic-eabi/6.3.1/../../../../arm-atollic-eabi/lib/armv7e-m/fpu\libc_nano.a(lib_a-nano-svfprintf.o)
                              c:/program files (x86)/atollic/truestudio for stm32 9.0.1/armtools/bin/../lib/gcc/arm-atollic-eabi/6.3.1/../../../../arm-atollic-eabi/lib/armv7e-m/fpu\libc_nano.a(lib_a-sprintf.o) (_svfprintf_r)
c:/program files (x86)/atollic/truestudio for stm32 9.0.1/armtools/bin/../lib/gcc/arm-atollic-eabi/6.3.1/../../../../arm-atollic-eabi/lib/armv7e-m/fpu\libc_nano.a(lib_a-nano-vfprintf_i.o)
                              c:/program files (x86)/atollic/truestudio for stm32 9.0.1/armtools/bin/../lib/gcc/arm-atollic-eabi/6.3.1/../../../../arm-atollic-eabi/lib/armv7e-m/fpu\libc_nano.a(lib_a-nano-svfprintf.o) (_printf_i)
c:/program files (x86)/atollic/truestudio for stm32 9.0.1/armtools/bin/../lib/gcc/arm-atollic-eabi/6.3.1/../../../../arm-atollic-eabi/lib/armv7e-m/fpu\libc_nano.a(lib_a-memchr.o)
                              c:/program files (x86)/atollic/truestudio for stm32 9.0.1/armtools/bin/../lib/gcc/arm-atollic-eabi/6.3.1/../../../../arm-atollic-eabi/lib/armv7e-m/fpu\libc_nano.a(lib_a-nano-svfprintf.o) (memchr)
c:/program files (x86)/atollic/truestudio for stm32 9.0.1/armtools/bin/../lib/gcc/arm-atollic-eabi/6.3.1/../../../../arm-atollic-eabi/lib/armv7e-m/fpu\libc_nano.a(lib_a-memmove.o)
                              c:/program files (x86)/atollic/truestudio for stm32 9.0.1/armtools/bin/../lib/gcc/arm-atollic-eabi/6.3.1/../../../../arm-atollic-eabi/lib/armv7e-m/fpu\libc_nano.a(lib_a-nano-svfprintf.o) (memmove)
c:/program files (x86)/atollic/truestudio for stm32 9.0.1/armtools/bin/../lib/gcc/arm-atollic-eabi/6.3.1/../../../../arm-atollic-eabi/lib/armv7e-m/fpu\libc_nano.a(lib_a-nano-freer.o)
                              c:/program files (x86)/atollic/truestudio for stm32 9.0.1/armtools/bin/../lib/gcc/arm-atollic-eabi/6.3.1/../../../../arm-atollic-eabi/lib/armv7e-m/fpu\libc_nano.a(lib_a-nano-svfprintf.o) (_free_r)
c:/program files (x86)/atollic/truestudio for stm32 9.0.1/armtools/bin/../lib/gcc/arm-atollic-eabi/6.3.1/../../../../arm-atollic-eabi/lib/armv7e-m/fpu\libc_nano.a(lib_a-nano-mallocr.o)
                              c:/program files (x86)/atollic/truestudio for stm32 9.0.1/armtools/bin/../lib/gcc/arm-atollic-eabi/6.3.1/../../../../arm-atollic-eabi/lib/armv7e-m/fpu\libc_nano.a(lib_a-nano-svfprintf.o) (_malloc_r)
c:/program files (x86)/atollic/truestudio for stm32 9.0.1/armtools/bin/../lib/gcc/arm-atollic-eabi/6.3.1/../../../../arm-atollic-eabi/lib/armv7e-m/fpu\libc_nano.a(lib_a-nano-reallocr.o)
                              c:/program files (x86)/atollic/truestudio for stm32 9.0.1/armtools/bin/../lib/gcc/arm-atollic-eabi/6.3.1/../../../../arm-atollic-eabi/lib/armv7e-m/fpu\libc_nano.a(lib_a-nano-svfprintf.o) (_realloc_r)
[...]
Memory Configuration

Name             Origin             Length             Attributes
RAM              0x20000000         0x00018000         xrw
FLASH            0x08000000         0x00080000         xr
*default*        0x00000000         0xffffffff

Linker script and memory map

LOAD c:/program files (x86)/atollic/truestudio for stm32 9.0.1/armtools/bin/../lib/gcc/arm-atollic-eabi/6.3.1/armv7e-m/fpu/crti.o
LOAD c:/program files (x86)/atollic/truestudio for stm32 9.0.1/armtools/bin/../lib/gcc/arm-atollic-eabi/6.3.1/armv7e-m/fpu/crtbegin.o
LOAD Drivers\BSP\VL53L1X API\api\core\vl53l1_api.o
LOAD Drivers\BSP\VL53L1X API\api\core\vl53l1_api_calibration.o
LOAD Drivers\BSP\VL53L1X API\api\core\vl53l1_api_core.o
LOAD Drivers\BSP\VL53L1X API\api\core\vl53l1_api_debug.o
LOAD Drivers\BSP\VL53L1X API\api\core\vl53l1_api_preset_modes.o
LOAD Drivers\BSP\VL53L1X API\api\core\vl53l1_api_strings.o
LOAD Drivers\BSP\VL53L1X API\api\core\vl53l1_core.o
LOAD Drivers\BSP\VL53L1X API\api\core\vl53l1_core_support.o
LOAD Drivers\BSP\VL53L1X API\api\core\vl53l1_error_strings.o
LOAD Drivers\BSP\VL53L1X API\api\core\vl53l1_register_funcs.o
LOAD Drivers\BSP\VL53L1X API\api\core\vl53l1_silicon_core.o
LOAD Drivers\BSP\VL53L1X API\api\core\vl53l1_wait.o
LOAD Drivers\BSP\VL53L1X API\api\platform\vl53l1_platform.o
LOAD Drivers\STM32F4xx_HAL_Driver\Src\stm32f4xx_hal.o
LOAD Drivers\STM32F4xx_HAL_Driver\Src\stm32f4xx_hal_cortex.o
LOAD Drivers\STM32F4xx_HAL_Driver\Src\stm32f4xx_hal_dma.o
LOAD Drivers\STM32F4xx_HAL_Driver\Src\stm32f4xx_hal_dma_ex.o
LOAD Drivers\STM32F4xx_HAL_Driver\Src\stm32f4xx_hal_flash.o
LOAD Drivers\STM32F4xx_HAL_Driver\Src\stm32f4xx_hal_flash_ex.o
LOAD Drivers\STM32F4xx_HAL_Driver\Src\stm32f4xx_hal_flash_ramfunc.o
LOAD Drivers\STM32F4xx_HAL_Driver\Src\stm32f4xx_hal_gpio.o
LOAD Drivers\STM32F4xx_HAL_Driver\Src\stm32f4xx_hal_i2c.o
LOAD Drivers\STM32F4xx_HAL_Driver\Src\stm32f4xx_hal_i2c_ex.o
LOAD Drivers\STM32F4xx_HAL_Driver\Src\stm32f4xx_hal_pwr.o
LOAD Drivers\STM32F4xx_HAL_Driver\Src\stm32f4xx_hal_pwr_ex.o
LOAD Drivers\STM32F4xx_HAL_Driver\Src\stm32f4xx_hal_rcc.o
LOAD Drivers\STM32F4xx_HAL_Driver\Src\stm32f4xx_hal_rcc_ex.o
LOAD Drivers\STM32F4xx_HAL_Driver\Src\stm32f4xx_hal_spi.o
LOAD Drivers\STM32F4xx_HAL_Driver\Src\stm32f4xx_hal_tim.o
LOAD Drivers\STM32F4xx_HAL_Driver\Src\stm32f4xx_hal_tim_ex.o
LOAD Drivers\STM32F4xx_HAL_Driver\Src\stm32f4xx_hal_uart.o
LOAD Inc\CRC.o
LOAD Inc\Debug.o
LOAD Middlewares\Third_Party\FreeRTOS\Source\CMSIS_RTOS\cmsis_os.o
LOAD Middlewares\Third_Party\FreeRTOS\Source\croutine.o
LOAD Middlewares\Third_Party\FreeRTOS\Source\event_groups.o
LOAD Middlewares\Third_Party\FreeRTOS\Source\list.o
LOAD Middlewares\Third_Party\FreeRTOS\Source\portable\GCC\ARM_CM4F\port.o
LOAD Middlewares\Third_Party\FreeRTOS\Source\portable\MemMang\heap_4.o
LOAD Middlewares\Third_Party\FreeRTOS\Source\queue.o
LOAD Middlewares\Third_Party\FreeRTOS\Source\tasks.o
LOAD Middlewares\Third_Party\FreeRTOS\Source\timers.o
LOAD Src\TMC5160.o
LOAD Src\freertos.o
LOAD Src\main.o
LOAD Src\stm32f4xx_hal_msp.o
LOAD Src\stm32f4xx_hal_timebase_TIM.o
LOAD Src\stm32f4xx_it.o
LOAD Src\sumobot_functions.o
LOAD Src\sumobot_state_machine.o
LOAD Src\system_stm32f4xx.o
LOAD startup\startup_stm32f401xe.o
                0x00000080                malloc_getpagesize_P = 0x80
START GROUP
LOAD c:/program files (x86)/atollic/truestudio for stm32 9.0.1/armtools/bin/../lib/gcc/arm-atollic-eabi/6.3.1/../../../../arm-atollic-eabi/lib/armv7e-m/fpu\libc_nano.a
LOAD c:/program files (x86)/atollic/truestudio for stm32 9.0.1/armtools/bin/../lib/gcc/arm-atollic-eabi/6.3.1/../../../../arm-atollic-eabi/lib/armv7e-m/fpu\libm.a
END GROUP
START GROUP
LOAD c:/program files (x86)/atollic/truestudio for stm32 9.0.1/armtools/bin/../lib/gcc/arm-atollic-eabi/6.3.1/armv7e-m/fpu\libgcc.a
LOAD c:/program files (x86)/atollic/truestudio for stm32 9.0.1/armtools/bin/../lib/gcc/arm-atollic-eabi/6.3.1/../../../../arm-atollic-eabi/lib/armv7e-m/fpu\libc_nano.a
END GROUP
START GROUP
LOAD c:/program files (x86)/atollic/truestudio for stm32 9.0.1/armtools/bin/../lib/gcc/arm-atollic-eabi/6.3.1/armv7e-m/fpu\libgcc.a
LOAD c:/program files (x86)/atollic/truestudio for stm32 9.0.1/armtools/bin/../lib/gcc/arm-atollic-eabi/6.3.1/../../../../arm-atollic-eabi/lib/armv7e-m/fpu\libc_nano.a
LOAD c:/program files (x86)/atollic/truestudio for stm32 9.0.1/armtools/bin/../lib/gcc/arm-atollic-eabi/6.3.1/../../../../arm-atollic-eabi/lib/armv7e-m/fpu\libnosys.a
END GROUP
START GROUP
LOAD c:/program files (x86)/atollic/truestudio for stm32 9.0.1/armtools/bin/../lib/gcc/arm-atollic-eabi/6.3.1/armv7e-m/fpu\libgcc.a
LOAD c:/program files (x86)/atollic/truestudio for stm32 9.0.1/armtools/bin/../lib/gcc/arm-atollic-eabi/6.3.1/../../../../arm-atollic-eabi/lib/armv7e-m/fpu\libc_nano.a
LOAD c:/program files (x86)/atollic/truestudio for stm32 9.0.1/armtools/bin/../lib/gcc/arm-atollic-eabi/6.3.1/../../../../arm-atollic-eabi/lib/armv7e-m/fpu\libnosys.a
END GROUP
LOAD c:/program files (x86)/atollic/truestudio for stm32 9.0.1/armtools/bin/../lib/gcc/arm-atollic-eabi/6.3.1/armv7e-m/fpu/crtend.o
LOAD c:/program files (x86)/atollic/truestudio for stm32 9.0.1/armtools/bin/../lib/gcc/arm-atollic-eabi/6.3.1/armv7e-m/fpu/crtn.o
                0x20018000                _estack = 0x20018000
                0x00000200                _Min_Heap_Size = 0x200
                0x00000400                _Min_Stack_Size = 0x400

.isr_vector     0x08000000      0x194
                0x08000000                . = ALIGN (0x4)
 *(.isr_vector)
 .isr_vector    0x08000000      0x194 startup\startup_stm32f401xe.o
                0x08000000                g_pfnVectors
                0x08000194                . = ALIGN (0x4)

.text           0x080001a0     0xce5c
                0x080001a0                . = ALIGN (0x4)
 *(.text)
 .text          0x080001a0       0x40 c:/program files (x86)/atollic/truestudio for stm32 9.0.1/armtools/bin/../lib/gcc/arm-atollic-eabi/6.3.1/armv7e-m/fpu/crtbegin.o
 .text          0x080001e0       0x10 c:/program files (x86)/atollic/truestudio for stm32 9.0.1/armtools/bin/../lib/gcc/arm-atollic-eabi/6.3.1/../../../../arm-atollic-eabi/lib/armv7e-m/fpu\libc_nano.a(lib_a-strlen.o)
                0x080001e0                strlen
 .text          0x080001f0       0xa0 c:/program files (x86)/atollic/truestudio for stm32 9.0.1/armtools/bin/../lib/gcc/arm-atollic-eabi/6.3.1/../../../../arm-atollic-eabi/lib/armv7e-m/fpu\libc_nano.a(lib_a-memchr.o)
                0x080001f0                memchr
 .text          0x08000290       0x30 c:/program files (x86)/atollic/truestudio for stm32 9.0.1/armtools/bin/../lib/gcc/arm-atollic-eabi/6.3.1/armv7e-m/fpu\libgcc.a(_aeabi_uldivmod.o)
                0x08000290                __aeabi_uldivmod
 .text          0x080002c0      0x2dc c:/program files (x86)/atollic/truestudio for stm32 9.0.1/armtools/bin/../lib/gcc/arm-atollic-eabi/6.3.1/armv7e-m/fpu\libgcc.a(_udivmoddi4.o)
                0x080002c0                __udivmoddi4
 .text          0x0800059c        0x4 c:/program files (x86)/atollic/truestudio for stm32 9.0.1/armtools/bin/../lib/gcc/arm-atollic-eabi/6.3.1/armv7e-m/fpu\libgcc.a(_dvmd_tls.o)
                0x0800059c                __aeabi_idiv0
                0x0800059c                __aeabi_ldiv0
 *(.text*)
 .text.ConvertModeToLLD
                0x080005a0       0x58 Drivers\BSP\VL53L1X API\api\core\vl53l1_api.o
 .text.VL53L1_SetDeviceAddress
                0x080005f8       0x30 Drivers\BSP\VL53L1X API\api\core\vl53l1_api.o
                0x080005f8                VL53L1_SetDeviceAddress
 .text.VL53L1_DataInit
                0x08000628       0xaa Drivers\BSP\VL53L1X API\api\core\vl53l1_api.o
                0x08000628                VL53L1_DataInit
 .text.VL53L1_StaticInit
                0x080006d2       0x4e Drivers\BSP\VL53L1X API\api\core\vl53l1_api.o
                0x080006d2                VL53L1_StaticInit
 .text.VL53L1_WaitDeviceBooted
                0x08000720       0x26 Drivers\BSP\VL53L1X API\api\core\vl53l1_api.o
                0x08000720                VL53L1_WaitDeviceBooted
 *fill*         0x08000746        0x2 
 .text.ComputeDevicePresetMode
                0x08000748       0xd4 Drivers\BSP\VL53L1X API\api\core\vl53l1_api.o
 .text.SetPresetMode
                0x0800081c       0xce Drivers\BSP\VL53L1X API\api\core\vl53l1_api.o
 .text.VL53L1_SetPresetMode
                0x080008ea       0x90 Drivers\BSP\VL53L1X API\api\core\vl53l1_api.o
                0x080008ea                VL53L1_SetPresetMode
 .text.VL53L1_SetDistanceMode
                0x0800097a      0x10c Drivers\BSP\VL53L1X API\api\core\vl53l1_api.o
                0x0800097a                VL53L1_SetDistanceMode
 *fill*         0x08000a86        0x2 
 .text.VL53L1_SetMeasurementTimingBudgetMicroSeconds
                0x08000a88      0x1a8 Drivers\BSP\VL53L1X API\api\core\vl53l1_api.o
                0x08000a88                VL53L1_SetMeasurementTimingBudgetMicroSeconds
 .text.VL53L1_GetMeasurementTimingBudgetMicroSeconds
                0x08000c30      0x152 Drivers\BSP\VL53L1X API\api\core\vl53l1_api.o
                0x08000c30                VL53L1_GetMeasurementTimingBudgetMicroSeconds
 *fill*         0x08000d82        0x2 
 .text.VL53L1_SetInterMeasurementPeriodMilliSeconds
                0x08000d84       0x40 Drivers\BSP\VL53L1X API\api\core\vl53l1_api.o
                0x08000d84                VL53L1_SetInterMeasurementPeriodMilliSeconds
 .text.VL53L1_GetInterMeasurementPeriodMilliSeconds
                0x08000dc4       0x48 Drivers\BSP\VL53L1X API\api\core\vl53l1_api.o
                0x08000dc4                VL53L1_GetInterMeasurementPeriodMilliSeconds
 .text.SetLimitValue
                0x08000e0c       0x52 Drivers\BSP\VL53L1X API\api\core\vl53l1_api.o
 .text.VL53L1_SetLimitCheckEnable
                0x08000e5e       0x7c Drivers\BSP\VL53L1X API\api\core\vl53l1_api.o
                0x08000e5e                VL53L1_SetLimitCheckEnable
 .text.VL53L1_GetLimitCheckEnable
                0x08000eda       0x46 Drivers\BSP\VL53L1X API\api\core\vl53l1_api.o
                0x08000eda                VL53L1_GetLimitCheckEnable
 .text.VL53L1_SetLimitCheckValue
                0x08000f20       0x72 Drivers\BSP\VL53L1X API\api\core\vl53l1_api.o
                0x08000f20                VL53L1_SetLimitCheckValue
 .text.VL53L1_GetLimitCheckValue
                0x08000f92       0xae Drivers\BSP\VL53L1X API\api\core\vl53l1_api.o
                0x08000f92                VL53L1_GetLimitCheckValue
 .text.VL53L1_GetSequenceStepEnable
                0x08001040       0x2e Drivers\BSP\VL53L1X API\api\core\vl53l1_api.o
                0x08001040                VL53L1_GetSequenceStepEnable
 *fill*         0x0800106e        0x2 
 .text.VL53L1_StartMeasurement
                0x08001070       0xc8 Drivers\BSP\VL53L1X API\api\core\vl53l1_api.o
                0x08001070                VL53L1_StartMeasurement
 .text.ChangePresetMode
                0x08001138      0x124 Drivers\BSP\VL53L1X API\api\core\vl53l1_api.o
 .text.VL53L1_ClearInterruptAndStartMeasurement
                0x0800125c       0x50 Drivers\BSP\VL53L1X API\api\core\vl53l1_api.o
                0x0800125c                VL53L1_ClearInterruptAndStartMeasurement
 .text.VL53L1_GetMeasurementDataReady
                0x080012ac       0x26 Drivers\BSP\VL53L1X API\api\core\vl53l1_api.o
                0x080012ac                VL53L1_GetMeasurementDataReady
 *fill*         0x080012d2        0x2 
 .text.ComputeRQL
                0x080012d4       0xf4 Drivers\BSP\VL53L1X API\api\core\vl53l1_api.o
 .text.ConvertStatusLite
                0x080013c8       0xa0 Drivers\BSP\VL53L1X API\api\core\vl53l1_api.o
 .text.SetSimpleData
                0x08001468      0x1f8 Drivers\BSP\VL53L1X API\api\core\vl53l1_api.o
 .text.VL53L1_GetRangingMeasurementData
                0x08001660       0x78 Drivers\BSP\VL53L1X API\api\core\vl53l1_api.o
                0x08001660                VL53L1_GetRangingMeasurementData
 .text.VL53L1_SetThresholdConfig
                0x080016d8      0x1ac Drivers\BSP\VL53L1X API\api\core\vl53l1_api.o
                0x080016d8                VL53L1_SetThresholdConfig
 .text.VL53L1_data_init
                0x08001884      0x13a Drivers\BSP\VL53L1X API\api\core\vl53l1_api_core.o
                0x08001884                VL53L1_data_init
 .text.VL53L1_read_p2p_data
                0x080019be      0x100 Drivers\BSP\VL53L1X API\api\core\vl53l1_api_core.o
                0x080019be                VL53L1_read_p2p_data
 .text.VL53L1_set_inter_measurement_period_ms
                0x08001abe       0x52 Drivers\BSP\VL53L1X API\api\core\vl53l1_api_core.o
                0x08001abe                VL53L1_set_inter_measurement_period_ms
 .text.VL53L1_get_inter_measurement_period_ms
                0x08001b10       0x4c Drivers\BSP\VL53L1X API\api\core\vl53l1_api_core.o
                0x08001b10                VL53L1_get_inter_measurement_period_ms
 .text.VL53L1_set_timeouts_us
                0x08001b5c       0x70 Drivers\BSP\VL53L1X API\api\core\vl53l1_api_core.o
                0x08001b5c                VL53L1_set_timeouts_us
 .text.VL53L1_get_timeouts_us
                0x08001bcc       0xd6 Drivers\BSP\VL53L1X API\api\core\vl53l1_api_core.o
                0x08001bcc                VL53L1_get_timeouts_us
 .text.VL53L1_get_sequence_config_bit
                0x08001ca2       0x6e Drivers\BSP\VL53L1X API\api\core\vl53l1_api_core.o
                0x08001ca2                VL53L1_get_sequence_config_bit
 .text.VL53L1_set_user_zone
                0x08001d10       0x46 Drivers\BSP\VL53L1X API\api\core\vl53l1_api_core.o
                0x08001d10                VL53L1_set_user_zone
 .text.VL53L1_get_user_zone
                0x08001d56       0x44 Drivers\BSP\VL53L1X API\api\core\vl53l1_api_core.o
                0x08001d56                VL53L1_get_user_zone
 .text.VL53L1_get_mode_mitigation_roi
                0x08001d9a       0x68 Drivers\BSP\VL53L1X API\api\core\vl53l1_api_core.o
                0x08001d9a                VL53L1_get_mode_mitigation_roi
 *fill*         0x08001e02        0x2 
 .text.VL53L1_get_preset_mode_timing_cfg
                0x08001e04      0x154 Drivers\BSP\VL53L1X API\api\core\vl53l1_api_core.o
                0x08001e04                VL53L1_get_preset_mode_timing_cfg
 .text.VL53L1_set_preset_mode
                0x08001f58      0x2ec Drivers\BSP\VL53L1X API\api\core\vl53l1_api_core.o
                0x08001f58                VL53L1_set_preset_mode
 .text.VL53L1_get_lite_sigma_threshold
                0x08002244       0x2c Drivers\BSP\VL53L1X API\api\core\vl53l1_api_core.o
                0x08002244                VL53L1_get_lite_sigma_threshold
 .text.VL53L1_set_lite_sigma_threshold
                0x08002270       0x2c Drivers\BSP\VL53L1X API\api\core\vl53l1_api_core.o
                0x08002270                VL53L1_set_lite_sigma_threshold
 .text.VL53L1_get_lite_min_count_rate
                0x0800229c       0x2c Drivers\BSP\VL53L1X API\api\core\vl53l1_api_core.o
                0x0800229c                VL53L1_get_lite_min_count_rate
 .text.VL53L1_set_lite_min_count_rate
                0x080022c8       0x2c Drivers\BSP\VL53L1X API\api\core\vl53l1_api_core.o
                0x080022c8                VL53L1_set_lite_min_count_rate
 .text.VL53L1_set_vhv_loopbound
                0x080022f4       0x40 Drivers\BSP\VL53L1X API\api\core\vl53l1_api_core.o
                0x080022f4                VL53L1_set_vhv_loopbound
 .text.VL53L1_init_and_start_range
                0x08002334      0x454 Drivers\BSP\VL53L1X API\api\core\vl53l1_api_core.o
                0x08002334                VL53L1_init_and_start_range
 .text.VL53L1_stop_range
                0x08002788       0x74 Drivers\BSP\VL53L1X API\api\core\vl53l1_api_core.o
                0x08002788                VL53L1_stop_range
 .text.VL53L1_get_measurement_results
                0x080027fc      0x14e Drivers\BSP\VL53L1X API\api\core\vl53l1_api_core.o
                0x080027fc                VL53L1_get_measurement_results
 .text.VL53L1_get_device_results
                0x0800294a       0xfc Drivers\BSP\VL53L1X API\api\core\vl53l1_api_core.o
                0x0800294a                VL53L1_get_device_results
 .text.VL53L1_clear_interrupt_and_enable_next_range
                0x08002a46       0x34 Drivers\BSP\VL53L1X API\api\core\vl53l1_api_core.o
                0x08002a46                VL53L1_clear_interrupt_and_enable_next_range
 *fill*         0x08002a7a        0x2 
 .text.VL53L1_copy_sys_and_core_results_to_range_results
                0x08002a7c      0x25c Drivers\BSP\VL53L1X API\api\core\vl53l1_api_core.o
                0x08002a7c                VL53L1_copy_sys_and_core_results_to_range_results
 .text.VL53L1_set_GPIO_interrupt_config_struct
                0x08002cd8       0x5c Drivers\BSP\VL53L1X API\api\core\vl53l1_api_core.o
                0x08002cd8                VL53L1_set_GPIO_interrupt_config_struct
 .text.VL53L1_get_GPIO_interrupt_config
                0x08002d34       0x86 Drivers\BSP\VL53L1X API\api\core\vl53l1_api_core.o
                0x08002d34                VL53L1_get_GPIO_interrupt_config
 *fill*         0x08002dba        0x2 
 .text.VL53L1_get_tuning_parm
                0x08002dbc      0x448 Drivers\BSP\VL53L1X API\api\core\vl53l1_api_core.o
                0x08002dbc                VL53L1_get_tuning_parm
 .text.VL53L1_init_refspadchar_config_struct
                0x08003204       0x48 Drivers\BSP\VL53L1X API\api\core\vl53l1_api_preset_modes.o
                0x08003204                VL53L1_init_refspadchar_config_struct
 .text.VL53L1_init_ssc_config_struct
                0x0800324c       0x42 Drivers\BSP\VL53L1X API\api\core\vl53l1_api_preset_modes.o
                0x0800324c                VL53L1_init_ssc_config_struct
 .text.VL53L1_init_xtalk_config_struct
                0x0800328e       0xc4 Drivers\BSP\VL53L1X API\api\core\vl53l1_api_preset_modes.o
                0x0800328e                VL53L1_init_xtalk_config_struct
 .text.VL53L1_init_offset_cal_config_struct
                0x08003352       0x4e Drivers\BSP\VL53L1X API\api\core\vl53l1_api_preset_modes.o
                0x08003352                VL53L1_init_offset_cal_config_struct
 .text.VL53L1_init_tuning_parm_storage_struct
                0x080033a0      0x11c Drivers\BSP\VL53L1X API\api\core\vl53l1_api_preset_modes.o
                0x080033a0                VL53L1_init_tuning_parm_storage_struct
 .text.VL53L1_preset_mode_standard_ranging
                0x080034bc      0x23c Drivers\BSP\VL53L1X API\api\core\vl53l1_api_preset_modes.o
                0x080034bc                VL53L1_preset_mode_standard_ranging
 .text.VL53L1_preset_mode_standard_ranging_short_range
                0x080036f8       0x82 Drivers\BSP\VL53L1X API\api\core\vl53l1_api_preset_modes.o
                0x080036f8                VL53L1_preset_mode_standard_ranging_short_range
 .text.VL53L1_preset_mode_standard_ranging_long_range
                0x0800377a       0x82 Drivers\BSP\VL53L1X API\api\core\vl53l1_api_preset_modes.o
                0x0800377a                VL53L1_preset_mode_standard_ranging_long_range
 .text.VL53L1_preset_mode_standard_ranging_mm1_cal
                0x080037fc       0x4a Drivers\BSP\VL53L1X API\api\core\vl53l1_api_preset_modes.o
                0x080037fc                VL53L1_preset_mode_standard_ranging_mm1_cal
 .text.VL53L1_preset_mode_standard_ranging_mm2_cal
                0x08003846       0x4a Drivers\BSP\VL53L1X API\api\core\vl53l1_api_preset_modes.o
                0x08003846                VL53L1_preset_mode_standard_ranging_mm2_cal
 .text.VL53L1_preset_mode_timed_ranging
                0x08003890       0x74 Drivers\BSP\VL53L1X API\api\core\vl53l1_api_preset_modes.o
                0x08003890                VL53L1_preset_mode_timed_ranging
 .text.VL53L1_preset_mode_timed_ranging_short_range
                0x08003904       0x74 Drivers\BSP\VL53L1X API\api\core\vl53l1_api_preset_modes.o
                0x08003904                VL53L1_preset_mode_timed_ranging_short_range
 .text.VL53L1_preset_mode_timed_ranging_long_range
                0x08003978       0x74 Drivers\BSP\VL53L1X API\api\core\vl53l1_api_preset_modes.o
                0x08003978                VL53L1_preset_mode_timed_ranging_long_range
 .text.VL53L1_preset_mode_low_power_auto_ranging
                0x080039ec       0x4c Drivers\BSP\VL53L1X API\api\core\vl53l1_api_preset_modes.o
                0x080039ec                VL53L1_preset_mode_low_power_auto_ranging
 .text.VL53L1_preset_mode_low_power_auto_short_ranging
                0x08003a38       0x4c Drivers\BSP\VL53L1X API\api\core\vl53l1_api_preset_modes.o
                0x08003a38                VL53L1_preset_mode_low_power_auto_short_ranging
 .text.VL53L1_preset_mode_low_power_auto_long_ranging
                0x08003a84       0x4c Drivers\BSP\VL53L1X API\api\core\vl53l1_api_preset_modes.o
                0x08003a84                VL53L1_preset_mode_low_power_auto_long_ranging
 .text.VL53L1_preset_mode_singleshot_ranging
                0x08003ad0       0x6c Drivers\BSP\VL53L1X API\api\core\vl53l1_api_preset_modes.o
                0x08003ad0                VL53L1_preset_mode_singleshot_ranging
 .text.VL53L1_preset_mode_olt
                0x08003b3c       0x44 Drivers\BSP\VL53L1X API\api\core\vl53l1_api_preset_modes.o
                0x08003b3c                VL53L1_preset_mode_olt
 .text.VL53L1_init_version
                0x08003b80       0x38 Drivers\BSP\VL53L1X API\api\core\vl53l1_core.o
                0x08003b80                VL53L1_init_version
 .text.VL53L1_init_ll_driver_state
                0x08003bb8       0x52 Drivers\BSP\VL53L1X API\api\core\vl53l1_core.o
                0x08003bb8                VL53L1_init_ll_driver_state
 *fill*         0x08003c0a        0x2 
 .text.VL53L1_update_ll_driver_rd_state
                0x08003c0c      0x110 Drivers\BSP\VL53L1X API\api\core\vl53l1_core.o
                0x08003c0c                VL53L1_update_ll_driver_rd_state
 .text.VL53L1_check_ll_driver_rd_state
                0x08003d1c       0x96 Drivers\BSP\VL53L1X API\api\core\vl53l1_core.o
                0x08003d1c                VL53L1_check_ll_driver_rd_state
 .text.VL53L1_update_ll_driver_cfg_state
                0x08003db2       0xcc Drivers\BSP\VL53L1X API\api\core\vl53l1_core.o
                0x08003db2                VL53L1_update_ll_driver_cfg_state
 .text.VL53L1_copy_rtn_good_spads_to_buffer
                0x08003e7e      0x174 Drivers\BSP\VL53L1X API\api\core\vl53l1_core.o
                0x08003e7e                VL53L1_copy_rtn_good_spads_to_buffer
 .text.VL53L1_i2c_encode_uint16_t
                0x08003ff2       0x54 Drivers\BSP\VL53L1X API\api\core\vl53l1_core.o
                0x08003ff2                VL53L1_i2c_encode_uint16_t
 .text.VL53L1_i2c_decode_uint16_t
                0x08004046       0x40 Drivers\BSP\VL53L1X API\api\core\vl53l1_core.o
                0x08004046                VL53L1_i2c_decode_uint16_t
 .text.VL53L1_i2c_encode_int16_t
                0x08004086       0x56 Drivers\BSP\VL53L1X API\api\core\vl53l1_core.o
                0x08004086                VL53L1_i2c_encode_int16_t
 .text.VL53L1_i2c_decode_int16_t
                0x080040dc       0x52 Drivers\BSP\VL53L1X API\api\core\vl53l1_core.o
                0x080040dc                VL53L1_i2c_decode_int16_t
 .text.VL53L1_i2c_encode_uint32_t
                0x0800412e       0x52 Drivers\BSP\VL53L1X API\api\core\vl53l1_core.o
                0x0800412e                VL53L1_i2c_encode_uint32_t
 .text.VL53L1_i2c_decode_uint32_t
                0x08004180       0x3a Drivers\BSP\VL53L1X API\api\core\vl53l1_core.o
                0x08004180                VL53L1_i2c_decode_uint32_t
 .text.VL53L1_i2c_decode_int32_t
                0x080041ba       0x4a Drivers\BSP\VL53L1X API\api\core\vl53l1_core.o
                0x080041ba                VL53L1_i2c_decode_int32_t
 .text.VL53L1_calc_macro_period_us
                0x08004204       0x5e Drivers\BSP\VL53L1X API\api\core\vl53l1_core.o
                0x08004204                VL53L1_calc_macro_period_us
 *fill*         0x08004262        0x2 
 .text.VL53L1_calc_range_ignore_threshold
                0x08004264       0xc4 Drivers\BSP\VL53L1X API\api\core\vl53l1_core.o
                0x08004264                VL53L1_calc_range_ignore_threshold
 .text.VL53L1_calc_timeout_mclks
                0x08004328       0x2e Drivers\BSP\VL53L1X API\api\core\vl53l1_core.o
                0x08004328                VL53L1_calc_timeout_mclks
 .text.VL53L1_calc_encoded_timeout
                0x08004356       0x30 Drivers\BSP\VL53L1X API\api\core\vl53l1_core.o
                0x08004356                VL53L1_calc_encoded_timeout
 .text.VL53L1_calc_timeout_us
                0x08004386       0x72 Drivers\BSP\VL53L1X API\api\core\vl53l1_core.o
                0x08004386                VL53L1_calc_timeout_us
 .text.VL53L1_calc_decoded_timeout_us
                0x080043f8       0x32 Drivers\BSP\VL53L1X API\api\core\vl53l1_core.o
                0x080043f8                VL53L1_calc_decoded_timeout_us
 .text.VL53L1_encode_timeout
                0x0800442a       0x58 Drivers\BSP\VL53L1X API\api\core\vl53l1_core.o
                0x0800442a                VL53L1_encode_timeout
 .text.VL53L1_decode_timeout
                0x08004482       0x2c Drivers\BSP\VL53L1X API\api\core\vl53l1_core.o
                0x08004482                VL53L1_decode_timeout
 .text.VL53L1_calc_timeout_register_values
                0x080044ae       0xf2 Drivers\BSP\VL53L1X API\api\core\vl53l1_core.o
                0x080044ae                VL53L1_calc_timeout_register_values
 .text.VL53L1_encode_row_col
                0x080045a0       0x4e Drivers\BSP\VL53L1X API\api\core\vl53l1_core.o
                0x080045a0                VL53L1_encode_row_col
 .text.VL53L1_decode_zone_size
                0x080045ee       0x30 Drivers\BSP\VL53L1X API\api\core\vl53l1_core.o
                0x080045ee                VL53L1_decode_zone_size
 .text.VL53L1_encode_zone_size
                0x0800461e       0x2c Drivers\BSP\VL53L1X API\api\core\vl53l1_core.o
                0x0800461e                VL53L1_encode_zone_size
 .text.VL53L1_encode_GPIO_interrupt_config
                0x0800464a       0x64 Drivers\BSP\VL53L1X API\api\core\vl53l1_core.o
                0x0800464a                VL53L1_encode_GPIO_interrupt_config
 .text.VL53L1_decode_GPIO_interrupt_config
                0x080046ae       0x76 Drivers\BSP\VL53L1X API\api\core\vl53l1_core.o
                0x080046ae                VL53L1_decode_GPIO_interrupt_config
 .text.VL53L1_set_GPIO_distance_threshold
                0x08004724       0x38 Drivers\BSP\VL53L1X API\api\core\vl53l1_core.o
                0x08004724                VL53L1_set_GPIO_distance_threshold
 .text.VL53L1_set_GPIO_rate_threshold
                0x0800475c       0x38 Drivers\BSP\VL53L1X API\api\core\vl53l1_core.o
                0x0800475c                VL53L1_set_GPIO_rate_threshold
 .text.VL53L1_set_GPIO_thresholds_from_struct
                0x08004794       0x4a Drivers\BSP\VL53L1X API\api\core\vl53l1_core.o
                0x08004794                VL53L1_set_GPIO_thresholds_from_struct
 .text.VL53L1_low_power_auto_data_init
                0x080047de       0x68 Drivers\BSP\VL53L1X API\api\core\vl53l1_core.o
                0x080047de                VL53L1_low_power_auto_data_init
 .text.VL53L1_low_power_auto_data_stop_range
                0x08004846       0x74 Drivers\BSP\VL53L1X API\api\core\vl53l1_core.o
                0x08004846                VL53L1_low_power_auto_data_stop_range
 .text.VL53L1_config_low_power_auto_mode
                0x080048ba       0x40 Drivers\BSP\VL53L1X API\api\core\vl53l1_core.o
                0x080048ba                VL53L1_config_low_power_auto_mode
 .text.VL53L1_low_power_auto_setup_manual_calibration
                0x080048fa       0x8a Drivers\BSP\VL53L1X API\api\core\vl53l1_core.o
                0x080048fa                VL53L1_low_power_auto_setup_manual_calibration
 .text.VL53L1_low_power_auto_update_DSS
                0x08004984       0xee Drivers\BSP\VL53L1X API\api\core\vl53l1_core.o
                0x08004984                VL53L1_low_power_auto_update_DSS
 .text.VL53L1_calc_pll_period_us
                0x08004a72       0x28 Drivers\BSP\VL53L1X API\api\core\vl53l1_core_support.o
                0x08004a72                VL53L1_calc_pll_period_us
 .text.VL53L1_decode_vcsel_period
                0x08004a9a       0x26 Drivers\BSP\VL53L1X API\api\core\vl53l1_core_support.o
                0x08004a9a                VL53L1_decode_vcsel_period
 .text.VL53L1_decode_row_col
                0x08004ac0       0x5e Drivers\BSP\VL53L1X API\api\core\vl53l1_core_support.o
                0x08004ac0                VL53L1_decode_row_col
 .text.VL53L1_i2c_encode_static_nvm_managed
                0x08004b1e       0xb6 Drivers\BSP\VL53L1X API\api\core\vl53l1_register_funcs.o
                0x08004b1e                VL53L1_i2c_encode_static_nvm_managed
 .text.VL53L1_i2c_decode_static_nvm_managed
                0x08004bd4       0xb4 Drivers\BSP\VL53L1X API\api\core\vl53l1_register_funcs.o
                0x08004bd4                VL53L1_i2c_decode_static_nvm_managed
 .text.VL53L1_get_static_nvm_managed
                0x08004c88       0x4e Drivers\BSP\VL53L1X API\api\core\vl53l1_register_funcs.o
                0x08004c88                VL53L1_get_static_nvm_managed
 .text.VL53L1_i2c_encode_customer_nvm_managed
                0x08004cd6      0x114 Drivers\BSP\VL53L1X API\api\core\vl53l1_register_funcs.o
                0x08004cd6                VL53L1_i2c_encode_customer_nvm_managed
 .text.VL53L1_i2c_decode_customer_nvm_managed
                0x08004dea      0x11a Drivers\BSP\VL53L1X API\api\core\vl53l1_register_funcs.o
                0x08004dea                VL53L1_i2c_decode_customer_nvm_managed
 .text.VL53L1_get_customer_nvm_managed
                0x08004f04       0x4e Drivers\BSP\VL53L1X API\api\core\vl53l1_register_funcs.o
                0x08004f04                VL53L1_get_customer_nvm_managed
 .text.VL53L1_i2c_encode_static_config
                0x08004f52      0x1c6 Drivers\BSP\VL53L1X API\api\core\vl53l1_register_funcs.o
                0x08004f52                VL53L1_i2c_encode_static_config
 .text.VL53L1_i2c_encode_general_config
                0x08005118      0x108 Drivers\BSP\VL53L1X API\api\core\vl53l1_register_funcs.o
                0x08005118                VL53L1_i2c_encode_general_config
 .text.VL53L1_i2c_encode_timing_config
                0x08005220      0x104 Drivers\BSP\VL53L1X API\api\core\vl53l1_register_funcs.o
                0x08005220                VL53L1_i2c_encode_timing_config
 .text.VL53L1_i2c_encode_dynamic_config
                0x08005324      0x10a Drivers\BSP\VL53L1X API\api\core\vl53l1_register_funcs.o
                0x08005324                VL53L1_i2c_encode_dynamic_config
 .text.VL53L1_i2c_encode_system_control
                0x0800542e       0x76 Drivers\BSP\VL53L1X API\api\core\vl53l1_register_funcs.o
                0x0800542e                VL53L1_i2c_encode_system_control
 .text.VL53L1_set_system_control
                0x080054a4       0x4e Drivers\BSP\VL53L1X API\api\core\vl53l1_register_funcs.o
                0x080054a4                VL53L1_set_system_control
 .text.VL53L1_i2c_decode_system_results
                0x080054f2      0x1ec Drivers\BSP\VL53L1X API\api\core\vl53l1_register_funcs.o
                0x080054f2                VL53L1_i2c_decode_system_results
 .text.VL53L1_i2c_decode_core_results
                0x080056de       0xc2 Drivers\BSP\VL53L1X API\api\core\vl53l1_register_funcs.o
                0x080056de                VL53L1_i2c_decode_core_results
 .text.VL53L1_i2c_decode_debug_results
                0x080057a0      0x2e4 Drivers\BSP\VL53L1X API\api\core\vl53l1_register_funcs.o
                0x080057a0                VL53L1_i2c_decode_debug_results
 .text.VL53L1_i2c_decode_nvm_copy_data
                0x08005a84      0x24c Drivers\BSP\VL53L1X API\api\core\vl53l1_register_funcs.o
                0x08005a84                VL53L1_i2c_decode_nvm_copy_data
 .text.VL53L1_get_nvm_copy_data
                0x08005cd0       0x56 Drivers\BSP\VL53L1X API\api\core\vl53l1_register_funcs.o
                0x08005cd0                VL53L1_get_nvm_copy_data
 .text.VL53L1_is_new_data_ready
                0x08005d26       0x72 Drivers\BSP\VL53L1X API\api\core\vl53l1_wait.o
                0x08005d26                VL53L1_is_new_data_ready
 .text.VL53L1_poll_for_boot_completion
                0x08005d98       0x58 Drivers\BSP\VL53L1X API\api\core\vl53l1_wait.o
                0x08005d98                VL53L1_poll_for_boot_completion
 .text._I2CWrite
                0x08005df0       0x42 Drivers\BSP\VL53L1X API\api\platform\vl53l1_platform.o
                0x08005df0                _I2CWrite
 .text._I2CRead
                0x08005e32       0x48 Drivers\BSP\VL53L1X API\api\platform\vl53l1_platform.o
                0x08005e32                _I2CRead
 *fill*         0x08005e7a        0x2 
 .text.VL53L1_WriteMulti
                0x08005e7c       0x6c Drivers\BSP\VL53L1X API\api\platform\vl53l1_platform.o
                0x08005e7c                VL53L1_WriteMulti
 .text.VL53L1_ReadMulti
                0x08005ee8       0x68 Drivers\BSP\VL53L1X API\api\platform\vl53l1_platform.o
                0x08005ee8                VL53L1_ReadMulti
 .text.VL53L1_WrByte
                0x08005f50       0x54 Drivers\BSP\VL53L1X API\api\platform\vl53l1_platform.o
                0x08005f50                VL53L1_WrByte
 .text.VL53L1_RdByte
                0x08005fa4       0x64 Drivers\BSP\VL53L1X API\api\platform\vl53l1_platform.o
                0x08005fa4                VL53L1_RdByte
 .text.VL53L1_RdWord
                0x08006008       0x80 Drivers\BSP\VL53L1X API\api\platform\vl53l1_platform.o
                0x08006008                VL53L1_RdWord
 .text.VL53L1_GetTickCount
                0x08006088       0x22 Drivers\BSP\VL53L1X API\api\platform\vl53l1_platform.o
                0x08006088                VL53L1_GetTickCount
 .text.VL53L1_WaitMs
                0x080060aa       0x1c Drivers\BSP\VL53L1X API\api\platform\vl53l1_platform.o
                0x080060aa                VL53L1_WaitMs
 *fill*         0x080060c6        0x2 
 .text.VL53L1_WaitUs
                0x080060c8       0x2c Drivers\BSP\VL53L1X API\api\platform\vl53l1_platform.o
                0x080060c8                VL53L1_WaitUs
 .text.VL53L1_WaitValueMaskEx
                0x080060f4      0x128 Drivers\BSP\VL53L1X API\api\platform\vl53l1_platform.o
                0x080060f4                VL53L1_WaitValueMaskEx
 .text.HAL_Init
                0x0800621c       0x44 Drivers\STM32F4xx_HAL_Driver\Src\stm32f4xx_hal.o
                0x0800621c                HAL_Init
 .text.HAL_IncTick
                0x08006260       0x28 Drivers\STM32F4xx_HAL_Driver\Src\stm32f4xx_hal.o
                0x08006260                HAL_IncTick
 .text.HAL_GetTick
                0x08006288       0x18 Drivers\STM32F4xx_HAL_Driver\Src\stm32f4xx_hal.o
                0x08006288                HAL_GetTick
 .text.HAL_Delay
                0x080062a0       0x44 Drivers\STM32F4xx_HAL_Driver\Src\stm32f4xx_hal.o
                0x080062a0                HAL_Delay
 .text.NVIC_SetPriorityGrouping
                0x080062e4       0x48 Drivers\STM32F4xx_HAL_Driver\Src\stm32f4xx_hal_cortex.o
 .text.NVIC_GetPriorityGrouping
                0x0800632c       0x1c Drivers\STM32F4xx_HAL_Driver\Src\stm32f4xx_hal_cortex.o
 .text.NVIC_EnableIRQ
                0x08006348       0x34 Drivers\STM32F4xx_HAL_Driver\Src\stm32f4xx_hal_cortex.o
 .text.NVIC_SetPriority
                0x0800637c       0x54 Drivers\STM32F4xx_HAL_Driver\Src\stm32f4xx_hal_cortex.o
 .text.NVIC_EncodePriority
                0x080063d0       0x62 Drivers\STM32F4xx_HAL_Driver\Src\stm32f4xx_hal_cortex.o
 *fill*         0x08006432        0x2 
 .text.SysTick_Config
                0x08006434       0x44 Drivers\STM32F4xx_HAL_Driver\Src\stm32f4xx_hal_cortex.o
 .text.HAL_NVIC_SetPriorityGrouping
                0x08006478       0x16 Drivers\STM32F4xx_HAL_Driver\Src\stm32f4xx_hal_cortex.o
                0x08006478                HAL_NVIC_SetPriorityGrouping
 .text.HAL_NVIC_SetPriority
                0x0800648e       0x38 Drivers\STM32F4xx_HAL_Driver\Src\stm32f4xx_hal_cortex.o
                0x0800648e                HAL_NVIC_SetPriority
 .text.HAL_NVIC_EnableIRQ
                0x080064c6       0x1c Drivers\STM32F4xx_HAL_Driver\Src\stm32f4xx_hal_cortex.o
                0x080064c6                HAL_NVIC_EnableIRQ
 .text.HAL_SYSTICK_Config
                0x080064e2       0x18 Drivers\STM32F4xx_HAL_Driver\Src\stm32f4xx_hal_cortex.o
                0x080064e2                HAL_SYSTICK_Config
 *fill*         0x080064fa        0x2 
 .text.HAL_SYSTICK_CLKSourceConfig
                0x080064fc       0x38 Drivers\STM32F4xx_HAL_Driver\Src\stm32f4xx_hal_cortex.o
                0x080064fc                HAL_SYSTICK_CLKSourceConfig
 .text.HAL_GPIO_Init
                0x08006534      0x304 Drivers\STM32F4xx_HAL_Driver\Src\stm32f4xx_hal_gpio.o
                0x08006534                HAL_GPIO_Init
 .text.HAL_GPIO_ReadPin
                0x08006838       0x30 Drivers\STM32F4xx_HAL_Driver\Src\stm32f4xx_hal_gpio.o
                0x08006838                HAL_GPIO_ReadPin
 .text.HAL_GPIO_WritePin
                0x08006868       0x32 Drivers\STM32F4xx_HAL_Driver\Src\stm32f4xx_hal_gpio.o
                0x08006868                HAL_GPIO_WritePin
 *fill*         0x0800689a        0x2 
 .text.HAL_GPIO_EXTI_IRQHandler
                0x0800689c       0x30 Drivers\STM32F4xx_HAL_Driver\Src\stm32f4xx_hal_gpio.o
                0x0800689c                HAL_GPIO_EXTI_IRQHandler
 .text.HAL_GPIO_EXTI_Callback
                0x080068cc       0x16 Drivers\STM32F4xx_HAL_Driver\Src\stm32f4xx_hal_gpio.o
                0x080068cc                HAL_GPIO_EXTI_Callback
 *fill*         0x080068e2        0x2 
 .text.HAL_I2C_Init
                0x080068e4      0x1c0 Drivers\STM32F4xx_HAL_Driver\Src\stm32f4xx_hal_i2c.o
                0x080068e4                HAL_I2C_Init
 .text.HAL_I2C_Master_Transmit
                0x08006aa4      0x21c Drivers\STM32F4xx_HAL_Driver\Src\stm32f4xx_hal_i2c.o
                0x08006aa4                HAL_I2C_Master_Transmit
 .text.HAL_I2C_Master_Receive
                0x08006cc0      0x464 Drivers\STM32F4xx_HAL_Driver\Src\stm32f4xx_hal_i2c.o
                0x08006cc0                HAL_I2C_Master_Receive
 .text.I2C_MasterRequestWrite
                0x08007124      0x104 Drivers\STM32F4xx_HAL_Driver\Src\stm32f4xx_hal_i2c.o
 .text.I2C_MasterRequestRead
                0x08007228      0x190 Drivers\STM32F4xx_HAL_Driver\Src\stm32f4xx_hal_i2c.o
 .text.I2C_WaitOnFlagUntilTimeout
                0x080073b8       0xa2 Drivers\STM32F4xx_HAL_Driver\Src\stm32f4xx_hal_i2c.o
 .text.I2C_WaitOnMasterAddressFlagUntilTimeout
                0x0800745a       0xdc Drivers\STM32F4xx_HAL_Driver\Src\stm32f4xx_hal_i2c.o
 .text.I2C_WaitOnTXEFlagUntilTimeout
                0x08007536       0x7a Drivers\STM32F4xx_HAL_Driver\Src\stm32f4xx_hal_i2c.o
 .text.I2C_WaitOnBTFFlagUntilTimeout
                0x080075b0       0x7a Drivers\STM32F4xx_HAL_Driver\Src\stm32f4xx_hal_i2c.o
 .text.I2C_WaitOnRXNEFlagUntilTimeout
                0x0800762a       0x94 Drivers\STM32F4xx_HAL_Driver\Src\stm32f4xx_hal_i2c.o
 .text.I2C_IsAcknowledgeFailed
                0x080076be       0x50 Drivers\STM32F4xx_HAL_Driver\Src\stm32f4xx_hal_i2c.o
 *fill*         0x0800770e        0x2 
 .text.HAL_RCC_OscConfig
                0x08007710      0x484 Drivers\STM32F4xx_HAL_Driver\Src\stm32f4xx_hal_rcc.o
                0x08007710                HAL_RCC_OscConfig
 .text.HAL_RCC_ClockConfig
                0x08007b94      0x1c4 Drivers\STM32F4xx_HAL_Driver\Src\stm32f4xx_hal_rcc.o
                0x08007b94                HAL_RCC_ClockConfig
 .text.HAL_RCC_GetSysClockFreq
                0x08007d58      0x1b0 Drivers\STM32F4xx_HAL_Driver\Src\stm32f4xx_hal_rcc.o
                0x08007d58                HAL_RCC_GetSysClockFreq
 .text.HAL_RCC_GetHCLKFreq
                0x08007f08       0x18 Drivers\STM32F4xx_HAL_Driver\Src\stm32f4xx_hal_rcc.o
                0x08007f08                HAL_RCC_GetHCLKFreq
 .text.HAL_RCC_GetPCLK1Freq
                0x08007f20       0x28 Drivers\STM32F4xx_HAL_Driver\Src\stm32f4xx_hal_rcc.o
                0x08007f20                HAL_RCC_GetPCLK1Freq
 .text.HAL_RCC_GetPCLK2Freq
                0x08007f48       0x28 Drivers\STM32F4xx_HAL_Driver\Src\stm32f4xx_hal_rcc.o
                0x08007f48                HAL_RCC_GetPCLK2Freq
 .text.HAL_RCC_GetClockConfig
                0x08007f70       0x64 Drivers\STM32F4xx_HAL_Driver\Src\stm32f4xx_hal_rcc.o
                0x08007f70                HAL_RCC_GetClockConfig
 .text.HAL_SPI_Init
                0x08007fd4       0xc6 Drivers\STM32F4xx_HAL_Driver\Src\stm32f4xx_hal_spi.o
                0x08007fd4                HAL_SPI_Init
 .text.HAL_SPI_Transmit
                0x0800809a      0x276 Drivers\STM32F4xx_HAL_Driver\Src\stm32f4xx_hal_spi.o
                0x0800809a                HAL_SPI_Transmit
 .text.SPI_WaitFlagStateUntilTimeout
                0x08008310       0xd2 Drivers\STM32F4xx_HAL_Driver\Src\stm32f4xx_hal_spi.o
 .text.SPI_CheckFlag_BSY
                0x080083e2       0x3c Drivers\STM32F4xx_HAL_Driver\Src\stm32f4xx_hal_spi.o
 .text.HAL_TIM_Base_Init
                0x0800841e       0x56 Drivers\STM32F4xx_HAL_Driver\Src\stm32f4xx_hal_tim.o
                0x0800841e                HAL_TIM_Base_Init
 .text.HAL_TIM_Base_MspInit
                0x08008474       0x14 Drivers\STM32F4xx_HAL_Driver\Src\stm32f4xx_hal_tim.o
                0x08008474                HAL_TIM_Base_MspInit
 .text.HAL_TIM_Base_Start_IT
                0x08008488       0x36 Drivers\STM32F4xx_HAL_Driver\Src\stm32f4xx_hal_tim.o
                0x08008488                HAL_TIM_Base_Start_IT
 .text.HAL_TIM_IRQHandler
                0x080084be      0x210 Drivers\STM32F4xx_HAL_Driver\Src\stm32f4xx_hal_tim.o
                0x080084be                HAL_TIM_IRQHandler
 .text.HAL_TIM_OC_DelayElapsedCallback
                0x080086ce       0x14 Drivers\STM32F4xx_HAL_Driver\Src\stm32f4xx_hal_tim.o
                0x080086ce                HAL_TIM_OC_DelayElapsedCallback
 .text.HAL_TIM_IC_CaptureCallback
                0x080086e2       0x14 Drivers\STM32F4xx_HAL_Driver\Src\stm32f4xx_hal_tim.o
                0x080086e2                HAL_TIM_IC_CaptureCallback
 .text.HAL_TIM_PWM_PulseFinishedCallback
                0x080086f6       0x14 Drivers\STM32F4xx_HAL_Driver\Src\stm32f4xx_hal_tim.o
                0x080086f6                HAL_TIM_PWM_PulseFinishedCallback
 .text.HAL_TIM_TriggerCallback
                0x0800870a       0x14 Drivers\STM32F4xx_HAL_Driver\Src\stm32f4xx_hal_tim.o
                0x0800870a                HAL_TIM_TriggerCallback
 *fill*         0x0800871e        0x2 
 .text.TIM_Base_SetConfig
                0x08008720      0x108 Drivers\STM32F4xx_HAL_Driver\Src\stm32f4xx_hal_tim.o
                0x08008720                TIM_Base_SetConfig
 .text.HAL_TIMEx_CommutationCallback
                0x08008828       0x14 Drivers\STM32F4xx_HAL_Driver\Src\stm32f4xx_hal_tim_ex.o
                0x08008828                HAL_TIMEx_CommutationCallback
 .text.HAL_TIMEx_BreakCallback
                0x0800883c       0x14 Drivers\STM32F4xx_HAL_Driver\Src\stm32f4xx_hal_tim_ex.o
                0x0800883c                HAL_TIMEx_BreakCallback
 .text.HAL_UART_Init
                0x08008850       0x9a Drivers\STM32F4xx_HAL_Driver\Src\stm32f4xx_hal_uart.o
                0x08008850                HAL_UART_Init
 .text.HAL_UART_Transmit
                0x080088ea      0x130 Drivers\STM32F4xx_HAL_Driver\Src\stm32f4xx_hal_uart.o
                0x080088ea                HAL_UART_Transmit
 .text.UART_WaitOnFlagUntilTimeout
                0x08008a1a       0x94 Drivers\STM32F4xx_HAL_Driver\Src\stm32f4xx_hal_uart.o
 *fill*         0x08008aae        0x2 
 .text.UART_SetConfig
                0x08008ab0      0x438 Drivers\STM32F4xx_HAL_Driver\Src\stm32f4xx_hal_uart.o
 .text.makeFreeRtosPriority
                0x08008ee8       0x30 Middlewares\Third_Party\FreeRTOS\Source\CMSIS_RTOS\cmsis_os.o
 .text.osKernelStart
                0x08008f18        0xe Middlewares\Third_Party\FreeRTOS\Source\CMSIS_RTOS\cmsis_os.o
                0x08008f18                osKernelStart
 .text.osThreadCreate
                0x08008f26       0x4e Middlewares\Third_Party\FreeRTOS\Source\CMSIS_RTOS\cmsis_os.o
                0x08008f26                osThreadCreate
 .text.osDelay  0x08008f74       0x28 Middlewares\Third_Party\FreeRTOS\Source\CMSIS_RTOS\cmsis_os.o
                0x08008f74                osDelay
 .text.osMutexCreate
                0x08008f9c       0x18 Middlewares\Third_Party\FreeRTOS\Source\CMSIS_RTOS\cmsis_os.o
                0x08008f9c                osMutexCreate
 .text.osSystickHandler
                0x08008fb4       0x16 Middlewares\Third_Party\FreeRTOS\Source\CMSIS_RTOS\cmsis_os.o
                0x08008fb4                osSystickHandler
 .text.vListInitialise
                0x08008fca       0x40 Middlewares\Third_Party\FreeRTOS\Source\list.o
                0x08008fca                vListInitialise
 .text.vListInitialiseItem
                0x0800900a       0x1a Middlewares\Third_Party\FreeRTOS\Source\list.o
                0x0800900a                vListInitialiseItem
 .text.vListInsertEnd
                0x08009024       0x48 Middlewares\Third_Party\FreeRTOS\Source\list.o
                0x08009024                vListInsertEnd
 .text.vListInsert
                0x0800906c       0x72 Middlewares\Third_Party\FreeRTOS\Source\list.o
                0x0800906c                vListInsert
 .text.uxListRemove
                0x080090de       0x54 Middlewares\Third_Party\FreeRTOS\Source\list.o
                0x080090de                uxListRemove
 *fill*         0x08009132        0x2 
 .text.pxPortInitialiseStack
                0x08009134       0x68 Middlewares\Third_Party\FreeRTOS\Source\portable\GCC\ARM_CM4F\port.o
                0x08009134                pxPortInitialiseStack
 .text.prvTaskExitError
                0x0800919c       0x3c Middlewares\Third_Party\FreeRTOS\Source\portable\GCC\ARM_CM4F\port.o
 *fill*         0x080091d8        0x8 
 .text.SVC_Handler
                0x080091e0       0x28 Middlewares\Third_Party\FreeRTOS\Source\portable\GCC\ARM_CM4F\port.o
                0x080091e0                SVC_Handler
 .text.prvPortStartFirstTask
                0x08009208       0x20 Middlewares\Third_Party\FreeRTOS\Source\portable\GCC\ARM_CM4F\port.o
 .text.xPortStartScheduler
                0x08009228      0x118 Middlewares\Third_Party\FreeRTOS\Source\portable\GCC\ARM_CM4F\port.o
                0x08009228                xPortStartScheduler
 .text.vPortEnterCritical
                0x08009340       0x5c Middlewares\Third_Party\FreeRTOS\Source\portable\GCC\ARM_CM4F\port.o
                0x08009340                vPortEnterCritical
 .text.vPortExitCritical
                0x0800939c       0x50 Middlewares\Third_Party\FreeRTOS\Source\portable\GCC\ARM_CM4F\port.o
                0x0800939c                vPortExitCritical
 *fill*         0x080093ec        0x4 
 .text.PendSV_Handler
                0x080093f0       0x68 Middlewares\Third_Party\FreeRTOS\Source\portable\GCC\ARM_CM4F\port.o
                0x080093f0                PendSV_Handler
 .text.xPortSysTickHandler
                0x08009458       0x40 Middlewares\Third_Party\FreeRTOS\Source\portable\GCC\ARM_CM4F\port.o
                0x08009458                xPortSysTickHandler
 .text.vPortSetupTimerInterrupt
                0x08009498       0x38 Middlewares\Third_Party\FreeRTOS\Source\portable\GCC\ARM_CM4F\port.o
                0x08009498                vPortSetupTimerInterrupt
 .text.vPortEnableVFP
                0x080094d0       0x14 Middlewares\Third_Party\FreeRTOS\Source\portable\GCC\ARM_CM4F\port.o
 .text.vPortValidateInterruptPriority
                0x080094e4       0x7c Middlewares\Third_Party\FreeRTOS\Source\portable\GCC\ARM_CM4F\port.o
                0x080094e4                vPortValidateInterruptPriority
 .text.pvPortMalloc
                0x08009560      0x184 Middlewares\Third_Party\FreeRTOS\Source\portable\MemMang\heap_4.o
                0x08009560                pvPortMalloc
 .text.vPortFree
                0x080096e4       0xb0 Middlewares\Third_Party\FreeRTOS\Source\portable\MemMang\heap_4.o
                0x080096e4                vPortFree
 .text.prvHeapInit
                0x08009794       0xc4 Middlewares\Third_Party\FreeRTOS\Source\portable\MemMang\heap_4.o
 .text.prvInsertBlockIntoFreeList
                0x08009858       0xb4 Middlewares\Third_Party\FreeRTOS\Source\portable\MemMang\heap_4.o
 .text.xQueueGenericReset
                0x0800990c       0xd0 Middlewares\Third_Party\FreeRTOS\Source\queue.o
                0x0800990c                xQueueGenericReset
 .text.xQueueGenericCreate
                0x080099dc       0x72 Middlewares\Third_Party\FreeRTOS\Source\queue.o
                0x080099dc                xQueueGenericCreate
 .text.prvInitialiseNewQueue
                0x08009a4e       0x3e Middlewares\Third_Party\FreeRTOS\Source\queue.o
 .text.prvInitialiseMutex
                0x08009a8c       0x34 Middlewares\Third_Party\FreeRTOS\Source\queue.o
 .text.xQueueCreateMutex
                0x08009ac0       0x30 Middlewares\Third_Party\FreeRTOS\Source\queue.o
                0x08009ac0                xQueueCreateMutex
 .text.xQueueGenericSend
                0x08009af0      0x1f4 Middlewares\Third_Party\FreeRTOS\Source\queue.o
                0x08009af0                xQueueGenericSend
 .text.xQueueGenericReceive
                0x08009ce4      0x224 Middlewares\Third_Party\FreeRTOS\Source\queue.o
                0x08009ce4                xQueueGenericReceive
 .text.prvCopyDataToQueue
                0x08009f08       0xd4 Middlewares\Third_Party\FreeRTOS\Source\queue.o
 .text.prvCopyDataFromQueue
                0x08009fdc       0x4c Middlewares\Third_Party\FreeRTOS\Source\queue.o
 .text.prvUnlockQueue
                0x0800a028       0xa4 Middlewares\Third_Party\FreeRTOS\Source\queue.o
 .text.prvIsQueueEmpty
                0x0800a0cc       0x2c Middlewares\Third_Party\FreeRTOS\Source\queue.o
 .text.prvIsQueueFull
                0x0800a0f8       0x30 Middlewares\Third_Party\FreeRTOS\Source\queue.o
 .text.xTaskCreate
                0x0800a128       0x82 Middlewares\Third_Party\FreeRTOS\Source\tasks.o
                0x0800a128                xTaskCreate
 .text.prvInitialiseNewTask
                0x0800a1aa       0xfc Middlewares\Third_Party\FreeRTOS\Source\tasks.o
 *fill*         0x0800a2a6        0x2 
 .text.prvAddNewTaskToReadyList
                0x0800a2a8       0xd4 Middlewares\Third_Party\FreeRTOS\Source\tasks.o
 .text.vTaskDelay
                0x0800a37c       0x68 Middlewares\Third_Party\FreeRTOS\Source\tasks.o
                0x0800a37c                vTaskDelay
 .text.vTaskSuspend
                0x0800a3e4      0x110 Middlewares\Third_Party\FreeRTOS\Source\tasks.o
                0x0800a3e4                vTaskSuspend
 .text.prvTaskIsTaskSuspended
                0x0800a4f4       0x74 Middlewares\Third_Party\FreeRTOS\Source\tasks.o
 .text.xTaskResumeFromISR
                0x0800a568       0xe0 Middlewares\Third_Party\FreeRTOS\Source\tasks.o
                0x0800a568                xTaskResumeFromISR
 .text.vTaskStartScheduler
                0x0800a648       0x8c Middlewares\Third_Party\FreeRTOS\Source\tasks.o
                0x0800a648                vTaskStartScheduler
 .text.vTaskSuspendAll
                0x0800a6d4       0x1c Middlewares\Third_Party\FreeRTOS\Source\tasks.o
                0x0800a6d4                vTaskSuspendAll
 .text.xTaskResumeAll
                0x0800a6f0      0x138 Middlewares\Third_Party\FreeRTOS\Source\tasks.o
                0x0800a6f0                xTaskResumeAll
 .text.xTaskIncrementTick
                0x0800a828      0x178 Middlewares\Third_Party\FreeRTOS\Source\tasks.o
                0x0800a828                xTaskIncrementTick
 .text.vTaskSwitchContext
                0x0800a9a0       0xb4 Middlewares\Third_Party\FreeRTOS\Source\tasks.o
                0x0800a9a0                vTaskSwitchContext
 .text.vTaskPlaceOnEventList
                0x0800aa54       0x48 Middlewares\Third_Party\FreeRTOS\Source\tasks.o
                0x0800aa54                vTaskPlaceOnEventList
 .text.xTaskRemoveFromEventList
                0x0800aa9c       0xc4 Middlewares\Third_Party\FreeRTOS\Source\tasks.o
                0x0800aa9c                xTaskRemoveFromEventList
 .text.vTaskSetTimeOutState
                0x0800ab60       0x48 Middlewares\Third_Party\FreeRTOS\Source\tasks.o
                0x0800ab60                vTaskSetTimeOutState
 .text.xTaskCheckForTimeOut
                0x0800aba8       0xbc Middlewares\Third_Party\FreeRTOS\Source\tasks.o
                0x0800aba8                xTaskCheckForTimeOut
 .text.vTaskMissedYield
                0x0800ac64       0x18 Middlewares\Third_Party\FreeRTOS\Source\tasks.o
                0x0800ac64                vTaskMissedYield
 .text.prvIdleTask
                0x0800ac7c       0x30 Middlewares\Third_Party\FreeRTOS\Source\tasks.o
 .text.prvInitialiseTaskLists
                0x0800acac       0x80 Middlewares\Third_Party\FreeRTOS\Source\tasks.o
 .text.prvCheckTasksWaitingTermination
                0x0800ad2c       0x78 Middlewares\Third_Party\FreeRTOS\Source\tasks.o
 .text.prvDeleteTCB
                0x0800ada4       0x20 Middlewares\Third_Party\FreeRTOS\Source\tasks.o
 .text.prvResetNextTaskUnblockTime
                0x0800adc4       0x4c Middlewares\Third_Party\FreeRTOS\Source\tasks.o
 .text.xTaskGetSchedulerState
                0x0800ae10       0x3c Middlewares\Third_Party\FreeRTOS\Source\tasks.o
                0x0800ae10                xTaskGetSchedulerState
 .text.vTaskPriorityInherit
                0x0800ae4c       0xec Middlewares\Third_Party\FreeRTOS\Source\tasks.o
                0x0800ae4c                vTaskPriorityInherit
 .text.xTaskPriorityDisinherit
                0x0800af38      0x108 Middlewares\Third_Party\FreeRTOS\Source\tasks.o
                0x0800af38                xTaskPriorityDisinherit
 .text.pvTaskIncrementMutexHeldCount
                0x0800b040       0x28 Middlewares\Third_Party\FreeRTOS\Source\tasks.o
                0x0800b040                pvTaskIncrementMutexHeldCount
 .text.prvAddCurrentTaskToDelayedList
                0x0800b068       0xcc Middlewares\Third_Party\FreeRTOS\Source\tasks.o
 .text.main     0x0800b134      0x344 Src\main.o
                0x0800b134                main
 .text.SystemClock_Config
                0x0800b478       0xf4 Src\main.o
                0x0800b478                SystemClock_Config
 .text.MX_I2C1_Init
                0x0800b56c       0x68 Src\main.o
 .text.MX_SPI1_Init
                0x0800b5d4       0x78 Src\main.o
 .text.MX_USART2_UART_Init
                0x0800b64c       0x5c Src\main.o
 .text.MX_GPIO_Init
                0x0800b6a8      0x228 Src\main.o
 .text.StartDefaultTask
                0x0800b8d0      0x4ac Src\main.o
                0x0800b8d0                StartDefaultTask
 .text.tskLASFRONTLEFT_fnc
                0x0800bd7c       0x68 Src\main.o
                0x0800bd7c                tskLASFRONTLEFT_fnc
 .text.tskLASREARLEFT_fnc
                0x0800bde4       0x68 Src\main.o
                0x0800bde4                tskLASREARLEFT_fnc
 .text.tskLASFRONTRIGHT_fnc
                0x0800be4c       0x68 Src\main.o
                0x0800be4c                tskLASFRONTRIGHT_fnc
 .text.tskLASREARRIGHT_fnc
                0x0800beb4       0x10 Src\main.o
                0x0800beb4                tskLASREARRIGHT_fnc
 .text.tskLASLEFTFRONT_fnc
                0x0800bec4       0x10 Src\main.o
                0x0800bec4                tskLASLEFTFRONT_fnc
 .text.tskLASLEFTREAR_fnc
                0x0800bed4       0x10 Src\main.o
                0x0800bed4                tskLASLEFTREAR_fnc
 .text.tskLASRIGHTFRONT_fnc
                0x0800bee4       0x10 Src\main.o
                0x0800bee4                tskLASRIGHTFRONT_fnc
 .text.tskLASRIGHTREAR_fnc
                0x0800bef4       0x10 Src\main.o
                0x0800bef4                tskLASRIGHTREAR_fnc
 .text.tskEDGE_fnc
                0x0800bf04      0x104 Src\main.o
                0x0800bf04                tskEDGE_fnc
 .text.HAL_TIM_PeriodElapsedCallback
                0x0800c008       0x24 Src\main.o
                0x0800c008                HAL_TIM_PeriodElapsedCallback
 .text._Error_Handler
                0x0800c02c        0xc Src\main.o
                0x0800c02c                _Error_Handler
 .text.HAL_MspInit
                0x0800c038       0xa4 Src\stm32f4xx_hal_msp.o
                0x0800c038                HAL_MspInit
 .text.HAL_I2C_MspInit
                0x0800c0dc       0x64 Src\stm32f4xx_hal_msp.o
                0x0800c0dc                HAL_I2C_MspInit
 .text.HAL_SPI_MspInit
                0x0800c140       0x88 Src\stm32f4xx_hal_msp.o
                0x0800c140                HAL_SPI_MspInit
 .text.HAL_UART_MspInit
                0x0800c1c8       0x64 Src\stm32f4xx_hal_msp.o
                0x0800c1c8                HAL_UART_MspInit
 .text.HAL_InitTick
                0x0800c22c       0xb4 Src\stm32f4xx_hal_timebase_TIM.o
                0x0800c22c                HAL_InitTick
 .text.SysTick_Handler
                0x0800c2e0        0xc Src\stm32f4xx_it.o
                0x0800c2e0                SysTick_Handler
 .text.EXTI0_IRQHandler
                0x0800c2ec       0x40 Src\stm32f4xx_it.o
                0x0800c2ec                EXTI0_IRQHandler
 .text.EXTI2_IRQHandler
                0x0800c32c       0x40 Src\stm32f4xx_it.o
                0x0800c32c                EXTI2_IRQHandler
 .text.EXTI3_IRQHandler
                0x0800c36c       0x40 Src\stm32f4xx_it.o
                0x0800c36c                EXTI3_IRQHandler
 .text.EXTI4_IRQHandler
                0x0800c3ac       0x40 Src\stm32f4xx_it.o
                0x0800c3ac                EXTI4_IRQHandler
 .text.TIM4_IRQHandler
                0x0800c3ec       0x14 Src\stm32f4xx_it.o
                0x0800c3ec                TIM4_IRQHandler
 .text.tmc5160_writeInt
                0x0800c400       0x26 Src\sumobot_functions.o
                0x0800c400                tmc5160_writeInt
 *fill*         0x0800c426        0x2 
 .text.tmc40bit_writeInt
                0x0800c428       0x6c Src\sumobot_functions.o
                0x0800c428                tmc40bit_writeInt
 .text.tmc5160_initialise_motor
                0x0800c494       0xf4 Src\sumobot_functions.o
                0x0800c494                tmc5160_initialise_motor
 .text.SetupVL53L1XDevices
                0x0800c588       0xc4 Src\sumobot_functions.o
                0x0800c588                SetupVL53L1XDevices
 .text.SystemInit
                0x0800c64c       0x6c Src\system_stm32f4xx.o
                0x0800c64c                SystemInit
 .text.Reset_Handler
                0x0800c6b8       0x50 startup\startup_stm32f401xe.o
                0x0800c6b8                Reset_Handler
 .text.Default_Handler
                0x0800c708        0x2 startup\startup_stm32f401xe.o
                0x0800c708                RTC_Alarm_IRQHandler
                0x0800c708                DebugMon_Handler
                0x0800c708                SPI4_IRQHandler
                0x0800c708                TIM1_CC_IRQHandler
                0x0800c708                DMA2_Stream5_IRQHandler
                0x0800c708                HardFault_Handler
                0x0800c708                DMA1_Stream5_IRQHandler
                0x0800c708                PVD_IRQHandler
                0x0800c708                SDIO_IRQHandler
                0x0800c708                TAMP_STAMP_IRQHandler
                0x0800c708                NMI_Handler
                0x0800c708                TIM1_UP_TIM10_IRQHandler
                0x0800c708                I2C3_ER_IRQHandler
                0x0800c708                I2C2_EV_IRQHandler
                0x0800c708                DMA1_Stream2_IRQHandler
                0x0800c708                FPU_IRQHandler
                0x0800c708                UsageFault_Handler
                0x0800c708                DMA2_Stream2_IRQHandler
                0x0800c708                SPI1_IRQHandler
                0x0800c708                TIM1_BRK_TIM9_IRQHandler
                0x0800c708                DMA2_Stream3_IRQHandler
                0x0800c708                USART6_IRQHandler
                0x0800c708                DMA2_Stream0_IRQHandler
                0x0800c708                I2C1_EV_IRQHandler
                0x0800c708                DMA1_Stream6_IRQHandler
                0x0800c708                DMA1_Stream1_IRQHandler
                0x0800c708                TIM3_IRQHandler
                0x0800c708                RCC_IRQHandler
                0x0800c708                Default_Handler
                0x0800c708                EXTI15_10_IRQHandler
                0x0800c708                ADC_IRQHandler
                0x0800c708                DMA1_Stream7_IRQHandler
                0x0800c708                TIM5_IRQHandler
                0x0800c708                DMA2_Stream7_IRQHandler
                0x0800c708                I2C3_EV_IRQHandler
                0x0800c708                EXTI9_5_IRQHandler
                0x0800c708                RTC_WKUP_IRQHandler
                0x0800c708                SPI2_IRQHandler
                0x0800c708                MemManage_Handler
                0x0800c708                DMA1_Stream0_IRQHandler
                0x0800c708                WWDG_IRQHandler
                0x0800c708                TIM2_IRQHandler
                0x0800c708                OTG_FS_WKUP_IRQHandler
                0x0800c708                TIM1_TRG_COM_TIM11_IRQHandler
                0x0800c708                EXTI1_IRQHandler
                0x0800c708                USART2_IRQHandler
                0x0800c708                I2C2_ER_IRQHandler
                0x0800c708                DMA2_Stream1_IRQHandler
                0x0800c708                FLASH_IRQHandler
                0x0800c708                DMA2_Stream4_IRQHandler
                0x0800c708                BusFault_Handler
                0x0800c708                USART1_IRQHandler
                0x0800c708                OTG_FS_IRQHandler
                0x0800c708                SPI3_IRQHandler
                0x0800c708                DMA1_Stream4_IRQHandler
                0x0800c708                I2C1_ER_IRQHandler
                0x0800c708                DMA2_Stream6_IRQHandler
                0x0800c708                DMA1_Stream3_IRQHandler
 *fill*         0x0800c70a        0x2 
 .text.__libc_init_array
                0x0800c70c       0x48 c:/program files (x86)/atollic/truestudio for stm32 9.0.1/armtools/bin/../lib/gcc/arm-atollic-eabi/6.3.1/../../../../arm-atollic-eabi/lib/armv7e-m/fpu\libc_nano.a(lib_a-init.o)
                0x0800c70c                __libc_init_array
 .text.memcpy   0x0800c754       0x16 c:/program files (x86)/atollic/truestudio for stm32 9.0.1/armtools/bin/../lib/gcc/arm-atollic-eabi/6.3.1/../../../../arm-atollic-eabi/lib/armv7e-m/fpu\libc_nano.a(lib_a-memcpy-stub.o)
                0x0800c754                memcpy
 .text.memset   0x0800c76a       0x10 c:/program files (x86)/atollic/truestudio for stm32 9.0.1/armtools/bin/../lib/gcc/arm-atollic-eabi/6.3.1/../../../../arm-atollic-eabi/lib/armv7e-m/fpu\libc_nano.a(lib_a-memset.o)
                0x0800c76a                memset
 *fill*         0x0800c77a        0x2 
 .text.sprintf  0x0800c77c       0x48 c:/program files (x86)/atollic/truestudio for stm32 9.0.1/armtools/bin/../lib/gcc/arm-atollic-eabi/6.3.1/../../../../arm-atollic-eabi/lib/armv7e-m/fpu\libc_nano.a(lib_a-sprintf.o)
                0x0800c77c                siprintf
                0x0800c77c                sprintf
 .text.strncpy  0x0800c7c4       0x2a c:/program files (x86)/atollic/truestudio for stm32 9.0.1/armtools/bin/../lib/gcc/arm-atollic-eabi/6.3.1/../../../../arm-atollic-eabi/lib/armv7e-m/fpu\libc_nano.a(lib_a-strncpy.o)
                0x0800c7c4                strncpy
 .text.__ssputs_r
                0x0800c7ee       0xb6 c:/program files (x86)/atollic/truestudio for stm32 9.0.1/armtools/bin/../lib/gcc/arm-atollic-eabi/6.3.1/../../../../arm-atollic-eabi/lib/armv7e-m/fpu\libc_nano.a(lib_a-nano-svfprintf.o)
                0x0800c7ee                __ssputs_r
 .text._svfprintf_r
                0x0800c8a4      0x1e8 c:/program files (x86)/atollic/truestudio for stm32 9.0.1/armtools/bin/../lib/gcc/arm-atollic-eabi/6.3.1/../../../../arm-atollic-eabi/lib/armv7e-m/fpu\libc_nano.a(lib_a-nano-svfprintf.o)
                0x0800c8a4                _svfiprintf_r
                0x0800c8a4                _svfprintf_r
 .text._printf_common
                0x0800ca8c       0xec c:/program files (x86)/atollic/truestudio for stm32 9.0.1/armtools/bin/../lib/gcc/arm-atollic-eabi/6.3.1/../../../../arm-atollic-eabi/lib/armv7e-m/fpu\libc_nano.a(lib_a-nano-vfprintf_i.o)
                0x0800ca8c                _printf_common
 .text._printf_i
                0x0800cb78      0x240 c:/program files (x86)/atollic/truestudio for stm32 9.0.1/armtools/bin/../lib/gcc/arm-atollic-eabi/6.3.1/../../../../arm-atollic-eabi/lib/armv7e-m/fpu\libc_nano.a(lib_a-nano-vfprintf_i.o)
                0x0800cb78                _printf_i
 .text.memmove  0x0800cdb8       0x34 c:/program files (x86)/atollic/truestudio for stm32 9.0.1/armtools/bin/../lib/gcc/arm-atollic-eabi/6.3.1/../../../../arm-atollic-eabi/lib/armv7e-m/fpu\libc_nano.a(lib_a-memmove.o)
                0x0800cdb8                memmove
 .text._free_r  0x0800cdec       0x9c c:/program files (x86)/atollic/truestudio for stm32 9.0.1/armtools/bin/../lib/gcc/arm-atollic-eabi/6.3.1/../../../../arm-atollic-eabi/lib/armv7e-m/fpu\libc_nano.a(lib_a-nano-freer.o)
                0x0800cdec                _free_r
 .text._malloc_r
                0x0800ce88       0xbc c:/program files (x86)/atollic/truestudio for stm32 9.0.1/armtools/bin/../lib/gcc/arm-atollic-eabi/6.3.1/../../../../arm-atollic-eabi/lib/armv7e-m/fpu\libc_nano.a(lib_a-nano-mallocr.o)
                0x0800ce88                _malloc_r
 .text._realloc_r
                0x0800cf44       0x4c c:/program files (x86)/atollic/truestudio for stm32 9.0.1/armtools/bin/../lib/gcc/arm-atollic-eabi/6.3.1/../../../../arm-atollic-eabi/lib/armv7e-m/fpu\libc_nano.a(lib_a-nano-reallocr.o)
                0x0800cf44                _realloc_r
 .text._sbrk_r  0x0800cf90       0x20 c:/program files (x86)/atollic/truestudio for stm32 9.0.1/armtools/bin/../lib/gcc/arm-atollic-eabi/6.3.1/../../../../arm-atollic-eabi/lib/armv7e-m/fpu\libc_nano.a(lib_a-sbrkr.o)
                0x0800cf90                _sbrk_r
 .text.__malloc_lock
                0x0800cfb0        0x2 c:/program files (x86)/atollic/truestudio for stm32 9.0.1/armtools/bin/../lib/gcc/arm-atollic-eabi/6.3.1/../../../../arm-atollic-eabi/lib/armv7e-m/fpu\libc_nano.a(lib_a-mlock.o)
                0x0800cfb0                __malloc_lock
 .text.__malloc_unlock
                0x0800cfb2        0x2 c:/program files (x86)/atollic/truestudio for stm32 9.0.1/armtools/bin/../lib/gcc/arm-atollic-eabi/6.3.1/../../../../arm-atollic-eabi/lib/armv7e-m/fpu\libc_nano.a(lib_a-mlock.o)
                0x0800cfb2                __malloc_unlock
 .text._malloc_usable_size_r
                0x0800cfb4       0x12 c:/program files (x86)/atollic/truestudio for stm32 9.0.1/armtools/bin/../lib/gcc/arm-atollic-eabi/6.3.1/../../../../arm-atollic-eabi/lib/armv7e-m/fpu\libc_nano.a(lib_a-nano-msizer.o)
                0x0800cfb4                _malloc_usable_size_r
 *fill*         0x0800cfc6        0x2 
 .text._sbrk    0x0800cfc8       0x1c c:/program files (x86)/atollic/truestudio for stm32 9.0.1/armtools/bin/../lib/gcc/arm-atollic-eabi/6.3.1/../../../../arm-atollic-eabi/lib/armv7e-m/fpu\libnosys.a(sbrk.o)
                0x0800cfc8                _sbrk
 *(.glue_7)
 .glue_7        0x0800cfe4        0x0 linker stubs
 *(.glue_7t)
 .glue_7t       0x0800cfe4        0x0 linker stubs
 *(.eh_frame)
 .eh_frame      0x0800cfe4        0x0 c:/program files (x86)/atollic/truestudio for stm32 9.0.1/armtools/bin/../lib/gcc/arm-atollic-eabi/6.3.1/armv7e-m/fpu/crtbegin.o
 *(.init)
 .init          0x0800cfe4        0x4 c:/program files (x86)/atollic/truestudio for stm32 9.0.1/armtools/bin/../lib/gcc/arm-atollic-eabi/6.3.1/armv7e-m/fpu/crti.o
                0x0800cfe4                _init
 .init          0x0800cfe8        0x8 c:/program files (x86)/atollic/truestudio for stm32 9.0.1/armtools/bin/../lib/gcc/arm-atollic-eabi/6.3.1/armv7e-m/fpu/crtn.o
 *(.fini)
 .fini          0x0800cff0        0x4 c:/program files (x86)/atollic/truestudio for stm32 9.0.1/armtools/bin/../lib/gcc/arm-atollic-eabi/6.3.1/armv7e-m/fpu/crti.o
                0x0800cff0                _fini
 .fini          0x0800cff4        0x8 c:/program files (x86)/atollic/truestudio for stm32 9.0.1/armtools/bin/../lib/gcc/arm-atollic-eabi/6.3.1/armv7e-m/fpu/crtn.o
                0x0800cffc                . = ALIGN (0x4)
                0x0800cffc                _etext = .

.vfp11_veneer   0x0800cffc        0x0
 .vfp11_veneer  0x0800cffc        0x0 linker stubs

.v4_bx          0x0800cffc        0x0
 .v4_bx         0x0800cffc        0x0 linker stubs

.iplt           0x0800cffc        0x0
 .iplt          0x0800cffc        0x0 c:/program files (x86)/atollic/truestudio for stm32 9.0.1/armtools/bin/../lib/gcc/arm-atollic-eabi/6.3.1/armv7e-m/fpu/crtbegin.o

.rodata         0x0800cffc      0x280
                0x0800cffc                . = ALIGN (0x4)
 *(.rodata)
 .rodata        0x0800cffc       0x3a Drivers\BSP\VL53L1X API\api\core\vl53l1_api.o
 *fill*         0x0800d036        0x2 
 .rodata        0x0800d038        0x1 Drivers\BSP\VL53L1X API\api\platform\vl53l1_platform.o
 *fill*         0x0800d039        0x3 
 .rodata        0x0800d03c        0x5 Middlewares\Third_Party\FreeRTOS\Source\tasks.o
 *fill*         0x0800d041        0x3 
 .rodata        0x0800d044      0x1eb Src\main.o
 *(.rodata*)
 *fill*         0x0800d22f        0x1 
 .rodata.AHBPrescTable
                0x0800d230       0x10 Src\system_stm32f4xx.o
                0x0800d230                AHBPrescTable
 .rodata.APBPrescTable
                0x0800d240        0x8 Src\system_stm32f4xx.o
                0x0800d240                APBPrescTable
 .rodata._svfprintf_r.str1.1
                0x0800d248       0x11 c:/program files (x86)/atollic/truestudio for stm32 9.0.1/armtools/bin/../lib/gcc/arm-atollic-eabi/6.3.1/../../../../arm-atollic-eabi/lib/armv7e-m/fpu\libc_nano.a(lib_a-nano-svfprintf.o)
 .rodata._printf_i.str1.1
                0x0800d259       0x22 c:/program files (x86)/atollic/truestudio for stm32 9.0.1/armtools/bin/../lib/gcc/arm-atollic-eabi/6.3.1/../../../../arm-atollic-eabi/lib/armv7e-m/fpu\libc_nano.a(lib_a-nano-vfprintf_i.o)
                0x0800d27c                . = ALIGN (0x4)
 *fill*         0x0800d27b        0x1 

.ARM.extab
 *(.ARM.extab* .gnu.linkonce.armextab.*)

.ARM            0x0800d27c        0x8
                0x0800d27c                __exidx_start = .
 *(.ARM.exidx*)
 .ARM.exidx     0x0800d27c        0x8 c:/program files (x86)/atollic/truestudio for stm32 9.0.1/armtools/bin/../lib/gcc/arm-atollic-eabi/6.3.1/armv7e-m/fpu\libgcc.a(_udivmoddi4.o)
                0x0800d284                __exidx_end = .

.rel.dyn        0x0800d284        0x0
 .rel.iplt      0x0800d284        0x0 c:/program files (x86)/atollic/truestudio for stm32 9.0.1/armtools/bin/../lib/gcc/arm-atollic-eabi/6.3.1/armv7e-m/fpu/crtbegin.o

.preinit_array  0x0800d284        0x0
                0x0800d284                PROVIDE (__preinit_array_start, .)
 *(.preinit_array*)
                0x0800d284                PROVIDE (__preinit_array_end, .)

.init_array     0x0800d284        0x4
                0x0800d284                PROVIDE (__init_array_start, .)
 *(SORT(.init_array.*))
 *(.init_array*)
 .init_array    0x0800d284        0x4 c:/program files (x86)/atollic/truestudio for stm32 9.0.1/armtools/bin/../lib/gcc/arm-atollic-eabi/6.3.1/armv7e-m/fpu/crtbegin.o
                0x0800d288                PROVIDE (__init_array_end, .)

.fini_array     0x0800d288        0x4
                [!provide]                PROVIDE (__fini_array_start, .)
 *(SORT(.fini_array.*))
 *(.fini_array*)
 .fini_array    0x0800d288        0x4 c:/program files (x86)/atollic/truestudio for stm32 9.0.1/armtools/bin/../lib/gcc/arm-atollic-eabi/6.3.1/armv7e-m/fpu/crtbegin.o
                [!provide]                PROVIDE (__fini_array_end, .)
                0x0800d28c                _sidata = LOADADDR (.data)

.data           0x20000000       0xa0 load address 0x0800d28c
                0x20000000                . = ALIGN (0x4)
                0x20000000                _sdata = .
 *(.data)
 *(.data*)
 .data.BDTable  0x20000000       0x20 Drivers\BSP\VL53L1X API\api\core\vl53l1_api.o
 .data.uwTickFreq
                0x20000020        0x1 Drivers\STM32F4xx_HAL_Driver\Src\stm32f4xx_hal.o
                0x20000020                uwTickFreq
 *fill*         0x20000021        0x3 
 .data.uxCriticalNesting
                0x20000024        0x4 Middlewares\Third_Party\FreeRTOS\Source\portable\GCC\ARM_CM4F\port.o
 .data.LASER_FRONT_LEFT_DEV
                0x20000028        0x4 Src\main.o
                0x20000028                LASER_FRONT_LEFT_DEV
 .data.LASER_FRONT_RIGHT_DEV
                0x2000002c        0x4 Src\main.o
                0x2000002c                LASER_FRONT_RIGHT_DEV
 .data.LASER_REAR_LEFT_DEV
                0x20000030        0x4 Src\main.o
                0x20000030                LASER_REAR_LEFT_DEV
 .data.state_start_fight
                0x20000034        0x1 Src\main.o
 *fill*         0x20000035        0x3 
 .data.SystemCoreClock
                0x20000038        0x4 Src\system_stm32f4xx.o
                0x20000038                SystemCoreClock
 .data._impure_ptr
                0x2000003c        0x4 c:/program files (x86)/atollic/truestudio for stm32 9.0.1/armtools/bin/../lib/gcc/arm-atollic-eabi/6.3.1/../../../../arm-atollic-eabi/lib/armv7e-m/fpu\libc_nano.a(lib_a-impure.o)
                0x2000003c                _impure_ptr
 .data.impure_data
                0x20000040       0x60 c:/program files (x86)/atollic/truestudio for stm32 9.0.1/armtools/bin/../lib/gcc/arm-atollic-eabi/6.3.1/../../../../arm-atollic-eabi/lib/armv7e-m/fpu\libc_nano.a(lib_a-impure.o)
                0x200000a0                . = ALIGN (0x4)
                0x200000a0                _edata = .

.igot.plt       0x200000a0        0x0 load address 0x0800d32c
 .igot.plt      0x200000a0        0x0 c:/program files (x86)/atollic/truestudio for stm32 9.0.1/armtools/bin/../lib/gcc/arm-atollic-eabi/6.3.1/armv7e-m/fpu/crtbegin.o
                0x200000a0                . = ALIGN (0x4)

.bss            0x200000a0     0x62fc load address 0x0800d32c
                0x200000a0                _sbss = .
                0x200000a0                __bss_start__ = _sbss
 *(.bss)
 .bss           0x200000a0       0x1c c:/program files (x86)/atollic/truestudio for stm32 9.0.1/armtools/bin/../lib/gcc/arm-atollic-eabi/6.3.1/armv7e-m/fpu/crtbegin.o
 *(.bss*)
 .bss.ucMaxSysCallPriority
                0x200000bc        0x1 Middlewares\Third_Party\FreeRTOS\Source\portable\GCC\ARM_CM4F\port.o
 *fill*         0x200000bd        0x3 
 .bss.ulMaxPRIGROUPValue
                0x200000c0        0x4 Middlewares\Third_Party\FreeRTOS\Source\portable\GCC\ARM_CM4F\port.o
 .bss.ucHeap    0x200000c4     0x3c00 Middlewares\Third_Party\FreeRTOS\Source\portable\MemMang\heap_4.o
 .bss.xStart    0x20003cc4        0x8 Middlewares\Third_Party\FreeRTOS\Source\portable\MemMang\heap_4.o
 .bss.pxEnd     0x20003ccc        0x4 Middlewares\Third_Party\FreeRTOS\Source\portable\MemMang\heap_4.o
 .bss.xFreeBytesRemaining
                0x20003cd0        0x4 Middlewares\Third_Party\FreeRTOS\Source\portable\MemMang\heap_4.o
 .bss.xMinimumEverFreeBytesRemaining
                0x20003cd4        0x4 Middlewares\Third_Party\FreeRTOS\Source\portable\MemMang\heap_4.o
 .bss.xBlockAllocatedBit
                0x20003cd8        0x4 Middlewares\Third_Party\FreeRTOS\Source\portable\MemMang\heap_4.o
 .bss.pxCurrentTCB
                0x20003cdc        0x4 Middlewares\Third_Party\FreeRTOS\Source\tasks.o
                0x20003cdc                pxCurrentTCB
 .bss.pxReadyTasksLists
                0x20003ce0       0x8c Middlewares\Third_Party\FreeRTOS\Source\tasks.o
 .bss.xDelayedTaskList1
                0x20003d6c       0x14 Middlewares\Third_Party\FreeRTOS\Source\tasks.o
 .bss.xDelayedTaskList2
                0x20003d80       0x14 Middlewares\Third_Party\FreeRTOS\Source\tasks.o
 .bss.pxDelayedTaskList
                0x20003d94        0x4 Middlewares\Third_Party\FreeRTOS\Source\tasks.o
 .bss.pxOverflowDelayedTaskList
                0x20003d98        0x4 Middlewares\Third_Party\FreeRTOS\Source\tasks.o
 .bss.xPendingReadyList
                0x20003d9c       0x14 Middlewares\Third_Party\FreeRTOS\Source\tasks.o
 .bss.xTasksWaitingTermination
                0x20003db0       0x14 Middlewares\Third_Party\FreeRTOS\Source\tasks.o
 .bss.uxDeletedTasksWaitingCleanUp
                0x20003dc4        0x4 Middlewares\Third_Party\FreeRTOS\Source\tasks.o
 .bss.xSuspendedTaskList
                0x20003dc8       0x14 Middlewares\Third_Party\FreeRTOS\Source\tasks.o
 .bss.uxCurrentNumberOfTasks
                0x20003ddc        0x4 Middlewares\Third_Party\FreeRTOS\Source\tasks.o
 .bss.xTickCount
                0x20003de0        0x4 Middlewares\Third_Party\FreeRTOS\Source\tasks.o
 .bss.uxTopReadyPriority
                0x20003de4        0x4 Middlewares\Third_Party\FreeRTOS\Source\tasks.o
 .bss.xSchedulerRunning
                0x20003de8        0x4 Middlewares\Third_Party\FreeRTOS\Source\tasks.o
 .bss.uxPendedTicks
                0x20003dec        0x4 Middlewares\Third_Party\FreeRTOS\Source\tasks.o
 .bss.xYieldPending
                0x20003df0        0x4 Middlewares\Third_Party\FreeRTOS\Source\tasks.o
 .bss.xNumOfOverflows
                0x20003df4        0x4 Middlewares\Third_Party\FreeRTOS\Source\tasks.o
 .bss.uxTaskNumber
                0x20003df8        0x4 Middlewares\Third_Party\FreeRTOS\Source\tasks.o
 .bss.xNextTaskUnblockTime
                0x20003dfc        0x4 Middlewares\Third_Party\FreeRTOS\Source\tasks.o
 .bss.xIdleTaskHandle
                0x20003e00        0x4 Middlewares\Third_Party\FreeRTOS\Source\tasks.o
 .bss.uxSchedulerSuspended
                0x20003e04        0x4 Middlewares\Third_Party\FreeRTOS\Source\tasks.o
 .bss.state_seeking
                0x20003e08        0x1 Src\main.o
 .bss.state_tracking
                0x20003e09        0x1 Src\main.o
 .bss.state_edges
                0x20003e0a        0x1 Src\main.o
 *fill*         0x20003e0b        0x1 
 .bss.buffer.11860
                0x20003e0c      0x100 Src\main.o
 .bss.__malloc_free_list
                0x20003f0c        0x4 c:/program files (x86)/atollic/truestudio for stm32 9.0.1/armtools/bin/../lib/gcc/arm-atollic-eabi/6.3.1/../../../../arm-atollic-eabi/lib/armv7e-m/fpu\libc_nano.a(lib_a-nano-mallocr.o)
                0x20003f0c                __malloc_free_list
 .bss.__malloc_sbrk_start
                0x20003f10        0x4 c:/program files (x86)/atollic/truestudio for stm32 9.0.1/armtools/bin/../lib/gcc/arm-atollic-eabi/6.3.1/../../../../arm-atollic-eabi/lib/armv7e-m/fpu\libc_nano.a(lib_a-nano-mallocr.o)
                0x20003f10                __malloc_sbrk_start
 .bss.heap_end.5239
                0x20003f14        0x4 c:/program files (x86)/atollic/truestudio for stm32 9.0.1/armtools/bin/../lib/gcc/arm-atollic-eabi/6.3.1/../../../../arm-atollic-eabi/lib/armv7e-m/fpu\libnosys.a(sbrk.o)
 *(COMMON)
 COMMON         0x20003f18      0x100 Drivers\BSP\VL53L1X API\api\platform\vl53l1_platform.o
                0x20003f18                _I2CBuffer
 COMMON         0x20004018        0x4 Drivers\STM32F4xx_HAL_Driver\Src\stm32f4xx_hal.o
                0x20004018                uwTick
 COMMON         0x2000401c     0x2340 Src\main.o
                0x2000401c                LASER_REAR_LEFT_dev_t
                0x200043c0                RangingDataRearLeft
                0x200043dc                tskLASRIGHTFRONHandle
                0x200043e0                RangingDataLeftFront
                0x200043fc                tskLASLEFTREARHandle
                0x20004400                defaultTaskHandle
                0x20004404                dev
                0x200047a8                LASER_REAR_RIGHT_dev_t
                0x20004b4c                RangingDataLeftRear
                0x20004b68                hi2c1
                0x20004bbc                LASER_LEFT_FRONT_dev_t
                0x20004f60                SPISTATUS
                0x20004f64                tskLASREARLEFTHandle
                0x20004f68                tskLASFRONTRIGHHandle
                0x20004f6c                right_stepper
                0x20004f98                left_stepper
                0x20004fc4                LASER_FRONT_LEFT_dev_t
                0x20005368                LASER_FRONT_RIGHT_dev_t
                0x2000570c                RangingDataRearRight
                0x20005728                RangingDataRightFront
                0x20005744                spiTXbuffer
                0x2000574c                tskLASRIGHTREARHandle
                0x20005750                LASER_LEFT_REAR_dev_t
                0x20005af4                tskEDGEHandle
                0x20005af8                RangingDataFrontRight
                0x20005b14                RangingDataFrontLeft
                0x20005b30                RangingDataRightRear
                0x20005b4c                LASER_RIGHT_REAR_dev_t
                0x20005ef0                hspi1
                0x20005f48                tskLASLEFTFRONTHandle
                0x20005f4c                huart2
                0x20005f8c                I2CMutexHandle
                0x20005f90                tskLASFRONTLEFTHandle
                0x20005f94                spiRXbuffer
                0x20005f9c                LASER_RIGHT_FRONT_dev_t
                0x20006340                SPIMutexHandle
                0x20006344                tskLASREARRIGHTHandle
                0x20006348                Detectionconfig
 COMMON         0x2000635c       0x3c Src\stm32f4xx_hal_timebase_TIM.o
                0x2000635c                htim4
 COMMON         0x20006398        0x4 c:/program files (x86)/atollic/truestudio for stm32 9.0.1/armtools/bin/../lib/gcc/arm-atollic-eabi/6.3.1/../../../../arm-atollic-eabi/lib/armv7e-m/fpu\libc_nano.a(lib_a-reent.o)
                0x20006398                errno
                0x2000639c                . = ALIGN (0x4)
                0x2000639c                _ebss = .
                0x2000639c                __bss_end__ = _ebss

._user_heap_stack
                0x2000639c      0x600 load address 0x0800d32c
                0x2000639c                . = ALIGN (0x4)
                0x2000639c                PROVIDE (end, .)
                [!provide]                PROVIDE (_end, .)
                0x2000659c                . = (. + _Min_Heap_Size)
 *fill*         0x2000639c      0x200 
                0x2000699c                . = (. + _Min_Stack_Size)
 *fill*         0x2000659c      0x400 
                0x2000699c                . = ALIGN (0x4)

/DISCARD/
 libc.a(*)
 libm.a(*)
 libgcc.a(*)

.ARM.attributes
                0x00000000       0x30
 *(.ARM.attributes)
 .ARM.attributes
                0x00000000       0x22 c:/program files (x86)/atollic/truestudio for stm32 9.0.1/armtools/bin/../lib/gcc/arm-atollic-eabi/6.3.1/armv7e-m/fpu/crti.o
 .ARM.attributes
                0x00000022       0x34 c:/program files (x86)/atollic/truestudio for stm32 9.0.1/armtools/bin/../lib/gcc/arm-atollic-eabi/6.3.1/armv7e-m/fpu/crtbegin.o
 .ARM.attributes
                0x00000056       0x39 Drivers\BSP\VL53L1X API\api\core\vl53l1_api.o
 .ARM.attributes
                0x0000008f       0x39 Drivers\BSP\VL53L1X API\api\core\vl53l1_api_core.o
 .ARM.attributes
                0x000000c8       0x39 Drivers\BSP\VL53L1X API\api\core\vl53l1_api_preset_modes.o
 .ARM.attributes
                0x00000101       0x39 Drivers\BSP\VL53L1X API\api\core\vl53l1_core.o
 .ARM.attributes
                0x0000013a       0x39 Drivers\BSP\VL53L1X API\api\core\vl53l1_core_support.o
 .ARM.attributes
                0x00000173       0x39 Drivers\BSP\VL53L1X API\api\core\vl53l1_register_funcs.o
 .ARM.attributes
                0x000001ac       0x39 Drivers\BSP\VL53L1X API\api\core\vl53l1_wait.o
 .ARM.attributes
                0x000001e5       0x39 Drivers\BSP\VL53L1X API\api\platform\vl53l1_platform.o
 .ARM.attributes
                0x0000021e       0x39 Drivers\STM32F4xx_HAL_Driver\Src\stm32f4xx_hal.o
 .ARM.attributes
                0x00000257       0x39 Drivers\STM32F4xx_HAL_Driver\Src\stm32f4xx_hal_cortex.o
 .ARM.attributes
                0x00000290       0x39 Drivers\STM32F4xx_HAL_Driver\Src\stm32f4xx_hal_gpio.o
 .ARM.attributes
                0x000002c9       0x39 Drivers\STM32F4xx_HAL_Driver\Src\stm32f4xx_hal_i2c.o
 .ARM.attributes
                0x00000302       0x39 Drivers\STM32F4xx_HAL_Driver\Src\stm32f4xx_hal_rcc.o
 .ARM.attributes
                0x0000033b       0x39 Drivers\STM32F4xx_HAL_Driver\Src\stm32f4xx_hal_spi.o
 .ARM.attributes
                0x00000374       0x39 Drivers\STM32F4xx_HAL_Driver\Src\stm32f4xx_hal_tim.o
 .ARM.attributes
                0x000003ad       0x39 Drivers\STM32F4xx_HAL_Driver\Src\stm32f4xx_hal_tim_ex.o
 .ARM.attributes
                0x000003e6       0x39 Drivers\STM32F4xx_HAL_Driver\Src\stm32f4xx_hal_uart.o
 .ARM.attributes
                0x0000041f       0x39 Middlewares\Third_Party\FreeRTOS\Source\CMSIS_RTOS\cmsis_os.o
 .ARM.attributes
                0x00000458       0x39 Middlewares\Third_Party\FreeRTOS\Source\list.o
 .ARM.attributes
                0x00000491       0x39 Middlewares\Third_Party\FreeRTOS\Source\portable\GCC\ARM_CM4F\port.o
 .ARM.attributes
                0x000004ca       0x39 Middlewares\Third_Party\FreeRTOS\Source\portable\MemMang\heap_4.o
 .ARM.attributes
                0x00000503       0x39 Middlewares\Third_Party\FreeRTOS\Source\queue.o
 .ARM.attributes
                0x0000053c       0x39 Middlewares\Third_Party\FreeRTOS\Source\tasks.o
 .ARM.attributes
                0x00000575       0x39 Src\main.o
 .ARM.attributes
                0x000005ae       0x39 Src\stm32f4xx_hal_msp.o
 .ARM.attributes
                0x000005e7       0x39 Src\stm32f4xx_hal_timebase_TIM.o
 .ARM.attributes
                0x00000620       0x39 Src\stm32f4xx_it.o
 .ARM.attributes
                0x00000659       0x39 Src\sumobot_functions.o
 .ARM.attributes
                0x00000692       0x39 Src\system_stm32f4xx.o
 .ARM.attributes
                0x000006cb       0x21 startup\startup_stm32f401xe.o
 .ARM.attributes
                0x000006ec       0x34 c:/program files (x86)/atollic/truestudio for stm32 9.0.1/armtools/bin/../lib/gcc/arm-atollic-eabi/6.3.1/../../../../arm-atollic-eabi/lib/armv7e-m/fpu\libc_nano.a(lib_a-init.o)
 .ARM.attributes
                0x00000720       0x34 c:/program files (x86)/atollic/truestudio for stm32 9.0.1/armtools/bin/../lib/gcc/arm-atollic-eabi/6.3.1/../../../../arm-atollic-eabi/lib/armv7e-m/fpu\libc_nano.a(lib_a-memcpy-stub.o)
 .ARM.attributes
                0x00000754       0x34 c:/program files (x86)/atollic/truestudio for stm32 9.0.1/armtools/bin/../lib/gcc/arm-atollic-eabi/6.3.1/../../../../arm-atollic-eabi/lib/armv7e-m/fpu\libc_nano.a(lib_a-memset.o)
 .ARM.attributes
                0x00000788       0x34 c:/program files (x86)/atollic/truestudio for stm32 9.0.1/armtools/bin/../lib/gcc/arm-atollic-eabi/6.3.1/../../../../arm-atollic-eabi/lib/armv7e-m/fpu\libc_nano.a(lib_a-sprintf.o)
 .ARM.attributes
                0x000007bc       0x1b c:/program files (x86)/atollic/truestudio for stm32 9.0.1/armtools/bin/../lib/gcc/arm-atollic-eabi/6.3.1/../../../../arm-atollic-eabi/lib/armv7e-m/fpu\libc_nano.a(lib_a-strlen.o)
 .ARM.attributes
                0x000007d7       0x34 c:/program files (x86)/atollic/truestudio for stm32 9.0.1/armtools/bin/../lib/gcc/arm-atollic-eabi/6.3.1/../../../../arm-atollic-eabi/lib/armv7e-m/fpu\libc_nano.a(lib_a-strncpy.o)
 .ARM.attributes
                0x0000080b       0x34 c:/program files (x86)/atollic/truestudio for stm32 9.0.1/armtools/bin/../lib/gcc/arm-atollic-eabi/6.3.1/../../../../arm-atollic-eabi/lib/armv7e-m/fpu\libc_nano.a(lib_a-impure.o)
 .ARM.attributes
                0x0000083f       0x34 c:/program files (x86)/atollic/truestudio for stm32 9.0.1/armtools/bin/../lib/gcc/arm-atollic-eabi/6.3.1/../../../../arm-atollic-eabi/lib/armv7e-m/fpu\libc_nano.a(lib_a-nano-svfprintf.o)
 .ARM.attributes
                0x00000873       0x34 c:/program files (x86)/atollic/truestudio for stm32 9.0.1/armtools/bin/../lib/gcc/arm-atollic-eabi/6.3.1/../../../../arm-atollic-eabi/lib/armv7e-m/fpu\libc_nano.a(lib_a-nano-vfprintf_i.o)
 .ARM.attributes
                0x000008a7       0x20 c:/program files (x86)/atollic/truestudio for stm32 9.0.1/armtools/bin/../lib/gcc/arm-atollic-eabi/6.3.1/../../../../arm-atollic-eabi/lib/armv7e-m/fpu\libc_nano.a(lib_a-memchr.o)
 .ARM.attributes
                0x000008c7       0x34 c:/program files (x86)/atollic/truestudio for stm32 9.0.1/armtools/bin/../lib/gcc/arm-atollic-eabi/6.3.1/../../../../arm-atollic-eabi/lib/armv7e-m/fpu\libc_nano.a(lib_a-memmove.o)
 .ARM.attributes
                0x000008fb       0x34 c:/program files (x86)/atollic/truestudio for stm32 9.0.1/armtools/bin/../lib/gcc/arm-atollic-eabi/6.3.1/../../../../arm-atollic-eabi/lib/armv7e-m/fpu\libc_nano.a(lib_a-nano-freer.o)
 .ARM.attributes
                0x0000092f       0x34 c:/program files (x86)/atollic/truestudio for stm32 9.0.1/armtools/bin/../lib/gcc/arm-atollic-eabi/6.3.1/../../../../arm-atollic-eabi/lib/armv7e-m/fpu\libc_nano.a(lib_a-nano-mallocr.o)
 .ARM.attributes
                0x00000963       0x34 c:/program files (x86)/atollic/truestudio for stm32 9.0.1/armtools/bin/../lib/gcc/arm-atollic-eabi/6.3.1/../../../../arm-atollic-eabi/lib/armv7e-m/fpu\libc_nano.a(lib_a-nano-reallocr.o)
 .ARM.attributes
                0x00000997       0x34 c:/program files (x86)/atollic/truestudio for stm32 9.0.1/armtools/bin/../lib/gcc/arm-atollic-eabi/6.3.1/../../../../arm-atollic-eabi/lib/armv7e-m/fpu\libc_nano.a(lib_a-sbrkr.o)
 .ARM.attributes
                0x000009cb       0x34 c:/program files (x86)/atollic/truestudio for stm32 9.0.1/armtools/bin/../lib/gcc/arm-atollic-eabi/6.3.1/../../../../arm-atollic-eabi/lib/armv7e-m/fpu\libc_nano.a(lib_a-mlock.o)
 .ARM.attributes
                0x000009ff       0x34 c:/program files (x86)/atollic/truestudio for stm32 9.0.1/armtools/bin/../lib/gcc/arm-atollic-eabi/6.3.1/../../../../arm-atollic-eabi/lib/armv7e-m/fpu\libc_nano.a(lib_a-nano-msizer.o)
 .ARM.attributes
                0x00000a33       0x34 c:/program files (x86)/atollic/truestudio for stm32 9.0.1/armtools/bin/../lib/gcc/arm-atollic-eabi/6.3.1/../../../../arm-atollic-eabi/lib/armv7e-m/fpu\libc_nano.a(lib_a-reent.o)
 .ARM.attributes
                0x00000a67       0x22 c:/program files (x86)/atollic/truestudio for stm32 9.0.1/armtools/bin/../lib/gcc/arm-atollic-eabi/6.3.1/armv7e-m/fpu\libgcc.a(_aeabi_uldivmod.o)
 .ARM.attributes
                0x00000a89       0x34 c:/program files (x86)/atollic/truestudio for stm32 9.0.1/armtools/bin/../lib/gcc/arm-atollic-eabi/6.3.1/armv7e-m/fpu\libgcc.a(_udivmoddi4.o)
 .ARM.attributes
                0x00000abd       0x22 c:/program files (x86)/atollic/truestudio for stm32 9.0.1/armtools/bin/../lib/gcc/arm-atollic-eabi/6.3.1/armv7e-m/fpu\libgcc.a(_dvmd_tls.o)
 .ARM.attributes
                0x00000adf       0x34 c:/program files (x86)/atollic/truestudio for stm32 9.0.1/armtools/bin/../lib/gcc/arm-atollic-eabi/6.3.1/../../../../arm-atollic-eabi/lib/armv7e-m/fpu\libnosys.a(sbrk.o)
 .ARM.attributes
                0x00000b13       0x22 c:/program files (x86)/atollic/truestudio for stm32 9.0.1/armtools/bin/../lib/gcc/arm-atollic-eabi/6.3.1/armv7e-m/fpu/crtn.o
OUTPUT(VL53L1X_SUMO.elf elf32-littlearm)

.debug_info     0x00000000    0x390ff
 .debug_info    0x00000000     0x4af6 Drivers\BSP\VL53L1X API\api\core\vl53l1_api.o
 .debug_info    0x00004af6     0x4066 Drivers\BSP\VL53L1X API\api\core\vl53l1_api_core.o
 .debug_info    0x00008b5c     0x1bd3 Drivers\BSP\VL53L1X API\api\core\vl53l1_api_preset_modes.o
 .debug_info    0x0000a72f     0x3e9d Drivers\BSP\VL53L1X API\api\core\vl53l1_core.o
 .debug_info    0x0000e5cc      0xa05 Drivers\BSP\VL53L1X API\api\core\vl53l1_core_support.o
 .debug_info    0x0000efd1     0x31f9 Drivers\BSP\VL53L1X API\api\core\vl53l1_register_funcs.o
 .debug_info    0x000121ca     0x2cca Drivers\BSP\VL53L1X API\api\core\vl53l1_wait.o
 .debug_info    0x00014e94     0x2f66 Drivers\BSP\VL53L1X API\api\platform\vl53l1_platform.o
 .debug_info    0x00017dfa     0x10ac Drivers\STM32F4xx_HAL_Driver\Src\stm32f4xx_hal.o
 .debug_info    0x00018ea6     0x154c Drivers\STM32F4xx_HAL_Driver\Src\stm32f4xx_hal_cortex.o
 .debug_info    0x0001a3f2      0xf9d Drivers\STM32F4xx_HAL_Driver\Src\stm32f4xx_hal_gpio.o
 .debug_info    0x0001b38f     0x2889 Drivers\STM32F4xx_HAL_Driver\Src\stm32f4xx_hal_i2c.o
 .debug_info    0x0001dc18     0x10e0 Drivers\STM32F4xx_HAL_Driver\Src\stm32f4xx_hal_rcc.o
 .debug_info    0x0001ecf8     0x1cf1 Drivers\STM32F4xx_HAL_Driver\Src\stm32f4xx_hal_spi.o
 .debug_info    0x000209e9     0x29f0 Drivers\STM32F4xx_HAL_Driver\Src\stm32f4xx_hal_tim.o
 .debug_info    0x000233d9     0x17ca Drivers\STM32F4xx_HAL_Driver\Src\stm32f4xx_hal_tim_ex.o
 .debug_info    0x00024ba3     0x19d5 Drivers\STM32F4xx_HAL_Driver\Src\stm32f4xx_hal_uart.o
 .debug_info    0x00026578     0x1af1 Middlewares\Third_Party\FreeRTOS\Source\CMSIS_RTOS\cmsis_os.o
 .debug_info    0x00028069      0xac3 Middlewares\Third_Party\FreeRTOS\Source\list.o
 .debug_info    0x00028b2c      0x50b Middlewares\Third_Party\FreeRTOS\Source\portable\GCC\ARM_CM4F\port.o
 .debug_info    0x00029037      0xbed Middlewares\Third_Party\FreeRTOS\Source\portable\MemMang\heap_4.o