Archive member included to satisfy reference by file (symbol)

c:/program files (x86)/atollic/truestudio for stm32 9.0.1/armtools/bin/../lib/gcc/arm-atollic-eabi/6.3.1/../../../../arm-atollic-eabi/lib/armv7e-m/fpu\libc_nano.a(lib_a-init.o)
                              startup\startup_stm32f401xe.o (__libc_init_array)
c:/program files (x86)/atollic/truestudio for stm32 9.0.1/armtools/bin/../lib/gcc/arm-atollic-eabi/6.3.1/../../../../arm-atollic-eabi/lib/armv7e-m/fpu\libc_nano.a(lib_a-memcpy-stub.o)
                              Drivers\BSP\VL53L1X API\api\core\vl53l1_api.o (memcpy)
c:/program files (x86)/atollic/truestudio for stm32 9.0.1/armtools/bin/../lib/gcc/arm-atollic-eabi/6.3.1/../../../../arm-atollic-eabi/lib/armv7e-m/fpu\libc_nano.a(lib_a-memset.o)
                              Drivers\BSP\VL53L1X API\api\core\vl53l1_api.o (memset)
c:/program files (x86)/atollic/truestudio for stm32 9.0.1/armtools/bin/../lib/gcc/arm-atollic-eabi/6.3.1/../../../../arm-atollic-eabi/lib/armv7e-m/fpu\libc_nano.a(lib_a-sprintf.o)
                              Src\main.o (sprintf)
c:/program files (x86)/atollic/truestudio for stm32 9.0.1/armtools/bin/../lib/gcc/arm-atollic-eabi/6.3.1/../../../../arm-atollic-eabi/lib/armv7e-m/fpu\libc_nano.a(lib_a-strlen.o)
                              Src\main.o (strlen)
c:/program files (x86)/atollic/truestudio for stm32 9.0.1/armtools/bin/../lib/gcc/arm-atollic-eabi/6.3.1/../../../../arm-atollic-eabi/lib/armv7e-m/fpu\libc_nano.a(lib_a-strncpy.o)
                              Drivers\BSP\VL53L1X API\api\core\vl53l1_api.o (strncpy)
c:/program files (x86)/atollic/truestudio for stm32 9.0.1/armtools/bin/../lib/gcc/arm-atollic-eabi/6.3.1/../../../../arm-atollic-eabi/lib/armv7e-m/fpu\libc_nano.a(lib_a-impure.o)
                              c:/program files (x86)/atollic/truestudio for stm32 9.0.1/armtools/bin/../lib/gcc/arm-atollic-eabi/6.3.1/../../../../arm-atollic-eabi/lib/armv7e-m/fpu\libc_nano.a(lib_a-sprintf.o) (_impure_ptr)
c:/program files (x86)/atollic/truestudio for stm32 9.0.1/armtools/bin/../lib/gcc/arm-atollic-eabi/6.3.1/../../../../arm-atollic-eabi/lib/armv7e-m/fpu\libc_nano.a(lib_a-nano-svfprintf.o)
                              c:/program files (x86)/atollic/truestudio for stm32 9.0.1/armtools/bin/../lib/gcc/arm-atollic-eabi/6.3.1/../../../../arm-atollic-eabi/lib/armv7e-m/fpu\libc_nano.a(lib_a-sprintf.o) (_svfprintf_r)
c:/program files (x86)/atollic/truestudio for stm32 9.0.1/armtools/bin/../lib/gcc/arm-atollic-eabi/6.3.1/../../../../arm-atollic-eabi/lib/armv7e-m/fpu\libc_nano.a(lib_a-nano-vfprintf_i.o)
                              c:/program files (x86)/atollic/truestudio for stm32 9.0.1/armtools/bin/../lib/gcc/arm-atollic-eabi/6.3.1/../../../../arm-atollic-eabi/lib/armv7e-m/fpu\libc_nano.a(lib_a-nano-svfprintf.o) (_printf_i)
c:/program files (x86)/atollic/truestudio for stm32 9.0.1/armtools/bin/../lib/gcc/arm-atollic-eabi/6.3.1/../../../../arm-atollic-eabi/lib/armv7e-m/fpu\libc_nano.a(lib_a-memchr.o)
                              c:/program files (x86)/atollic/truestudio for stm32 9.0.1/armtools/bin/../lib/gcc/arm-atollic-eabi/6.3.1/../../../../arm-atollic-eabi/lib/armv7e-m/fpu\libc_nano.a(lib_a-nano-svfprintf.o) (memchr)
c:/program files (x86)/atollic/truestudio for stm32 9.0.1/armtools/bin/../lib/gcc/arm-atollic-eabi/6.3.1/../../../../arm-atollic-eabi/lib/armv7e-m/fpu\libc_nano.a(lib_a-memmove.o)
                              c:/program files (x86)/atollic/truestudio for stm32 9.0.1/armtools/bin/../lib/gcc/arm-atollic-eabi/6.3.1/../../../../arm-atollic-eabi/lib/armv7e-m/fpu\libc_nano.a(lib_a-nano-svfprintf.o) (memmove)
c:/program files (x86)/atollic/truestudio for stm32 9.0.1/armtools/bin/../lib/gcc/arm-atollic-eabi/6.3.1/../../../../arm-atollic-eabi/lib/armv7e-m/fpu\libc_nano.a(lib_a-nano-freer.o)
                              c:/program files (x86)/atollic/truestudio for stm32 9.0.1/armtools/bin/../lib/gcc/arm-atollic-eabi/6.3.1/../../../../arm-atollic-eabi/lib/armv7e-m/fpu\libc_nano.a(lib_a-nano-svfprintf.o) (_free_r)
c:/program files (x86)/atollic/truestudio for stm32 9.0.1/armtools/bin/../lib/gcc/arm-atollic-eabi/6.3.1/../../../../arm-atollic-eabi/lib/armv7e-m/fpu\libc_nano.a(lib_a-nano-mallocr.o)
                              c:/program files (x86)/atollic/truestudio for stm32 9.0.1/armtools/bin/../lib/gcc/arm-atollic-eabi/6.3.1/../../../../arm-atollic-eabi/lib/armv7e-m/fpu\libc_nano.a(lib_a-nano-svfprintf.o) (_malloc_r)
c:/program files (x86)/atollic/truestudio for stm32 9.0.1/armtools/bin/../lib/gcc/arm-atollic-eabi/6.3.1/../../../../arm-atollic-eabi/lib/armv7e-m/fpu\libc_nano.a(lib_a-nano-reallocr.o)
                              c:/program files (x86)/atollic/truestudio for stm32 9.0.1/armtools/bin/../lib/gcc/arm-atollic-eabi/6.3.1/../../../../arm-atollic-eabi/lib/armv7e-m/fpu\libc_nano.a(lib_a-nano-svfprintf.o) (_realloc_r)
[...]
Memory Configuration

Name             Origin             Length             Attributes
RAM              0x20000000         0x00018000         xrw
FLASH            0x08000000         0x00080000         xr
*default*        0x00000000         0xffffffff

Linker script and memory map

LOAD c:/program files (x86)/atollic/truestudio for stm32 9.0.1/armtools/bin/../lib/gcc/arm-atollic-eabi/6.3.1/armv7e-m/fpu/crti.o
LOAD c:/program files (x86)/atollic/truestudio for stm32 9.0.1/armtools/bin/../lib/gcc/arm-atollic-eabi/6.3.1/armv7e-m/fpu/crtbegin.o
LOAD Drivers\BSP\VL53L1X API\api\core\vl53l1_api.o
LOAD Drivers\BSP\VL53L1X API\api\core\vl53l1_api_calibration.o
LOAD Drivers\BSP\VL53L1X API\api\core\vl53l1_api_core.o
LOAD Drivers\BSP\VL53L1X API\api\core\vl53l1_api_debug.o
LOAD Drivers\BSP\VL53L1X API\api\core\vl53l1_api_preset_modes.o
LOAD Drivers\BSP\VL53L1X API\api\core\vl53l1_api_strings.o
LOAD Drivers\BSP\VL53L1X API\api\core\vl53l1_core.o
LOAD Drivers\BSP\VL53L1X API\api\core\vl53l1_core_support.o
LOAD Drivers\BSP\VL53L1X API\api\core\vl53l1_error_strings.o
LOAD Drivers\BSP\VL53L1X API\api\core\vl53l1_register_funcs.o
LOAD Drivers\BSP\VL53L1X API\api\core\vl53l1_silicon_core.o
LOAD Drivers\BSP\VL53L1X API\api\core\vl53l1_wait.o
LOAD Drivers\BSP\VL53L1X API\api\platform\vl53l1_platform.o
LOAD Drivers\STM32F4xx_HAL_Driver\Src\stm32f4xx_hal.o
LOAD Drivers\STM32F4xx_HAL_Driver\Src\stm32f4xx_hal_cortex.o
LOAD Drivers\STM32F4xx_HAL_Driver\Src\stm32f4xx_hal_dma.o
LOAD Drivers\STM32F4xx_HAL_Driver\Src\stm32f4xx_hal_dma_ex.o
LOAD Drivers\STM32F4xx_HAL_Driver\Src\stm32f4xx_hal_flash.o
LOAD Drivers\STM32F4xx_HAL_Driver\Src\stm32f4xx_hal_flash_ex.o
LOAD Drivers\STM32F4xx_HAL_Driver\Src\stm32f4xx_hal_flash_ramfunc.o
LOAD Drivers\STM32F4xx_HAL_Driver\Src\stm32f4xx_hal_gpio.o
LOAD Drivers\STM32F4xx_HAL_Driver\Src\stm32f4xx_hal_i2c.o
LOAD Drivers\STM32F4xx_HAL_Driver\Src\stm32f4xx_hal_i2c_ex.o
LOAD Drivers\STM32F4xx_HAL_Driver\Src\stm32f4xx_hal_pwr.o
LOAD Drivers\STM32F4xx_HAL_Driver\Src\stm32f4xx_hal_pwr_ex.o
LOAD Drivers\STM32F4xx_HAL_Driver\Src\stm32f4xx_hal_rcc.o
LOAD Drivers\STM32F4xx_HAL_Driver\Src\stm32f4xx_hal_rcc_ex.o
LOAD Drivers\STM32F4xx_HAL_Driver\Src\stm32f4xx_hal_tim.o
LOAD Drivers\STM32F4xx_HAL_Driver\Src\stm32f4xx_hal_tim_ex.o
LOAD Drivers\STM32F4xx_HAL_Driver\Src\stm32f4xx_hal_uart.o
LOAD Middlewares\Third_Party\FreeRTOS\Source\CMSIS_RTOS\cmsis_os.o
LOAD Middlewares\Third_Party\FreeRTOS\Source\croutine.o
LOAD Middlewares\Third_Party\FreeRTOS\Source\event_groups.o
LOAD Middlewares\Third_Party\FreeRTOS\Source\list.o
LOAD Middlewares\Third_Party\FreeRTOS\Source\portable\GCC\ARM_CM4F\port.o
LOAD Middlewares\Third_Party\FreeRTOS\Source\portable\MemMang\heap_4.o
LOAD Middlewares\Third_Party\FreeRTOS\Source\queue.o
LOAD Middlewares\Third_Party\FreeRTOS\Source\tasks.o
LOAD Middlewares\Third_Party\FreeRTOS\Source\timers.o
LOAD Src\freertos.o
LOAD Src\main.o
LOAD Src\stm32f4xx_hal_msp.o
LOAD Src\stm32f4xx_hal_timebase_TIM.o
LOAD Src\stm32f4xx_it.o
LOAD Src\sumobot_functions.o
LOAD Src\sumobot_state_machine.o
LOAD Src\system_stm32f4xx.o
LOAD startup\startup_stm32f401xe.o
                0x00000080                malloc_getpagesize_P = 0x80
START GROUP
LOAD c:/program files (x86)/atollic/truestudio for stm32 9.0.1/armtools/bin/../lib/gcc/arm-atollic-eabi/6.3.1/../../../../arm-atollic-eabi/lib/armv7e-m/fpu\libc_nano.a
LOAD c:/program files (x86)/atollic/truestudio for stm32 9.0.1/armtools/bin/../lib/gcc/arm-atollic-eabi/6.3.1/../../../../arm-atollic-eabi/lib/armv7e-m/fpu\libm.a
END GROUP
START GROUP
LOAD c:/program files (x86)/atollic/truestudio for stm32 9.0.1/armtools/bin/../lib/gcc/arm-atollic-eabi/6.3.1/armv7e-m/fpu\libgcc.a
LOAD c:/program files (x86)/atollic/truestudio for stm32 9.0.1/armtools/bin/../lib/gcc/arm-atollic-eabi/6.3.1/../../../../arm-atollic-eabi/lib/armv7e-m/fpu\libc_nano.a
END GROUP
START GROUP
LOAD c:/program files (x86)/atollic/truestudio for stm32 9.0.1/armtools/bin/../lib/gcc/arm-atollic-eabi/6.3.1/armv7e-m/fpu\libgcc.a
LOAD c:/program files (x86)/atollic/truestudio for stm32 9.0.1/armtools/bin/../lib/gcc/arm-atollic-eabi/6.3.1/../../../../arm-atollic-eabi/lib/armv7e-m/fpu\libc_nano.a
LOAD c:/program files (x86)/atollic/truestudio for stm32 9.0.1/armtools/bin/../lib/gcc/arm-atollic-eabi/6.3.1/../../../../arm-atollic-eabi/lib/armv7e-m/fpu\libnosys.a
END GROUP
START GROUP
LOAD c:/program files (x86)/atollic/truestudio for stm32 9.0.1/armtools/bin/../lib/gcc/arm-atollic-eabi/6.3.1/armv7e-m/fpu\libgcc.a
LOAD c:/program files (x86)/atollic/truestudio for stm32 9.0.1/armtools/bin/../lib/gcc/arm-atollic-eabi/6.3.1/../../../../arm-atollic-eabi/lib/armv7e-m/fpu\libc_nano.a
LOAD c:/program files (x86)/atollic/truestudio for stm32 9.0.1/armtools/bin/../lib/gcc/arm-atollic-eabi/6.3.1/../../../../arm-atollic-eabi/lib/armv7e-m/fpu\libnosys.a
END GROUP
LOAD c:/program files (x86)/atollic/truestudio for stm32 9.0.1/armtools/bin/../lib/gcc/arm-atollic-eabi/6.3.1/armv7e-m/fpu/crtend.o
LOAD c:/program files (x86)/atollic/truestudio for stm32 9.0.1/armtools/bin/../lib/gcc/arm-atollic-eabi/6.3.1/armv7e-m/fpu/crtn.o
                0x20018000                _estack = 0x20018000
                0x00000200                _Min_Heap_Size = 0x200
                0x00000400                _Min_Stack_Size = 0x400

.isr_vector     0x08000000      0x194
                0x08000000                . = ALIGN (0x4)
 *(.isr_vector)
 .isr_vector    0x08000000      0x194 startup\startup_stm32f401xe.o
                0x08000000                g_pfnVectors
                0x08000194                . = ALIGN (0x4)

.text           0x080001a0     0xcd5c
                0x080001a0                . = ALIGN (0x4)
 *(.text)
 .text          0x080001a0       0x40 c:/program files (x86)/atollic/truestudio for stm32 9.0.1/armtools/bin/../lib/gcc/arm-atollic-eabi/6.3.1/armv7e-m/fpu/crtbegin.o
 .text          0x080001e0       0x10 c:/program files (x86)/atollic/truestudio for stm32 9.0.1/armtools/bin/../lib/gcc/arm-atollic-eabi/6.3.1/../../../../arm-atollic-eabi/lib/armv7e-m/fpu\libc_nano.a(lib_a-strlen.o)
                0x080001e0                strlen
 .text          0x080001f0       0xa0 c:/program files (x86)/atollic/truestudio for stm32 9.0.1/armtools/bin/../lib/gcc/arm-atollic-eabi/6.3.1/../../../../arm-atollic-eabi/lib/armv7e-m/fpu\libc_nano.a(lib_a-memchr.o)
                0x080001f0                memchr
 .text          0x08000290       0x30 c:/program files (x86)/atollic/truestudio for stm32 9.0.1/armtools/bin/../lib/gcc/arm-atollic-eabi/6.3.1/armv7e-m/fpu\libgcc.a(_aeabi_uldivmod.o)
                0x08000290                __aeabi_uldivmod
 .text          0x080002c0      0x2dc c:/program files (x86)/atollic/truestudio for stm32 9.0.1/armtools/bin/../lib/gcc/arm-atollic-eabi/6.3.1/armv7e-m/fpu\libgcc.a(_udivmoddi4.o)
                0x080002c0                __udivmoddi4
 .text          0x0800059c        0x4 c:/program files (x86)/atollic/truestudio for stm32 9.0.1/armtools/bin/../lib/gcc/arm-atollic-eabi/6.3.1/armv7e-m/fpu\libgcc.a(_dvmd_tls.o)
                0x0800059c                __aeabi_idiv0
                0x0800059c                __aeabi_ldiv0
 *(.text*)
 .text.ConvertModeToLLD
                0x080005a0       0x58 Drivers\BSP\VL53L1X API\api\core\vl53l1_api.o
 .text.VL53L1_SetDeviceAddress
                0x080005f8       0x30 Drivers\BSP\VL53L1X API\api\core\vl53l1_api.o
                0x080005f8                VL53L1_SetDeviceAddress
 .text.VL53L1_DataInit
                0x08000628       0xaa Drivers\BSP\VL53L1X API\api\core\vl53l1_api.o
                0x08000628                VL53L1_DataInit
 .text.VL53L1_StaticInit
                0x080006d2       0x4e Drivers\BSP\VL53L1X API\api\core\vl53l1_api.o
                0x080006d2                VL53L1_StaticInit
 .text.VL53L1_WaitDeviceBooted
                0x08000720       0x26 Drivers\BSP\VL53L1X API\api\core\vl53l1_api.o
                0x08000720                VL53L1_WaitDeviceBooted
 *fill*         0x08000746        0x2 
 .text.ComputeDevicePresetMode
                0x08000748       0xd4 Drivers\BSP\VL53L1X API\api\core\vl53l1_api.o
 .text.SetPresetMode
                0x0800081c       0xce Drivers\BSP\VL53L1X API\api\core\vl53l1_api.o
 .text.VL53L1_SetPresetMode
                0x080008ea       0x90 Drivers\BSP\VL53L1X API\api\core\vl53l1_api.o
                0x080008ea                VL53L1_SetPresetMode
 .text.VL53L1_SetDistanceMode
                0x0800097a      0x10c Drivers\BSP\VL53L1X API\api\core\vl53l1_api.o
                0x0800097a                VL53L1_SetDistanceMode
 *fill*         0x08000a86        0x2 
 .text.VL53L1_SetMeasurementTimingBudgetMicroSeconds
                0x08000a88      0x1a8 Drivers\BSP\VL53L1X API\api\core\vl53l1_api.o
                0x08000a88                VL53L1_SetMeasurementTimingBudgetMicroSeconds
 .text.VL53L1_GetMeasurementTimingBudgetMicroSeconds
                0x08000c30      0x152 Drivers\BSP\VL53L1X API\api\core\vl53l1_api.o
                0x08000c30                VL53L1_GetMeasurementTimingBudgetMicroSeconds
 *fill*         0x08000d82        0x2 
 .text.VL53L1_SetInterMeasurementPeriodMilliSeconds
                0x08000d84       0x40 Drivers\BSP\VL53L1X API\api\core\vl53l1_api.o
                0x08000d84                VL53L1_SetInterMeasurementPeriodMilliSeconds
 .text.VL53L1_GetInterMeasurementPeriodMilliSeconds
                0x08000dc4       0x48 Drivers\BSP\VL53L1X API\api\core\vl53l1_api.o
                0x08000dc4                VL53L1_GetInterMeasurementPeriodMilliSeconds
 .text.SetLimitValue
                0x08000e0c       0x52 Drivers\BSP\VL53L1X API\api\core\vl53l1_api.o
 .text.VL53L1_SetLimitCheckEnable
                0x08000e5e       0x7c Drivers\BSP\VL53L1X API\api\core\vl53l1_api.o
                0x08000e5e                VL53L1_SetLimitCheckEnable
 .text.VL53L1_GetLimitCheckEnable
                0x08000eda       0x46 Drivers\BSP\VL53L1X API\api\core\vl53l1_api.o
                0x08000eda                VL53L1_GetLimitCheckEnable
 .text.VL53L1_SetLimitCheckValue
                0x08000f20       0x72 Drivers\BSP\VL53L1X API\api\core\vl53l1_api.o
                0x08000f20                VL53L1_SetLimitCheckValue
 .text.VL53L1_GetLimitCheckValue
                0x08000f92       0xae Drivers\BSP\VL53L1X API\api\core\vl53l1_api.o
                0x08000f92                VL53L1_GetLimitCheckValue
 .text.VL53L1_GetSequenceStepEnable
                0x08001040       0x2e Drivers\BSP\VL53L1X API\api\core\vl53l1_api.o
                0x08001040                VL53L1_GetSequenceStepEnable
 *fill*         0x0800106e        0x2 
 .text.VL53L1_StartMeasurement
                0x08001070       0xc8 Drivers\BSP\VL53L1X API\api\core\vl53l1_api.o
                0x08001070                VL53L1_StartMeasurement
 .text.ChangePresetMode
                0x08001138      0x124 Drivers\BSP\VL53L1X API\api\core\vl53l1_api.o
 .text.VL53L1_ClearInterruptAndStartMeasurement
                0x0800125c       0x50 Drivers\BSP\VL53L1X API\api\core\vl53l1_api.o
                0x0800125c                VL53L1_ClearInterruptAndStartMeasurement
 .text.ComputeRQL
                0x080012ac       0xf4 Drivers\BSP\VL53L1X API\api\core\vl53l1_api.o
 .text.ConvertStatusLite
                0x080013a0       0xa0 Drivers\BSP\VL53L1X API\api\core\vl53l1_api.o
 .text.SetSimpleData
                0x08001440      0x1f8 Drivers\BSP\VL53L1X API\api\core\vl53l1_api.o
 .text.VL53L1_GetRangingMeasurementData
                0x08001638       0x78 Drivers\BSP\VL53L1X API\api\core\vl53l1_api.o
                0x08001638                VL53L1_GetRangingMeasurementData
 .text.VL53L1_SetThresholdConfig
                0x080016b0      0x1ac Drivers\BSP\VL53L1X API\api\core\vl53l1_api.o
                0x080016b0                VL53L1_SetThresholdConfig
 .text.VL53L1_data_init
                0x0800185c      0x13a Drivers\BSP\VL53L1X API\api\core\vl53l1_api_core.o
                0x0800185c                VL53L1_data_init
 .text.VL53L1_read_p2p_data
                0x08001996      0x100 Drivers\BSP\VL53L1X API\api\core\vl53l1_api_core.o
                0x08001996                VL53L1_read_p2p_data
 .text.VL53L1_set_inter_measurement_period_ms
                0x08001a96       0x52 Drivers\BSP\VL53L1X API\api\core\vl53l1_api_core.o
                0x08001a96                VL53L1_set_inter_measurement_period_ms
 .text.VL53L1_get_inter_measurement_period_ms
                0x08001ae8       0x4c Drivers\BSP\VL53L1X API\api\core\vl53l1_api_core.o
                0x08001ae8                VL53L1_get_inter_measurement_period_ms
 .text.VL53L1_set_timeouts_us
                0x08001b34       0x70 Drivers\BSP\VL53L1X API\api\core\vl53l1_api_core.o
                0x08001b34                VL53L1_set_timeouts_us
 .text.VL53L1_get_timeouts_us
                0x08001ba4       0xd6 Drivers\BSP\VL53L1X API\api\core\vl53l1_api_core.o
                0x08001ba4                VL53L1_get_timeouts_us
 .text.VL53L1_get_sequence_config_bit
                0x08001c7a       0x6e Drivers\BSP\VL53L1X API\api\core\vl53l1_api_core.o
                0x08001c7a                VL53L1_get_sequence_config_bit
 .text.VL53L1_set_user_zone
                0x08001ce8       0x46 Drivers\BSP\VL53L1X API\api\core\vl53l1_api_core.o
                0x08001ce8                VL53L1_set_user_zone
 .text.VL53L1_get_user_zone
                0x08001d2e       0x44 Drivers\BSP\VL53L1X API\api\core\vl53l1_api_core.o
                0x08001d2e                VL53L1_get_user_zone
 .text.VL53L1_get_mode_mitigation_roi
                0x08001d72       0x68 Drivers\BSP\VL53L1X API\api\core\vl53l1_api_core.o
                0x08001d72                VL53L1_get_mode_mitigation_roi
 *fill*         0x08001dda        0x2 
 .text.VL53L1_get_preset_mode_timing_cfg
                0x08001ddc      0x154 Drivers\BSP\VL53L1X API\api\core\vl53l1_api_core.o
                0x08001ddc                VL53L1_get_preset_mode_timing_cfg
 .text.VL53L1_set_preset_mode
                0x08001f30      0x2ec Drivers\BSP\VL53L1X API\api\core\vl53l1_api_core.o
                0x08001f30                VL53L1_set_preset_mode
 .text.VL53L1_get_lite_sigma_threshold
                0x0800221c       0x2c Drivers\BSP\VL53L1X API\api\core\vl53l1_api_core.o
                0x0800221c                VL53L1_get_lite_sigma_threshold
 .text.VL53L1_set_lite_sigma_threshold
                0x08002248       0x2c Drivers\BSP\VL53L1X API\api\core\vl53l1_api_core.o
                0x08002248                VL53L1_set_lite_sigma_threshold
 .text.VL53L1_get_lite_min_count_rate
                0x08002274       0x2c Drivers\BSP\VL53L1X API\api\core\vl53l1_api_core.o
                0x08002274                VL53L1_get_lite_min_count_rate
 .text.VL53L1_set_lite_min_count_rate
                0x080022a0       0x2c Drivers\BSP\VL53L1X API\api\core\vl53l1_api_core.o
                0x080022a0                VL53L1_set_lite_min_count_rate
 .text.VL53L1_set_vhv_loopbound
                0x080022cc       0x40 Drivers\BSP\VL53L1X API\api\core\vl53l1_api_core.o
                0x080022cc                VL53L1_set_vhv_loopbound
 .text.VL53L1_init_and_start_range
                0x0800230c      0x454 Drivers\BSP\VL53L1X API\api\core\vl53l1_api_core.o
                0x0800230c                VL53L1_init_and_start_range
 .text.VL53L1_stop_range
                0x08002760       0x74 Drivers\BSP\VL53L1X API\api\core\vl53l1_api_core.o
                0x08002760                VL53L1_stop_range
 .text.VL53L1_get_measurement_results
                0x080027d4      0x14e Drivers\BSP\VL53L1X API\api\core\vl53l1_api_core.o
                0x080027d4                VL53L1_get_measurement_results
 .text.VL53L1_get_device_results
                0x08002922       0xfc Drivers\BSP\VL53L1X API\api\core\vl53l1_api_core.o
                0x08002922                VL53L1_get_device_results
 .text.VL53L1_clear_interrupt_and_enable_next_range
                0x08002a1e       0x34 Drivers\BSP\VL53L1X API\api\core\vl53l1_api_core.o
                0x08002a1e                VL53L1_clear_interrupt_and_enable_next_range
 *fill*         0x08002a52        0x2 
 .text.VL53L1_copy_sys_and_core_results_to_range_results
                0x08002a54      0x25c Drivers\BSP\VL53L1X API\api\core\vl53l1_api_core.o
                0x08002a54                VL53L1_copy_sys_and_core_results_to_range_results
 .text.VL53L1_set_GPIO_interrupt_config_struct
                0x08002cb0       0x5c Drivers\BSP\VL53L1X API\api\core\vl53l1_api_core.o
                0x08002cb0                VL53L1_set_GPIO_interrupt_config_struct
 .text.VL53L1_get_GPIO_interrupt_config
                0x08002d0c       0x86 Drivers\BSP\VL53L1X API\api\core\vl53l1_api_core.o
                0x08002d0c                VL53L1_get_GPIO_interrupt_config
 *fill*         0x08002d92        0x2 
 .text.VL53L1_get_tuning_parm
                0x08002d94      0x448 Drivers\BSP\VL53L1X API\api\core\vl53l1_api_core.o
                0x08002d94                VL53L1_get_tuning_parm
 .text.VL53L1_init_refspadchar_config_struct
                0x080031dc       0x48 Drivers\BSP\VL53L1X API\api\core\vl53l1_api_preset_modes.o
                0x080031dc                VL53L1_init_refspadchar_config_struct
 .text.VL53L1_init_ssc_config_struct
                0x08003224       0x42 Drivers\BSP\VL53L1X API\api\core\vl53l1_api_preset_modes.o
                0x08003224                VL53L1_init_ssc_config_struct
 .text.VL53L1_init_xtalk_config_struct
                0x08003266       0xc4 Drivers\BSP\VL53L1X API\api\core\vl53l1_api_preset_modes.o
                0x08003266                VL53L1_init_xtalk_config_struct
 .text.VL53L1_init_offset_cal_config_struct
                0x0800332a       0x4e Drivers\BSP\VL53L1X API\api\core\vl53l1_api_preset_modes.o
                0x0800332a                VL53L1_init_offset_cal_config_struct
 .text.VL53L1_init_tuning_parm_storage_struct
                0x08003378      0x11c Drivers\BSP\VL53L1X API\api\core\vl53l1_api_preset_modes.o
                0x08003378                VL53L1_init_tuning_parm_storage_struct
 .text.VL53L1_preset_mode_standard_ranging
                0x08003494      0x23c Drivers\BSP\VL53L1X API\api\core\vl53l1_api_preset_modes.o
                0x08003494                VL53L1_preset_mode_standard_ranging
 .text.VL53L1_preset_mode_standard_ranging_short_range
                0x080036d0       0x82 Drivers\BSP\VL53L1X API\api\core\vl53l1_api_preset_modes.o
                0x080036d0                VL53L1_preset_mode_standard_ranging_short_range
 .text.VL53L1_preset_mode_standard_ranging_long_range
                0x08003752       0x82 Drivers\BSP\VL53L1X API\api\core\vl53l1_api_preset_modes.o
                0x08003752                VL53L1_preset_mode_standard_ranging_long_range
 .text.VL53L1_preset_mode_standard_ranging_mm1_cal
                0x080037d4       0x4a Drivers\BSP\VL53L1X API\api\core\vl53l1_api_preset_modes.o
                0x080037d4                VL53L1_preset_mode_standard_ranging_mm1_cal
 .text.VL53L1_preset_mode_standard_ranging_mm2_cal
                0x0800381e       0x4a Drivers\BSP\VL53L1X API\api\core\vl53l1_api_preset_modes.o
                0x0800381e                VL53L1_preset_mode_standard_ranging_mm2_cal
 .text.VL53L1_preset_mode_timed_ranging
                0x08003868       0x74 Drivers\BSP\VL53L1X API\api\core\vl53l1_api_preset_modes.o
                0x08003868                VL53L1_preset_mode_timed_ranging
 .text.VL53L1_preset_mode_timed_ranging_short_range
                0x080038dc       0x74 Drivers\BSP\VL53L1X API\api\core\vl53l1_api_preset_modes.o
                0x080038dc                VL53L1_preset_mode_timed_ranging_short_range
 .text.VL53L1_preset_mode_timed_ranging_long_range
                0x08003950       0x74 Drivers\BSP\VL53L1X API\api\core\vl53l1_api_preset_modes.o
                0x08003950                VL53L1_preset_mode_timed_ranging_long_range
 .text.VL53L1_preset_mode_low_power_auto_ranging
                0x080039c4       0x4c Drivers\BSP\VL53L1X API\api\core\vl53l1_api_preset_modes.o
                0x080039c4                VL53L1_preset_mode_low_power_auto_ranging
 .text.VL53L1_preset_mode_low_power_auto_short_ranging
                0x08003a10       0x4c Drivers\BSP\VL53L1X API\api\core\vl53l1_api_preset_modes.o
                0x08003a10                VL53L1_preset_mode_low_power_auto_short_ranging
 .text.VL53L1_preset_mode_low_power_auto_long_ranging
                0x08003a5c       0x4c Drivers\BSP\VL53L1X API\api\core\vl53l1_api_preset_modes.o
                0x08003a5c                VL53L1_preset_mode_low_power_auto_long_ranging
 .text.VL53L1_preset_mode_singleshot_ranging
                0x08003aa8       0x6c Drivers\BSP\VL53L1X API\api\core\vl53l1_api_preset_modes.o
                0x08003aa8                VL53L1_preset_mode_singleshot_ranging
 .text.VL53L1_preset_mode_olt
                0x08003b14       0x44 Drivers\BSP\VL53L1X API\api\core\vl53l1_api_preset_modes.o
                0x08003b14                VL53L1_preset_mode_olt
 .text.VL53L1_init_version
                0x08003b58       0x38 Drivers\BSP\VL53L1X API\api\core\vl53l1_core.o
                0x08003b58                VL53L1_init_version
 .text.VL53L1_init_ll_driver_state
                0x08003b90       0x52 Drivers\BSP\VL53L1X API\api\core\vl53l1_core.o
                0x08003b90                VL53L1_init_ll_driver_state
 *fill*         0x08003be2        0x2 
 .text.VL53L1_update_ll_driver_rd_state
                0x08003be4      0x110 Drivers\BSP\VL53L1X API\api\core\vl53l1_core.o
                0x08003be4                VL53L1_update_ll_driver_rd_state
 .text.VL53L1_check_ll_driver_rd_state
                0x08003cf4       0x96 Drivers\BSP\VL53L1X API\api\core\vl53l1_core.o
                0x08003cf4                VL53L1_check_ll_driver_rd_state
 .text.VL53L1_update_ll_driver_cfg_state
                0x08003d8a       0xcc Drivers\BSP\VL53L1X API\api\core\vl53l1_core.o
                0x08003d8a                VL53L1_update_ll_driver_cfg_state
 .text.VL53L1_copy_rtn_good_spads_to_buffer
                0x08003e56      0x174 Drivers\BSP\VL53L1X API\api\core\vl53l1_core.o
                0x08003e56                VL53L1_copy_rtn_good_spads_to_buffer
 .text.VL53L1_i2c_encode_uint16_t
                0x08003fca       0x54 Drivers\BSP\VL53L1X API\api\core\vl53l1_core.o
                0x08003fca                VL53L1_i2c_encode_uint16_t
 .text.VL53L1_i2c_decode_uint16_t
                0x0800401e       0x40 Drivers\BSP\VL53L1X API\api\core\vl53l1_core.o
                0x0800401e                VL53L1_i2c_decode_uint16_t
 .text.VL53L1_i2c_encode_int16_t
                0x0800405e       0x56 Drivers\BSP\VL53L1X API\api\core\vl53l1_core.o
                0x0800405e                VL53L1_i2c_encode_int16_t
 .text.VL53L1_i2c_decode_int16_t
                0x080040b4       0x52 Drivers\BSP\VL53L1X API\api\core\vl53l1_core.o
                0x080040b4                VL53L1_i2c_decode_int16_t
 .text.VL53L1_i2c_encode_uint32_t
                0x08004106       0x52 Drivers\BSP\VL53L1X API\api\core\vl53l1_core.o
                0x08004106                VL53L1_i2c_encode_uint32_t
 .text.VL53L1_i2c_decode_uint32_t
                0x08004158       0x3a Drivers\BSP\VL53L1X API\api\core\vl53l1_core.o
                0x08004158                VL53L1_i2c_decode_uint32_t
 .text.VL53L1_i2c_decode_int32_t
                0x08004192       0x4a Drivers\BSP\VL53L1X API\api\core\vl53l1_core.o
                0x08004192                VL53L1_i2c_decode_int32_t
 .text.VL53L1_calc_macro_period_us
                0x080041dc       0x5e Drivers\BSP\VL53L1X API\api\core\vl53l1_core.o
                0x080041dc                VL53L1_calc_macro_period_us
 *fill*         0x0800423a        0x2 
 .text.VL53L1_calc_range_ignore_threshold
                0x0800423c       0xc4 Drivers\BSP\VL53L1X API\api\core\vl53l1_core.o
                0x0800423c                VL53L1_calc_range_ignore_threshold
 .text.VL53L1_calc_timeout_mclks
                0x08004300       0x2e Drivers\BSP\VL53L1X API\api\core\vl53l1_core.o
                0x08004300                VL53L1_calc_timeout_mclks
 .text.VL53L1_calc_encoded_timeout
                0x0800432e       0x30 Drivers\BSP\VL53L1X API\api\core\vl53l1_core.o
                0x0800432e                VL53L1_calc_encoded_timeout
 .text.VL53L1_calc_timeout_us
                0x0800435e       0x72 Drivers\BSP\VL53L1X API\api\core\vl53l1_core.o
                0x0800435e                VL53L1_calc_timeout_us
 .text.VL53L1_calc_decoded_timeout_us
                0x080043d0       0x32 Drivers\BSP\VL53L1X API\api\core\vl53l1_core.o
                0x080043d0                VL53L1_calc_decoded_timeout_us
 .text.VL53L1_encode_timeout
                0x08004402       0x58 Drivers\BSP\VL53L1X API\api\core\vl53l1_core.o
                0x08004402                VL53L1_encode_timeout
 .text.VL53L1_decode_timeout
                0x0800445a       0x2c Drivers\BSP\VL53L1X API\api\core\vl53l1_core.o
                0x0800445a                VL53L1_decode_timeout
 .text.VL53L1_calc_timeout_register_values
                0x08004486       0xf2 Drivers\BSP\VL53L1X API\api\core\vl53l1_core.o
                0x08004486                VL53L1_calc_timeout_register_values
 .text.VL53L1_encode_row_col
                0x08004578       0x4e Drivers\BSP\VL53L1X API\api\core\vl53l1_core.o
                0x08004578                VL53L1_encode_row_col
 .text.VL53L1_decode_zone_size
                0x080045c6       0x30 Drivers\BSP\VL53L1X API\api\core\vl53l1_core.o
                0x080045c6                VL53L1_decode_zone_size
 .text.VL53L1_encode_zone_size
                0x080045f6       0x2c Drivers\BSP\VL53L1X API\api\core\vl53l1_core.o
                0x080045f6                VL53L1_encode_zone_size
 .text.VL53L1_encode_GPIO_interrupt_config
                0x08004622       0x64 Drivers\BSP\VL53L1X API\api\core\vl53l1_core.o
                0x08004622                VL53L1_encode_GPIO_interrupt_config
 .text.VL53L1_decode_GPIO_interrupt_config
                0x08004686       0x76 Drivers\BSP\VL53L1X API\api\core\vl53l1_core.o
                0x08004686                VL53L1_decode_GPIO_interrupt_config
 .text.VL53L1_set_GPIO_distance_threshold
                0x080046fc       0x38 Drivers\BSP\VL53L1X API\api\core\vl53l1_core.o
                0x080046fc                VL53L1_set_GPIO_distance_threshold
 .text.VL53L1_set_GPIO_rate_threshold
                0x08004734       0x38 Drivers\BSP\VL53L1X API\api\core\vl53l1_core.o
                0x08004734                VL53L1_set_GPIO_rate_threshold
 .text.VL53L1_set_GPIO_thresholds_from_struct
                0x0800476c       0x4a Drivers\BSP\VL53L1X API\api\core\vl53l1_core.o
                0x0800476c                VL53L1_set_GPIO_thresholds_from_struct
 .text.VL53L1_low_power_auto_data_init
                0x080047b6       0x68 Drivers\BSP\VL53L1X API\api\core\vl53l1_core.o
                0x080047b6                VL53L1_low_power_auto_data_init
 .text.VL53L1_low_power_auto_data_stop_range
                0x0800481e       0x74 Drivers\BSP\VL53L1X API\api\core\vl53l1_core.o
                0x0800481e                VL53L1_low_power_auto_data_stop_range
 .text.VL53L1_config_low_power_auto_mode
                0x08004892       0x40 Drivers\BSP\VL53L1X API\api\core\vl53l1_core.o
                0x08004892                VL53L1_config_low_power_auto_mode
 .text.VL53L1_low_power_auto_setup_manual_calibration
                0x080048d2       0x8a Drivers\BSP\VL53L1X API\api\core\vl53l1_core.o
                0x080048d2                VL53L1_low_power_auto_setup_manual_calibration
 .text.VL53L1_low_power_auto_update_DSS
                0x0800495c       0xee Drivers\BSP\VL53L1X API\api\core\vl53l1_core.o
                0x0800495c                VL53L1_low_power_auto_update_DSS
 .text.VL53L1_calc_pll_period_us
                0x08004a4a       0x28 Drivers\BSP\VL53L1X API\api\core\vl53l1_core_support.o
                0x08004a4a                VL53L1_calc_pll_period_us
 .text.VL53L1_decode_vcsel_period
                0x08004a72       0x26 Drivers\BSP\VL53L1X API\api\core\vl53l1_core_support.o
                0x08004a72                VL53L1_decode_vcsel_period
 .text.VL53L1_decode_row_col
                0x08004a98       0x5e Drivers\BSP\VL53L1X API\api\core\vl53l1_core_support.o
                0x08004a98                VL53L1_decode_row_col
 .text.VL53L1_i2c_encode_static_nvm_managed
                0x08004af6       0xb6 Drivers\BSP\VL53L1X API\api\core\vl53l1_register_funcs.o
                0x08004af6                VL53L1_i2c_encode_static_nvm_managed
 .text.VL53L1_i2c_decode_static_nvm_managed
                0x08004bac       0xb4 Drivers\BSP\VL53L1X API\api\core\vl53l1_register_funcs.o
                0x08004bac                VL53L1_i2c_decode_static_nvm_managed
 .text.VL53L1_get_static_nvm_managed
                0x08004c60       0x4e Drivers\BSP\VL53L1X API\api\core\vl53l1_register_funcs.o
                0x08004c60                VL53L1_get_static_nvm_managed
 .text.VL53L1_i2c_encode_customer_nvm_managed
                0x08004cae      0x114 Drivers\BSP\VL53L1X API\api\core\vl53l1_register_funcs.o
                0x08004cae                VL53L1_i2c_encode_customer_nvm_managed
 .text.VL53L1_i2c_decode_customer_nvm_managed
                0x08004dc2      0x11a Drivers\BSP\VL53L1X API\api\core\vl53l1_register_funcs.o
                0x08004dc2                VL53L1_i2c_decode_customer_nvm_managed
 .text.VL53L1_get_customer_nvm_managed
                0x08004edc       0x4e Drivers\BSP\VL53L1X API\api\core\vl53l1_register_funcs.o
                0x08004edc                VL53L1_get_customer_nvm_managed
 .text.VL53L1_i2c_encode_static_config
                0x08004f2a      0x1c6 Drivers\BSP\VL53L1X API\api\core\vl53l1_register_funcs.o
                0x08004f2a                VL53L1_i2c_encode_static_config
 .text.VL53L1_i2c_encode_general_config
                0x080050f0      0x108 Drivers\BSP\VL53L1X API\api\core\vl53l1_register_funcs.o
                0x080050f0                VL53L1_i2c_encode_general_config
 .text.VL53L1_i2c_encode_timing_config
                0x080051f8      0x104 Drivers\BSP\VL53L1X API\api\core\vl53l1_register_funcs.o
                0x080051f8                VL53L1_i2c_encode_timing_config
 .text.VL53L1_i2c_encode_dynamic_config
                0x080052fc      0x10a Drivers\BSP\VL53L1X API\api\core\vl53l1_register_funcs.o
                0x080052fc                VL53L1_i2c_encode_dynamic_config
 .text.VL53L1_i2c_encode_system_control
                0x08005406       0x76 Drivers\BSP\VL53L1X API\api\core\vl53l1_register_funcs.o
                0x08005406                VL53L1_i2c_encode_system_control
 .text.VL53L1_set_system_control
                0x0800547c       0x4e Drivers\BSP\VL53L1X API\api\core\vl53l1_register_funcs.o
                0x0800547c                VL53L1_set_system_control
 .text.VL53L1_i2c_decode_system_results
                0x080054ca      0x1ec Drivers\BSP\VL53L1X API\api\core\vl53l1_register_funcs.o
                0x080054ca                VL53L1_i2c_decode_system_results
 .text.VL53L1_i2c_decode_core_results
                0x080056b6       0xc2 Drivers\BSP\VL53L1X API\api\core\vl53l1_register_funcs.o
                0x080056b6                VL53L1_i2c_decode_core_results
 .text.VL53L1_i2c_decode_debug_results
                0x08005778      0x2e4 Drivers\BSP\VL53L1X API\api\core\vl53l1_register_funcs.o
                0x08005778                VL53L1_i2c_decode_debug_results
 .text.VL53L1_i2c_decode_nvm_copy_data
                0x08005a5c      0x24c Drivers\BSP\VL53L1X API\api\core\vl53l1_register_funcs.o
                0x08005a5c                VL53L1_i2c_decode_nvm_copy_data
 .text.VL53L1_get_nvm_copy_data
                0x08005ca8       0x56 Drivers\BSP\VL53L1X API\api\core\vl53l1_register_funcs.o
                0x08005ca8                VL53L1_get_nvm_copy_data
 .text.VL53L1_poll_for_boot_completion
                0x08005cfe       0x58 Drivers\BSP\VL53L1X API\api\core\vl53l1_wait.o
                0x08005cfe                VL53L1_poll_for_boot_completion
 .text._I2CWrite
                0x08005d56       0x42 Drivers\BSP\VL53L1X API\api\platform\vl53l1_platform.o
                0x08005d56                _I2CWrite
 .text._I2CRead
                0x08005d98       0x48 Drivers\BSP\VL53L1X API\api\platform\vl53l1_platform.o
                0x08005d98                _I2CRead
 .text.VL53L1_WriteMulti
                0x08005de0       0x6c Drivers\BSP\VL53L1X API\api\platform\vl53l1_platform.o
                0x08005de0                VL53L1_WriteMulti
 .text.VL53L1_ReadMulti
                0x08005e4c       0x68 Drivers\BSP\VL53L1X API\api\platform\vl53l1_platform.o
                0x08005e4c                VL53L1_ReadMulti
 .text.VL53L1_WrByte
                0x08005eb4       0x54 Drivers\BSP\VL53L1X API\api\platform\vl53l1_platform.o
                0x08005eb4                VL53L1_WrByte
 .text.VL53L1_RdByte
                0x08005f08       0x64 Drivers\BSP\VL53L1X API\api\platform\vl53l1_platform.o
                0x08005f08                VL53L1_RdByte
 .text.VL53L1_RdWord
                0x08005f6c       0x80 Drivers\BSP\VL53L1X API\api\platform\vl53l1_platform.o
                0x08005f6c                VL53L1_RdWord
 .text.VL53L1_GetTickCount
                0x08005fec       0x22 Drivers\BSP\VL53L1X API\api\platform\vl53l1_platform.o
                0x08005fec                VL53L1_GetTickCount
 .text.VL53L1_WaitMs
                0x0800600e       0x1c Drivers\BSP\VL53L1X API\api\platform\vl53l1_platform.o
                0x0800600e                VL53L1_WaitMs
 *fill*         0x0800602a        0x2 
 .text.VL53L1_WaitUs
                0x0800602c       0x2c Drivers\BSP\VL53L1X API\api\platform\vl53l1_platform.o
                0x0800602c                VL53L1_WaitUs
 .text.VL53L1_WaitValueMaskEx
                0x08006058      0x128 Drivers\BSP\VL53L1X API\api\platform\vl53l1_platform.o
                0x08006058                VL53L1_WaitValueMaskEx
 .text.HAL_Init
                0x08006180       0x44 Drivers\STM32F4xx_HAL_Driver\Src\stm32f4xx_hal.o
                0x08006180                HAL_Init
 .text.HAL_IncTick
                0x080061c4       0x28 Drivers\STM32F4xx_HAL_Driver\Src\stm32f4xx_hal.o
                0x080061c4                HAL_IncTick
 .text.HAL_GetTick
                0x080061ec       0x18 Drivers\STM32F4xx_HAL_Driver\Src\stm32f4xx_hal.o
                0x080061ec                HAL_GetTick
 .text.HAL_Delay
                0x08006204       0x44 Drivers\STM32F4xx_HAL_Driver\Src\stm32f4xx_hal.o
                0x08006204                HAL_Delay
 .text.NVIC_SetPriorityGrouping
                0x08006248       0x48 Drivers\STM32F4xx_HAL_Driver\Src\stm32f4xx_hal_cortex.o
 .text.NVIC_GetPriorityGrouping
                0x08006290       0x1c Drivers\STM32F4xx_HAL_Driver\Src\stm32f4xx_hal_cortex.o
 .text.NVIC_EnableIRQ
                0x080062ac       0x34 Drivers\STM32F4xx_HAL_Driver\Src\stm32f4xx_hal_cortex.o
 .text.NVIC_SetPriority
                0x080062e0       0x54 Drivers\STM32F4xx_HAL_Driver\Src\stm32f4xx_hal_cortex.o
 .text.NVIC_EncodePriority
                0x08006334       0x62 Drivers\STM32F4xx_HAL_Driver\Src\stm32f4xx_hal_cortex.o
 *fill*         0x08006396        0x2 
 .text.SysTick_Config
                0x08006398       0x44 Drivers\STM32F4xx_HAL_Driver\Src\stm32f4xx_hal_cortex.o
 .text.HAL_NVIC_SetPriorityGrouping
                0x080063dc       0x16 Drivers\STM32F4xx_HAL_Driver\Src\stm32f4xx_hal_cortex.o
                0x080063dc                HAL_NVIC_SetPriorityGrouping
 .text.HAL_NVIC_SetPriority
                0x080063f2       0x38 Drivers\STM32F4xx_HAL_Driver\Src\stm32f4xx_hal_cortex.o
                0x080063f2                HAL_NVIC_SetPriority
 .text.HAL_NVIC_EnableIRQ
                0x0800642a       0x1c Drivers\STM32F4xx_HAL_Driver\Src\stm32f4xx_hal_cortex.o
                0x0800642a                HAL_NVIC_EnableIRQ
 .text.HAL_SYSTICK_Config
                0x08006446       0x18 Drivers\STM32F4xx_HAL_Driver\Src\stm32f4xx_hal_cortex.o
                0x08006446                HAL_SYSTICK_Config
 *fill*         0x0800645e        0x2 
 .text.HAL_SYSTICK_CLKSourceConfig
                0x08006460       0x38 Drivers\STM32F4xx_HAL_Driver\Src\stm32f4xx_hal_cortex.o
                0x08006460                HAL_SYSTICK_CLKSourceConfig
 .text.HAL_GPIO_Init
                0x08006498      0x304 Drivers\STM32F4xx_HAL_Driver\Src\stm32f4xx_hal_gpio.o
                0x08006498                HAL_GPIO_Init
 .text.HAL_GPIO_WritePin
                0x0800679c       0x32 Drivers\STM32F4xx_HAL_Driver\Src\stm32f4xx_hal_gpio.o
                0x0800679c                HAL_GPIO_WritePin
 *fill*         0x080067ce        0x2 
 .text.HAL_GPIO_EXTI_IRQHandler
                0x080067d0       0x30 Drivers\STM32F4xx_HAL_Driver\Src\stm32f4xx_hal_gpio.o
                0x080067d0                HAL_GPIO_EXTI_IRQHandler
 .text.HAL_GPIO_EXTI_Callback
                0x08006800       0x16 Drivers\STM32F4xx_HAL_Driver\Src\stm32f4xx_hal_gpio.o
                0x08006800                HAL_GPIO_EXTI_Callback
 *fill*         0x08006816        0x2 
 .text.HAL_I2C_Init
                0x08006818      0x1c0 Drivers\STM32F4xx_HAL_Driver\Src\stm32f4xx_hal_i2c.o
                0x08006818                HAL_I2C_Init
 .text.HAL_I2C_Master_Transmit
                0x080069d8      0x21c Drivers\STM32F4xx_HAL_Driver\Src\stm32f4xx_hal_i2c.o
                0x080069d8                HAL_I2C_Master_Transmit
 .text.HAL_I2C_Master_Receive
                0x08006bf4      0x464 Drivers\STM32F4xx_HAL_Driver\Src\stm32f4xx_hal_i2c.o
                0x08006bf4                HAL_I2C_Master_Receive
 .text.I2C_MasterRequestWrite
                0x08007058      0x104 Drivers\STM32F4xx_HAL_Driver\Src\stm32f4xx_hal_i2c.o
 .text.I2C_MasterRequestRead
                0x0800715c      0x190 Drivers\STM32F4xx_HAL_Driver\Src\stm32f4xx_hal_i2c.o
 .text.I2C_WaitOnFlagUntilTimeout
                0x080072ec       0xa2 Drivers\STM32F4xx_HAL_Driver\Src\stm32f4xx_hal_i2c.o
 .text.I2C_WaitOnMasterAddressFlagUntilTimeout
                0x0800738e       0xdc Drivers\STM32F4xx_HAL_Driver\Src\stm32f4xx_hal_i2c.o
 .text.I2C_WaitOnTXEFlagUntilTimeout
                0x0800746a       0x7a Drivers\STM32F4xx_HAL_Driver\Src\stm32f4xx_hal_i2c.o
 .text.I2C_WaitOnBTFFlagUntilTimeout
                0x080074e4       0x7a Drivers\STM32F4xx_HAL_Driver\Src\stm32f4xx_hal_i2c.o
 .text.I2C_WaitOnRXNEFlagUntilTimeout
                0x0800755e       0x94 Drivers\STM32F4xx_HAL_Driver\Src\stm32f4xx_hal_i2c.o
 .text.I2C_IsAcknowledgeFailed
                0x080075f2       0x50 Drivers\STM32F4xx_HAL_Driver\Src\stm32f4xx_hal_i2c.o
 *fill*         0x08007642        0x2 
 .text.HAL_RCC_OscConfig
                0x08007644      0x484 Drivers\STM32F4xx_HAL_Driver\Src\stm32f4xx_hal_rcc.o
                0x08007644                HAL_RCC_OscConfig
 .text.HAL_RCC_ClockConfig
                0x08007ac8      0x1c4 Drivers\STM32F4xx_HAL_Driver\Src\stm32f4xx_hal_rcc.o
                0x08007ac8                HAL_RCC_ClockConfig
 .text.HAL_RCC_GetSysClockFreq
                0x08007c8c      0x1b0 Drivers\STM32F4xx_HAL_Driver\Src\stm32f4xx_hal_rcc.o
                0x08007c8c                HAL_RCC_GetSysClockFreq
 .text.HAL_RCC_GetHCLKFreq
                0x08007e3c       0x18 Drivers\STM32F4xx_HAL_Driver\Src\stm32f4xx_hal_rcc.o
                0x08007e3c                HAL_RCC_GetHCLKFreq
 .text.HAL_RCC_GetPCLK1Freq
                0x08007e54       0x28 Drivers\STM32F4xx_HAL_Driver\Src\stm32f4xx_hal_rcc.o
                0x08007e54                HAL_RCC_GetPCLK1Freq
 .text.HAL_RCC_GetPCLK2Freq
                0x08007e7c       0x28 Drivers\STM32F4xx_HAL_Driver\Src\stm32f4xx_hal_rcc.o
                0x08007e7c                HAL_RCC_GetPCLK2Freq
 .text.HAL_RCC_GetClockConfig
                0x08007ea4       0x64 Drivers\STM32F4xx_HAL_Driver\Src\stm32f4xx_hal_rcc.o
                0x08007ea4                HAL_RCC_GetClockConfig
 .text.HAL_TIM_Base_Init
                0x08007f08       0x56 Drivers\STM32F4xx_HAL_Driver\Src\stm32f4xx_hal_tim.o
                0x08007f08                HAL_TIM_Base_Init
 .text.HAL_TIM_Base_MspInit
                0x08007f5e       0x14 Drivers\STM32F4xx_HAL_Driver\Src\stm32f4xx_hal_tim.o
                0x08007f5e                HAL_TIM_Base_MspInit
 .text.HAL_TIM_Base_Start
                0x08007f72       0x36 Drivers\STM32F4xx_HAL_Driver\Src\stm32f4xx_hal_tim.o
                0x08007f72                HAL_TIM_Base_Start
 .text.HAL_TIM_Base_Start_IT
                0x08007fa8       0x36 Drivers\STM32F4xx_HAL_Driver\Src\stm32f4xx_hal_tim.o
                0x08007fa8                HAL_TIM_Base_Start_IT
 .text.HAL_TIM_PWM_Init
                0x08007fde       0x56 Drivers\STM32F4xx_HAL_Driver\Src\stm32f4xx_hal_tim.o
                0x08007fde                HAL_TIM_PWM_Init
 .text.HAL_TIM_PWM_Start
                0x08008034       0x50 Drivers\STM32F4xx_HAL_Driver\Src\stm32f4xx_hal_tim.o
                0x08008034                HAL_TIM_PWM_Start
 .text.HAL_TIM_Encoder_Init
                0x08008084      0x12c Drivers\STM32F4xx_HAL_Driver\Src\stm32f4xx_hal_tim.o
                0x08008084                HAL_TIM_Encoder_Init
 .text.HAL_TIM_Encoder_Start
                0x080081b0       0x6e Drivers\STM32F4xx_HAL_Driver\Src\stm32f4xx_hal_tim.o
                0x080081b0                HAL_TIM_Encoder_Start
 .text.HAL_TIM_IRQHandler
                0x0800821e      0x210 Drivers\STM32F4xx_HAL_Driver\Src\stm32f4xx_hal_tim.o
                0x0800821e                HAL_TIM_IRQHandler
 *fill*         0x0800842e        0x2 
 .text.HAL_TIM_PWM_ConfigChannel
                0x08008430      0x18c Drivers\STM32F4xx_HAL_Driver\Src\stm32f4xx_hal_tim.o
                0x08008430                HAL_TIM_PWM_ConfigChannel
 .text.HAL_TIM_OC_DelayElapsedCallback
                0x080085bc       0x14 Drivers\STM32F4xx_HAL_Driver\Src\stm32f4xx_hal_tim.o
                0x080085bc                HAL_TIM_OC_DelayElapsedCallback
 .text.HAL_TIM_IC_CaptureCallback
                0x080085d0       0x14 Drivers\STM32F4xx_HAL_Driver\Src\stm32f4xx_hal_tim.o
                0x080085d0                HAL_TIM_IC_CaptureCallback
 .text.HAL_TIM_PWM_PulseFinishedCallback
                0x080085e4       0x14 Drivers\STM32F4xx_HAL_Driver\Src\stm32f4xx_hal_tim.o
                0x080085e4                HAL_TIM_PWM_PulseFinishedCallback
 .text.HAL_TIM_TriggerCallback
                0x080085f8       0x14 Drivers\STM32F4xx_HAL_Driver\Src\stm32f4xx_hal_tim.o
                0x080085f8                HAL_TIM_TriggerCallback
 .text.TIM_Base_SetConfig
                0x0800860c      0x108 Drivers\STM32F4xx_HAL_Driver\Src\stm32f4xx_hal_tim.o
                0x0800860c                TIM_Base_SetConfig
 .text.TIM_OC2_SetConfig
                0x08008714       0xdc Drivers\STM32F4xx_HAL_Driver\Src\stm32f4xx_hal_tim.o
                0x08008714                TIM_OC2_SetConfig
 .text.TIM_CCxChannelCmd
                0x080087f0       0x46 Drivers\STM32F4xx_HAL_Driver\Src\stm32f4xx_hal_tim.o
                0x080087f0                TIM_CCxChannelCmd
 *fill*         0x08008836        0x2 
 .text.TIM_OC1_SetConfig
                0x08008838       0xd0 Drivers\STM32F4xx_HAL_Driver\Src\stm32f4xx_hal_tim.o
 .text.TIM_OC3_SetConfig
                0x08008908       0xd8 Drivers\STM32F4xx_HAL_Driver\Src\stm32f4xx_hal_tim.o
 .text.TIM_OC4_SetConfig
                0x080089e0       0xac Drivers\STM32F4xx_HAL_Driver\Src\stm32f4xx_hal_tim.o
 .text.HAL_TIMEx_MasterConfigSynchronization
                0x08008a8c       0x8a Drivers\STM32F4xx_HAL_Driver\Src\stm32f4xx_hal_tim_ex.o
                0x08008a8c                HAL_TIMEx_MasterConfigSynchronization
 .text.HAL_TIMEx_CommutationCallback
                0x08008b16       0x14 Drivers\STM32F4xx_HAL_Driver\Src\stm32f4xx_hal_tim_ex.o
                0x08008b16                HAL_TIMEx_CommutationCallback
 .text.HAL_TIMEx_BreakCallback
                0x08008b2a       0x14 Drivers\STM32F4xx_HAL_Driver\Src\stm32f4xx_hal_tim_ex.o
                0x08008b2a                HAL_TIMEx_BreakCallback
 .text.HAL_UART_Init
                0x08008b3e       0x9a Drivers\STM32F4xx_HAL_Driver\Src\stm32f4xx_hal_uart.o
                0x08008b3e                HAL_UART_Init
 .text.HAL_UART_Transmit
                0x08008bd8      0x130 Drivers\STM32F4xx_HAL_Driver\Src\stm32f4xx_hal_uart.o
                0x08008bd8                HAL_UART_Transmit
 .text.UART_WaitOnFlagUntilTimeout
                0x08008d08       0x94 Drivers\STM32F4xx_HAL_Driver\Src\stm32f4xx_hal_uart.o
 .text.UART_SetConfig
                0x08008d9c      0x438 Drivers\STM32F4xx_HAL_Driver\Src\stm32f4xx_hal_uart.o
 .text.makeFreeRtosPriority
                0x080091d4       0x30 Middlewares\Third_Party\FreeRTOS\Source\CMSIS_RTOS\cmsis_os.o
 .text.osKernelStart
                0x08009204        0xe Middlewares\Third_Party\FreeRTOS\Source\CMSIS_RTOS\cmsis_os.o
                0x08009204                osKernelStart
 .text.osThreadCreate
                0x08009212       0x4e Middlewares\Third_Party\FreeRTOS\Source\CMSIS_RTOS\cmsis_os.o
                0x08009212                osThreadCreate
 .text.osDelay  0x08009260       0x28 Middlewares\Third_Party\FreeRTOS\Source\CMSIS_RTOS\cmsis_os.o
                0x08009260                osDelay
 .text.osMutexCreate
                0x08009288       0x18 Middlewares\Third_Party\FreeRTOS\Source\CMSIS_RTOS\cmsis_os.o
                0x08009288                osMutexCreate
 .text.osSystickHandler
                0x080092a0       0x16 Middlewares\Third_Party\FreeRTOS\Source\CMSIS_RTOS\cmsis_os.o
                0x080092a0                osSystickHandler
 .text.vListInitialise
                0x080092b6       0x40 Middlewares\Third_Party\FreeRTOS\Source\list.o
                0x080092b6                vListInitialise
 .text.vListInitialiseItem
                0x080092f6       0x1a Middlewares\Third_Party\FreeRTOS\Source\list.o
                0x080092f6                vListInitialiseItem
 .text.vListInsertEnd
                0x08009310       0x48 Middlewares\Third_Party\FreeRTOS\Source\list.o
                0x08009310                vListInsertEnd
 .text.vListInsert
                0x08009358       0x72 Middlewares\Third_Party\FreeRTOS\Source\list.o
                0x08009358                vListInsert
 .text.uxListRemove
                0x080093ca       0x54 Middlewares\Third_Party\FreeRTOS\Source\list.o
                0x080093ca                uxListRemove
 *fill*         0x0800941e        0x2 
 .text.pxPortInitialiseStack
                0x08009420       0x68 Middlewares\Third_Party\FreeRTOS\Source\portable\GCC\ARM_CM4F\port.o
                0x08009420                pxPortInitialiseStack
 .text.prvTaskExitError
                0x08009488       0x3c Middlewares\Third_Party\FreeRTOS\Source\portable\GCC\ARM_CM4F\port.o
 *fill*         0x080094c4        0xc 
 .text.SVC_Handler
                0x080094d0       0x28 Middlewares\Third_Party\FreeRTOS\Source\portable\GCC\ARM_CM4F\port.o
                0x080094d0                SVC_Handler
 .text.prvPortStartFirstTask
                0x080094f8       0x20 Middlewares\Third_Party\FreeRTOS\Source\portable\GCC\ARM_CM4F\port.o
 .text.xPortStartScheduler
                0x08009518      0x118 Middlewares\Third_Party\FreeRTOS\Source\portable\GCC\ARM_CM4F\port.o
                0x08009518                xPortStartScheduler
 .text.vPortEnterCritical
                0x08009630       0x5c Middlewares\Third_Party\FreeRTOS\Source\portable\GCC\ARM_CM4F\port.o
                0x08009630                vPortEnterCritical
 .text.vPortExitCritical
                0x0800968c       0x50 Middlewares\Third_Party\FreeRTOS\Source\portable\GCC\ARM_CM4F\port.o
                0x0800968c                vPortExitCritical
 *fill*         0x080096dc        0x4 
 .text.PendSV_Handler
                0x080096e0       0x68 Middlewares\Third_Party\FreeRTOS\Source\portable\GCC\ARM_CM4F\port.o
                0x080096e0                PendSV_Handler
 .text.xPortSysTickHandler
                0x08009748       0x40 Middlewares\Third_Party\FreeRTOS\Source\portable\GCC\ARM_CM4F\port.o
                0x08009748                xPortSysTickHandler
 .text.vPortSetupTimerInterrupt
                0x08009788       0x38 Middlewares\Third_Party\FreeRTOS\Source\portable\GCC\ARM_CM4F\port.o
                0x08009788                vPortSetupTimerInterrupt
 .text.vPortEnableVFP
                0x080097c0       0x14 Middlewares\Third_Party\FreeRTOS\Source\portable\GCC\ARM_CM4F\port.o
 .text.vPortValidateInterruptPriority
                0x080097d4       0x7c Middlewares\Third_Party\FreeRTOS\Source\portable\GCC\ARM_CM4F\port.o
                0x080097d4                vPortValidateInterruptPriority
 .text.pvPortMalloc
                0x08009850      0x184 Middlewares\Third_Party\FreeRTOS\Source\portable\MemMang\heap_4.o
                0x08009850                pvPortMalloc
 .text.vPortFree
                0x080099d4       0xb0 Middlewares\Third_Party\FreeRTOS\Source\portable\MemMang\heap_4.o
                0x080099d4                vPortFree
 .text.prvHeapInit
                0x08009a84       0xc4 Middlewares\Third_Party\FreeRTOS\Source\portable\MemMang\heap_4.o
 .text.prvInsertBlockIntoFreeList
                0x08009b48       0xb4 Middlewares\Third_Party\FreeRTOS\Source\portable\MemMang\heap_4.o
 .text.xQueueGenericReset
                0x08009bfc       0xd0 Middlewares\Third_Party\FreeRTOS\Source\queue.o
                0x08009bfc                xQueueGenericReset
 .text.xQueueGenericCreate
                0x08009ccc       0x72 Middlewares\Third_Party\FreeRTOS\Source\queue.o
                0x08009ccc                xQueueGenericCreate
 .text.prvInitialiseNewQueue
                0x08009d3e       0x3e Middlewares\Third_Party\FreeRTOS\Source\queue.o
 .text.prvInitialiseMutex
                0x08009d7c       0x34 Middlewares\Third_Party\FreeRTOS\Source\queue.o
 .text.xQueueCreateMutex
                0x08009db0       0x30 Middlewares\Third_Party\FreeRTOS\Source\queue.o
                0x08009db0                xQueueCreateMutex
 .text.xQueueGenericSend
                0x08009de0      0x1f4 Middlewares\Third_Party\FreeRTOS\Source\queue.o
                0x08009de0                xQueueGenericSend
 .text.xQueueGenericReceive
                0x08009fd4      0x224 Middlewares\Third_Party\FreeRTOS\Source\queue.o
                0x08009fd4                xQueueGenericReceive
 .text.prvCopyDataToQueue
                0x0800a1f8       0xd4 Middlewares\Third_Party\FreeRTOS\Source\queue.o
 .text.prvCopyDataFromQueue
                0x0800a2cc       0x4c Middlewares\Third_Party\FreeRTOS\Source\queue.o
 .text.prvUnlockQueue
                0x0800a318       0xa4 Middlewares\Third_Party\FreeRTOS\Source\queue.o
 .text.prvIsQueueEmpty
                0x0800a3bc       0x2c Middlewares\Third_Party\FreeRTOS\Source\queue.o
 .text.prvIsQueueFull
                0x0800a3e8       0x30 Middlewares\Third_Party\FreeRTOS\Source\queue.o
 .text.xTaskCreate
                0x0800a418       0x82 Middlewares\Third_Party\FreeRTOS\Source\tasks.o
                0x0800a418                xTaskCreate
 .text.prvInitialiseNewTask
                0x0800a49a       0xfc Middlewares\Third_Party\FreeRTOS\Source\tasks.o
 *fill*         0x0800a596        0x2 
 .text.prvAddNewTaskToReadyList
                0x0800a598       0xd4 Middlewares\Third_Party\FreeRTOS\Source\tasks.o
 .text.vTaskDelay
                0x0800a66c       0x68 Middlewares\Third_Party\FreeRTOS\Source\tasks.o
                0x0800a66c                vTaskDelay
 .text.vTaskSuspend
                0x0800a6d4      0x110 Middlewares\Third_Party\FreeRTOS\Source\tasks.o
                0x0800a6d4                vTaskSuspend
 .text.prvTaskIsTaskSuspended
                0x0800a7e4       0x74 Middlewares\Third_Party\FreeRTOS\Source\tasks.o
 .text.xTaskResumeFromISR
                0x0800a858       0xe0 Middlewares\Third_Party\FreeRTOS\Source\tasks.o
                0x0800a858                xTaskResumeFromISR
 .text.vTaskStartScheduler
                0x0800a938       0x8c Middlewares\Third_Party\FreeRTOS\Source\tasks.o
                0x0800a938                vTaskStartScheduler
 .text.vTaskSuspendAll
                0x0800a9c4       0x1c Middlewares\Third_Party\FreeRTOS\Source\tasks.o
                0x0800a9c4                vTaskSuspendAll
 .text.xTaskResumeAll
                0x0800a9e0      0x138 Middlewares\Third_Party\FreeRTOS\Source\tasks.o
                0x0800a9e0                xTaskResumeAll
 .text.xTaskIncrementTick
                0x0800ab18      0x178 Middlewares\Third_Party\FreeRTOS\Source\tasks.o
                0x0800ab18                xTaskIncrementTick
 .text.vTaskSwitchContext
                0x0800ac90       0xb4 Middlewares\Third_Party\FreeRTOS\Source\tasks.o
                0x0800ac90                vTaskSwitchContext
 .text.vTaskPlaceOnEventList
                0x0800ad44       0x48 Middlewares\Third_Party\FreeRTOS\Source\tasks.o
                0x0800ad44                vTaskPlaceOnEventList
 .text.xTaskRemoveFromEventList
                0x0800ad8c       0xc4 Middlewares\Third_Party\FreeRTOS\Source\tasks.o
                0x0800ad8c                xTaskRemoveFromEventList
 .text.vTaskSetTimeOutState
                0x0800ae50       0x48 Middlewares\Third_Party\FreeRTOS\Source\tasks.o
                0x0800ae50                vTaskSetTimeOutState
 .text.xTaskCheckForTimeOut
                0x0800ae98       0xbc Middlewares\Third_Party\FreeRTOS\Source\tasks.o
                0x0800ae98                xTaskCheckForTimeOut
 .text.vTaskMissedYield
                0x0800af54       0x18 Middlewares\Third_Party\FreeRTOS\Source\tasks.o
                0x0800af54                vTaskMissedYield
 .text.prvIdleTask
                0x0800af6c       0x30 Middlewares\Third_Party\FreeRTOS\Source\tasks.o
 .text.prvInitialiseTaskLists
                0x0800af9c       0x80 Middlewares\Third_Party\FreeRTOS\Source\tasks.o
 .text.prvCheckTasksWaitingTermination
                0x0800b01c       0x78 Middlewares\Third_Party\FreeRTOS\Source\tasks.o
 .text.prvDeleteTCB
                0x0800b094       0x20 Middlewares\Third_Party\FreeRTOS\Source\tasks.o
 .text.prvResetNextTaskUnblockTime
                0x0800b0b4       0x4c Middlewares\Third_Party\FreeRTOS\Source\tasks.o
 .text.xTaskGetSchedulerState
                0x0800b100       0x3c Middlewares\Third_Party\FreeRTOS\Source\tasks.o
                0x0800b100                xTaskGetSchedulerState
 .text.vTaskPriorityInherit
                0x0800b13c       0xec Middlewares\Third_Party\FreeRTOS\Source\tasks.o
                0x0800b13c                vTaskPriorityInherit
 .text.xTaskPriorityDisinherit
                0x0800b228      0x108 Middlewares\Third_Party\FreeRTOS\Source\tasks.o
                0x0800b228                xTaskPriorityDisinherit
 .text.pvTaskIncrementMutexHeldCount
                0x0800b330       0x28 Middlewares\Third_Party\FreeRTOS\Source\tasks.o
                0x0800b330                pvTaskIncrementMutexHeldCount
 .text.prvAddCurrentTaskToDelayedList
                0x0800b358       0xcc Middlewares\Third_Party\FreeRTOS\Source\tasks.o
 .text.main     0x0800b424      0x2dc Src\main.o
                0x0800b424                main
 .text.SystemClock_Config
                0x0800b700       0xf4 Src\main.o
                0x0800b700                SystemClock_Config
 .text.MX_I2C1_Init
                0x0800b7f4       0x68 Src\main.o
 .text.MX_TIM1_Init
                0x0800b85c       0xa0 Src\main.o
 .text.MX_TIM2_Init
                0x0800b8fc       0x9c Src\main.o
 .text.MX_TIM3_Init
                0x0800b998       0xc8 Src\main.o
 .text.MX_USART2_UART_Init
                0x0800ba60       0x5c Src\main.o
 .text.MX_GPIO_Init
                0x0800babc      0x1d0 Src\main.o
 .text.SetupVL53L1XDevices
                0x0800bc8c       0xec Src\main.o
 .text.StartDefaultTask
                0x0800bd78       0x10 Src\main.o
                0x0800bd78                StartDefaultTask
 .text.tskLASFRONTLEFT_fnc
                0x0800bd88       0x94 Src\main.o
                0x0800bd88                tskLASFRONTLEFT_fnc
 .text.tskLASREARLEFT_fnc
                0x0800be1c       0x94 Src\main.o
                0x0800be1c                tskLASREARLEFT_fnc
 .text.tskLASFRONTRIGHT_fnc
                0x0800beb0       0x94 Src\main.o
                0x0800beb0                tskLASFRONTRIGHT_fnc
 .text.tskEDGLFTFRNT
                0x0800bf44       0x48 Src\main.o
                0x0800bf44                tskEDGLFTFRNT
 .text.tskEDGLFTRER
                0x0800bf8c       0x48 Src\main.o
                0x0800bf8c                tskEDGLFTRER
 .text.tskEDGRGTFRNT
                0x0800bfd4       0x4c Src\main.o
                0x0800bfd4                tskEDGRGTFRNT
 .text.tskEDGRGTRER
                0x0800c020       0x48 Src\main.o
                0x0800c020                tskEDGRGTRER
 .text.rightPWMFunc
                0x0800c068       0x10 Src\main.o
                0x0800c068                rightPWMFunc
 .text.leftPWMFunc
                0x0800c078       0x10 Src\main.o
                0x0800c078                leftPWMFunc
 .text.HAL_TIM_PeriodElapsedCallback
                0x0800c088       0x24 Src\main.o
                0x0800c088                HAL_TIM_PeriodElapsedCallback
 .text._Error_Handler
                0x0800c0ac        0xc Src\main.o
                0x0800c0ac                _Error_Handler
 .text.HAL_MspInit
                0x0800c0b8       0xa4 Src\stm32f4xx_hal_msp.o
                0x0800c0b8                HAL_MspInit
 .text.HAL_I2C_MspInit
                0x0800c15c       0x64 Src\stm32f4xx_hal_msp.o
                0x0800c15c                HAL_I2C_MspInit
 .text.HAL_TIM_Encoder_MspInit
                0x0800c1c0       0xac Src\stm32f4xx_hal_msp.o
                0x0800c1c0                HAL_TIM_Encoder_MspInit
 .text.HAL_TIM_PWM_MspInit
                0x0800c26c       0x44 Src\stm32f4xx_hal_msp.o
                0x0800c26c                HAL_TIM_PWM_MspInit
 .text.HAL_TIM_MspPostInit
                0x0800c2b0       0x64 Src\stm32f4xx_hal_msp.o
                0x0800c2b0                HAL_TIM_MspPostInit
 .text.HAL_UART_MspInit
                0x0800c314       0x64 Src\stm32f4xx_hal_msp.o
                0x0800c314                HAL_UART_MspInit
 .text.HAL_InitTick
                0x0800c378       0xb4 Src\stm32f4xx_hal_timebase_TIM.o
                0x0800c378                HAL_InitTick
 .text.SysTick_Handler
                0x0800c42c        0xc Src\stm32f4xx_it.o
                0x0800c42c                SysTick_Handler
 .text.EXTI0_IRQHandler
                0x0800c438       0x40 Src\stm32f4xx_it.o
                0x0800c438                EXTI0_IRQHandler
 .text.EXTI2_IRQHandler
                0x0800c478       0x40 Src\stm32f4xx_it.o
                0x0800c478                EXTI2_IRQHandler
 .text.EXTI3_IRQHandler
                0x0800c4b8       0x40 Src\stm32f4xx_it.o
                0x0800c4b8                EXTI3_IRQHandler
 .text.EXTI4_IRQHandler
                0x0800c4f8       0x40 Src\stm32f4xx_it.o
                0x0800c4f8                EXTI4_IRQHandler
 .text.TIM4_IRQHandler
                0x0800c538       0x14 Src\stm32f4xx_it.o
                0x0800c538                TIM4_IRQHandler
 .text.SystemInit
                0x0800c54c       0x6c Src\system_stm32f4xx.o
                0x0800c54c                SystemInit
 .text.Reset_Handler
                0x0800c5b8       0x50 startup\startup_stm32f401xe.o
                0x0800c5b8                Reset_Handler
 .text.Default_Handler
                0x0800c608        0x2 startup\startup_stm32f401xe.o
                0x0800c608                RTC_Alarm_IRQHandler
                0x0800c608                DebugMon_Handler
                0x0800c608                SPI4_IRQHandler
                0x0800c608                TIM1_CC_IRQHandler
                0x0800c608                DMA2_Stream5_IRQHandler
                0x0800c608                HardFault_Handler
                0x0800c608                DMA1_Stream5_IRQHandler
                0x0800c608                PVD_IRQHandler
                0x0800c608                SDIO_IRQHandler
                0x0800c608                TAMP_STAMP_IRQHandler
                0x0800c608                NMI_Handler
                0x0800c608                TIM1_UP_TIM10_IRQHandler
                0x0800c608                I2C3_ER_IRQHandler
                0x0800c608                I2C2_EV_IRQHandler
                0x0800c608                DMA1_Stream2_IRQHandler
                0x0800c608                FPU_IRQHandler
                0x0800c608                UsageFault_Handler
                0x0800c608                DMA2_Stream2_IRQHandler
                0x0800c608                SPI1_IRQHandler
                0x0800c608                TIM1_BRK_TIM9_IRQHandler
                0x0800c608                DMA2_Stream3_IRQHandler
                0x0800c608                USART6_IRQHandler
                0x0800c608                DMA2_Stream0_IRQHandler
                0x0800c608                I2C1_EV_IRQHandler
                0x0800c608                DMA1_Stream6_IRQHandler
                0x0800c608                DMA1_Stream1_IRQHandler
                0x0800c608                TIM3_IRQHandler
                0x0800c608                RCC_IRQHandler
                0x0800c608                Default_Handler
                0x0800c608                EXTI15_10_IRQHandler
                0x0800c608                ADC_IRQHandler
                0x0800c608                DMA1_Stream7_IRQHandler
                0x0800c608                TIM5_IRQHandler
                0x0800c608                DMA2_Stream7_IRQHandler
                0x0800c608                I2C3_EV_IRQHandler
                0x0800c608                EXTI9_5_IRQHandler
                0x0800c608                RTC_WKUP_IRQHandler
                0x0800c608                SPI2_IRQHandler
                0x0800c608                MemManage_Handler
                0x0800c608                DMA1_Stream0_IRQHandler
                0x0800c608                WWDG_IRQHandler
                0x0800c608                TIM2_IRQHandler
                0x0800c608                OTG_FS_WKUP_IRQHandler
                0x0800c608                TIM1_TRG_COM_TIM11_IRQHandler
                0x0800c608                EXTI1_IRQHandler
                0x0800c608                USART2_IRQHandler
                0x0800c608                I2C2_ER_IRQHandler
                0x0800c608                DMA2_Stream1_IRQHandler
                0x0800c608                FLASH_IRQHandler
                0x0800c608                DMA2_Stream4_IRQHandler
                0x0800c608                BusFault_Handler
                0x0800c608                USART1_IRQHandler
                0x0800c608                OTG_FS_IRQHandler
                0x0800c608                SPI3_IRQHandler
                0x0800c608                DMA1_Stream4_IRQHandler
                0x0800c608                I2C1_ER_IRQHandler
                0x0800c608                DMA2_Stream6_IRQHandler
                0x0800c608                DMA1_Stream3_IRQHandler
 *fill*         0x0800c60a        0x2 
 .text.__libc_init_array
                0x0800c60c       0x48 c:/program files (x86)/atollic/truestudio for stm32 9.0.1/armtools/bin/../lib/gcc/arm-atollic-eabi/6.3.1/../../../../arm-atollic-eabi/lib/armv7e-m/fpu\libc_nano.a(lib_a-init.o)
                0x0800c60c                __libc_init_array
 .text.memcpy   0x0800c654       0x16 c:/program files (x86)/atollic/truestudio for stm32 9.0.1/armtools/bin/../lib/gcc/arm-atollic-eabi/6.3.1/../../../../arm-atollic-eabi/lib/armv7e-m/fpu\libc_nano.a(lib_a-memcpy-stub.o)
                0x0800c654                memcpy
 .text.memset   0x0800c66a       0x10 c:/program files (x86)/atollic/truestudio for stm32 9.0.1/armtools/bin/../lib/gcc/arm-atollic-eabi/6.3.1/../../../../arm-atollic-eabi/lib/armv7e-m/fpu\libc_nano.a(lib_a-memset.o)
                0x0800c66a                memset
 *fill*         0x0800c67a        0x2 
 .text.sprintf  0x0800c67c       0x48 c:/program files (x86)/atollic/truestudio for stm32 9.0.1/armtools/bin/../lib/gcc/arm-atollic-eabi/6.3.1/../../../../arm-atollic-eabi/lib/armv7e-m/fpu\libc_nano.a(lib_a-sprintf.o)
                0x0800c67c                siprintf
                0x0800c67c                sprintf
 .text.strncpy  0x0800c6c4       0x2a c:/program files (x86)/atollic/truestudio for stm32 9.0.1/armtools/bin/../lib/gcc/arm-atollic-eabi/6.3.1/../../../../arm-atollic-eabi/lib/armv7e-m/fpu\libc_nano.a(lib_a-strncpy.o)
                0x0800c6c4                strncpy
 .text.__ssputs_r
                0x0800c6ee       0xb6 c:/program files (x86)/atollic/truestudio for stm32 9.0.1/armtools/bin/../lib/gcc/arm-atollic-eabi/6.3.1/../../../../arm-atollic-eabi/lib/armv7e-m/fpu\libc_nano.a(lib_a-nano-svfprintf.o)
                0x0800c6ee                __ssputs_r
 .text._svfprintf_r
                0x0800c7a4      0x1e8 c:/program files (x86)/atollic/truestudio for stm32 9.0.1/armtools/bin/../lib/gcc/arm-atollic-eabi/6.3.1/../../../../arm-atollic-eabi/lib/armv7e-m/fpu\libc_nano.a(lib_a-nano-svfprintf.o)
                0x0800c7a4                _svfiprintf_r
                0x0800c7a4                _svfprintf_r
 .text._printf_common
                0x0800c98c       0xec c:/program files (x86)/atollic/truestudio for stm32 9.0.1/armtools/bin/../lib/gcc/arm-atollic-eabi/6.3.1/../../../../arm-atollic-eabi/lib/armv7e-m/fpu\libc_nano.a(lib_a-nano-vfprintf_i.o)
                0x0800c98c                _printf_common
 .text._printf_i
                0x0800ca78      0x240 c:/program files (x86)/atollic/truestudio for stm32 9.0.1/armtools/bin/../lib/gcc/arm-atollic-eabi/6.3.1/../../../../arm-atollic-eabi/lib/armv7e-m/fpu\libc_nano.a(lib_a-nano-vfprintf_i.o)
                0x0800ca78                _printf_i
 .text.memmove  0x0800ccb8       0x34 c:/program files (x86)/atollic/truestudio for stm32 9.0.1/armtools/bin/../lib/gcc/arm-atollic-eabi/6.3.1/../../../../arm-atollic-eabi/lib/armv7e-m/fpu\libc_nano.a(lib_a-memmove.o)
                0x0800ccb8                memmove
 .text._free_r  0x0800ccec       0x9c c:/program files (x86)/atollic/truestudio for stm32 9.0.1/armtools/bin/../lib/gcc/arm-atollic-eabi/6.3.1/../../../../arm-atollic-eabi/lib/armv7e-m/fpu\libc_nano.a(lib_a-nano-freer.o)
                0x0800ccec                _free_r
 .text._malloc_r
                0x0800cd88       0xbc c:/program files (x86)/atollic/truestudio for stm32 9.0.1/armtools/bin/../lib/gcc/arm-atollic-eabi/6.3.1/../../../../arm-atollic-eabi/lib/armv7e-m/fpu\libc_nano.a(lib_a-nano-mallocr.o)
                0x0800cd88                _malloc_r
 .text._realloc_r
                0x0800ce44       0x4c c:/program files (x86)/atollic/truestudio for stm32 9.0.1/armtools/bin/../lib/gcc/arm-atollic-eabi/6.3.1/../../../../arm-atollic-eabi/lib/armv7e-m/fpu\libc_nano.a(lib_a-nano-reallocr.o)
                0x0800ce44                _realloc_r
 .text._sbrk_r  0x0800ce90       0x20 c:/program files (x86)/atollic/truestudio for stm32 9.0.1/armtools/bin/../lib/gcc/arm-atollic-eabi/6.3.1/../../../../arm-atollic-eabi/lib/armv7e-m/fpu\libc_nano.a(lib_a-sbrkr.o)
                0x0800ce90                _sbrk_r
 .text.__malloc_lock
                0x0800ceb0        0x2 c:/program files (x86)/atollic/truestudio for stm32 9.0.1/armtools/bin/../lib/gcc/arm-atollic-eabi/6.3.1/../../../../arm-atollic-eabi/lib/armv7e-m/fpu\libc_nano.a(lib_a-mlock.o)
                0x0800ceb0                __malloc_lock
 .text.__malloc_unlock
                0x0800ceb2        0x2 c:/program files (x86)/atollic/truestudio for stm32 9.0.1/armtools/bin/../lib/gcc/arm-atollic-eabi/6.3.1/../../../../arm-atollic-eabi/lib/armv7e-m/fpu\libc_nano.a(lib_a-mlock.o)
                0x0800ceb2                __malloc_unlock
 .text._malloc_usable_size_r
                0x0800ceb4       0x12 c:/program files (x86)/atollic/truestudio for stm32 9.0.1/armtools/bin/../lib/gcc/arm-atollic-eabi/6.3.1/../../../../arm-atollic-eabi/lib/armv7e-m/fpu\libc_nano.a(lib_a-nano-msizer.o)
                0x0800ceb4                _malloc_usable_size_r
 *fill*         0x0800cec6        0x2 
 .text._sbrk    0x0800cec8       0x1c c:/program files (x86)/atollic/truestudio for stm32 9.0.1/armtools/bin/../lib/gcc/arm-atollic-eabi/6.3.1/../../../../arm-atollic-eabi/lib/armv7e-m/fpu\libnosys.a(sbrk.o)
                0x0800cec8                _sbrk
 *(.glue_7)
 .glue_7        0x0800cee4        0x0 linker stubs
 *(.glue_7t)
 .glue_7t       0x0800cee4        0x0 linker stubs
 *(.eh_frame)
 .eh_frame      0x0800cee4        0x0 c:/program files (x86)/atollic/truestudio for stm32 9.0.1/armtools/bin/../lib/gcc/arm-atollic-eabi/6.3.1/armv7e-m/fpu/crtbegin.o
 *(.init)
 .init          0x0800cee4        0x4 c:/program files (x86)/atollic/truestudio for stm32 9.0.1/armtools/bin/../lib/gcc/arm-atollic-eabi/6.3.1/armv7e-m/fpu/crti.o
                0x0800cee4                _init
 .init          0x0800cee8        0x8 c:/program files (x86)/atollic/truestudio for stm32 9.0.1/armtools/bin/../lib/gcc/arm-atollic-eabi/6.3.1/armv7e-m/fpu/crtn.o
 *(.fini)
 .fini          0x0800cef0        0x4 c:/program files (x86)/atollic/truestudio for stm32 9.0.1/armtools/bin/../lib/gcc/arm-atollic-eabi/6.3.1/armv7e-m/fpu/crti.o
                0x0800cef0                _fini
 .fini          0x0800cef4        0x8 c:/program files (x86)/atollic/truestudio for stm32 9.0.1/armtools/bin/../lib/gcc/arm-atollic-eabi/6.3.1/armv7e-m/fpu/crtn.o
                0x0800cefc                . = ALIGN (0x4)
                0x0800cefc                _etext = .

.vfp11_veneer   0x0800cefc        0x0
 .vfp11_veneer  0x0800cefc        0x0 linker stubs

.v4_bx          0x0800cefc        0x0
 .v4_bx         0x0800cefc        0x0 linker stubs

.iplt           0x0800cefc        0x0
 .iplt          0x0800cefc        0x0 c:/program files (x86)/atollic/truestudio for stm32 9.0.1/armtools/bin/../lib/gcc/arm-atollic-eabi/6.3.1/armv7e-m/fpu/crtbegin.o

.rodata         0x0800cefc      0x2b4
                0x0800cefc                . = ALIGN (0x4)
 *(.rodata)
 .rodata        0x0800cefc       0x3a Drivers\BSP\VL53L1X API\api\core\vl53l1_api.o
 *fill*         0x0800cf36        0x2 
 .rodata        0x0800cf38        0x1 Drivers\BSP\VL53L1X API\api\platform\vl53l1_platform.o
 *fill*         0x0800cf39        0x3 
 .rodata        0x0800cf3c        0x5 Middlewares\Third_Party\FreeRTOS\Source\tasks.o
 *fill*         0x0800cf41        0x3 
 .rodata        0x0800cf44      0x21e Src\main.o
 *(.rodata*)
 *fill*         0x0800d162        0x2 
 .rodata.AHBPrescTable
                0x0800d164       0x10 Src\system_stm32f4xx.o
                0x0800d164                AHBPrescTable
 .rodata.APBPrescTable
                0x0800d174        0x8 Src\system_stm32f4xx.o
                0x0800d174                APBPrescTable
 .rodata._svfprintf_r.str1.1
                0x0800d17c       0x11 c:/program files (x86)/atollic/truestudio for stm32 9.0.1/armtools/bin/../lib/gcc/arm-atollic-eabi/6.3.1/../../../../arm-atollic-eabi/lib/armv7e-m/fpu\libc_nano.a(lib_a-nano-svfprintf.o)
 .rodata._printf_i.str1.1
                0x0800d18d       0x22 c:/program files (x86)/atollic/truestudio for stm32 9.0.1/armtools/bin/../lib/gcc/arm-atollic-eabi/6.3.1/../../../../arm-atollic-eabi/lib/armv7e-m/fpu\libc_nano.a(lib_a-nano-vfprintf_i.o)
                0x0800d1b0                . = ALIGN (0x4)
 *fill*         0x0800d1af        0x1 

.ARM.extab
 *(.ARM.extab* .gnu.linkonce.armextab.*)

.ARM            0x0800d1b0        0x8
                0x0800d1b0                __exidx_start = .
 *(.ARM.exidx*)
 .ARM.exidx     0x0800d1b0        0x8 c:/program files (x86)/atollic/truestudio for stm32 9.0.1/armtools/bin/../lib/gcc/arm-atollic-eabi/6.3.1/armv7e-m/fpu\libgcc.a(_udivmoddi4.o)
                0x0800d1b8                __exidx_end = .

.rel.dyn        0x0800d1b8        0x0
 .rel.iplt      0x0800d1b8        0x0 c:/program files (x86)/atollic/truestudio for stm32 9.0.1/armtools/bin/../lib/gcc/arm-atollic-eabi/6.3.1/armv7e-m/fpu/crtbegin.o

.preinit_array  0x0800d1b8        0x0
                0x0800d1b8                PROVIDE (__preinit_array_start, .)
 *(.preinit_array*)
                0x0800d1b8                PROVIDE (__preinit_array_end, .)

.init_array     0x0800d1b8        0x4
                0x0800d1b8                PROVIDE (__init_array_start, .)
 *(SORT(.init_array.*))
 *(.init_array*)
 .init_array    0x0800d1b8        0x4 c:/program files (x86)/atollic/truestudio for stm32 9.0.1/armtools/bin/../lib/gcc/arm-atollic-eabi/6.3.1/armv7e-m/fpu/crtbegin.o
                0x0800d1bc                PROVIDE (__init_array_end, .)

.fini_array     0x0800d1bc        0x4
                [!provide]                PROVIDE (__fini_array_start, .)
 *(SORT(.fini_array.*))
 *(.fini_array*)
 .fini_array    0x0800d1bc        0x4 c:/program files (x86)/atollic/truestudio for stm32 9.0.1/armtools/bin/../lib/gcc/arm-atollic-eabi/6.3.1/armv7e-m/fpu/crtbegin.o
                [!provide]                PROVIDE (__fini_array_end, .)
                0x0800d1c0                _sidata = LOADADDR (.data)

.data           0x20000000       0xa0 load address 0x0800d1c0
                0x20000000                . = ALIGN (0x4)
                0x20000000                _sdata = .
 *(.data)
 *(.data*)
 .data.BDTable  0x20000000       0x20 Drivers\BSP\VL53L1X API\api\core\vl53l1_api.o
 .data.uwTickFreq
                0x20000020        0x1 Drivers\STM32F4xx_HAL_Driver\Src\stm32f4xx_hal.o
                0x20000020                uwTickFreq
 *fill*         0x20000021        0x3 
 .data.uxCriticalNesting
                0x20000024        0x4 Middlewares\Third_Party\FreeRTOS\Source\portable\GCC\ARM_CM4F\port.o
 .data.LASER_FRONT_LEFT_DEV
                0x20000028        0x4 Src\main.o
                0x20000028                LASER_FRONT_LEFT_DEV
 .data.LASER_FRONT_RIGHT_DEV
                0x2000002c        0x4 Src\main.o
                0x2000002c                LASER_FRONT_RIGHT_DEV
 .data.LASER_REAR_LEFT_DEV
                0x20000030        0x4 Src\main.o
                0x20000030                LASER_REAR_LEFT_DEV
 .data.LeftMotorPIDHandle
                0x20000034        0x4 Src\main.o
                0x20000034                LeftMotorPIDHandle
 .data.SystemCoreClock
                0x20000038        0x4 Src\system_stm32f4xx.o
                0x20000038                SystemCoreClock
 .data._impure_ptr
                0x2000003c        0x4 c:/program files (x86)/atollic/truestudio for stm32 9.0.1/armtools/bin/../lib/gcc/arm-atollic-eabi/6.3.1/../../../../arm-atollic-eabi/lib/armv7e-m/fpu\libc_nano.a(lib_a-impure.o)
                0x2000003c                _impure_ptr
 .data.impure_data
                0x20000040       0x60 c:/program files (x86)/atollic/truestudio for stm32 9.0.1/armtools/bin/../lib/gcc/arm-atollic-eabi/6.3.1/../../../../arm-atollic-eabi/lib/armv7e-m/fpu\libc_nano.a(lib_a-impure.o)
                0x200000a0                . = ALIGN (0x4)
                0x200000a0                _edata = .

.igot.plt       0x200000a0        0x0 load address 0x0800d260
 .igot.plt      0x200000a0        0x0 c:/program files (x86)/atollic/truestudio for stm32 9.0.1/armtools/bin/../lib/gcc/arm-atollic-eabi/6.3.1/armv7e-m/fpu/crtbegin.o
                0x200000a0                . = ALIGN (0x4)

.bss            0x200000a0     0x6980 load address 0x0800d260
                0x200000a0                _sbss = .
                0x200000a0                __bss_start__ = _sbss
 *(.bss)
 .bss           0x200000a0       0x1c c:/program files (x86)/atollic/truestudio for stm32 9.0.1/armtools/bin/../lib/gcc/arm-atollic-eabi/6.3.1/armv7e-m/fpu/crtbegin.o
 *(.bss*)
 .bss.ucMaxSysCallPriority
                0x200000bc        0x1 Middlewares\Third_Party\FreeRTOS\Source\portable\GCC\ARM_CM4F\port.o
 *fill*         0x200000bd        0x3 
 .bss.ulMaxPRIGROUPValue
                0x200000c0        0x4 Middlewares\Third_Party\FreeRTOS\Source\portable\GCC\ARM_CM4F\port.o
 .bss.ucHeap    0x200000c4     0x3c00 Middlewares\Third_Party\FreeRTOS\Source\portable\MemMang\heap_4.o
 .bss.xStart    0x20003cc4        0x8 Middlewares\Third_Party\FreeRTOS\Source\portable\MemMang\heap_4.o
 .bss.pxEnd     0x20003ccc        0x4 Middlewares\Third_Party\FreeRTOS\Source\portable\MemMang\heap_4.o
 .bss.xFreeBytesRemaining
                0x20003cd0        0x4 Middlewares\Third_Party\FreeRTOS\Source\portable\MemMang\heap_4.o
 .bss.xMinimumEverFreeBytesRemaining
                0x20003cd4        0x4 Middlewares\Third_Party\FreeRTOS\Source\portable\MemMang\heap_4.o
 .bss.xBlockAllocatedBit
                0x20003cd8        0x4 Middlewares\Third_Party\FreeRTOS\Source\portable\MemMang\heap_4.o
 .bss.pxCurrentTCB
                0x20003cdc        0x4 Middlewares\Third_Party\FreeRTOS\Source\tasks.o
                0x20003cdc                pxCurrentTCB
 .bss.pxReadyTasksLists
                0x20003ce0       0x8c Middlewares\Third_Party\FreeRTOS\Source\tasks.o
 .bss.xDelayedTaskList1
                0x20003d6c       0x14 Middlewares\Third_Party\FreeRTOS\Source\tasks.o
 .bss.xDelayedTaskList2
                0x20003d80       0x14 Middlewares\Third_Party\FreeRTOS\Source\tasks.o
 .bss.pxDelayedTaskList
                0x20003d94        0x4 Middlewares\Third_Party\FreeRTOS\Source\tasks.o
 .bss.pxOverflowDelayedTaskList
                0x20003d98        0x4 Middlewares\Third_Party\FreeRTOS\Source\tasks.o
 .bss.xPendingReadyList
                0x20003d9c       0x14 Middlewares\Third_Party\FreeRTOS\Source\tasks.o
 .bss.xTasksWaitingTermination
                0x20003db0       0x14 Middlewares\Third_Party\FreeRTOS\Source\tasks.o
 .bss.uxDeletedTasksWaitingCleanUp
                0x20003dc4        0x4 Middlewares\Third_Party\FreeRTOS\Source\tasks.o
 .bss.xSuspendedTaskList
                0x20003dc8       0x14 Middlewares\Third_Party\FreeRTOS\Source\tasks.o
 .bss.uxCurrentNumberOfTasks
                0x20003ddc        0x4 Middlewares\Third_Party\FreeRTOS\Source\tasks.o
 .bss.xTickCount
                0x20003de0        0x4 Middlewares\Third_Party\FreeRTOS\Source\tasks.o
 .bss.uxTopReadyPriority
                0x20003de4        0x4 Middlewares\Third_Party\FreeRTOS\Source\tasks.o
 .bss.xSchedulerRunning
                0x20003de8        0x4 Middlewares\Third_Party\FreeRTOS\Source\tasks.o
 .bss.uxPendedTicks
                0x20003dec        0x4 Middlewares\Third_Party\FreeRTOS\Source\tasks.o
 .bss.xYieldPending
                0x20003df0        0x4 Middlewares\Third_Party\FreeRTOS\Source\tasks.o
 .bss.xNumOfOverflows
                0x20003df4        0x4 Middlewares\Third_Party\FreeRTOS\Source\tasks.o
 .bss.uxTaskNumber
                0x20003df8        0x4 Middlewares\Third_Party\FreeRTOS\Source\tasks.o
 .bss.xNextTaskUnblockTime
                0x20003dfc        0x4 Middlewares\Third_Party\FreeRTOS\Source\tasks.o
 .bss.xIdleTaskHandle
                0x20003e00        0x4 Middlewares\Third_Party\FreeRTOS\Source\tasks.o
 .bss.uxSchedulerSuspended
                0x20003e04        0x4 Middlewares\Third_Party\FreeRTOS\Source\tasks.o
 .bss.status    0x20003e08        0x4 Src\main.o
 .bss.buffer.11600
                0x20003e0c      0x100 Src\main.o
 .bss.buffer.11605
                0x20003f0c      0x100 Src\main.o
 .bss.buffer.11610
                0x2000400c      0x100 Src\main.o
 .bss.buffer.11615
                0x2000410c      0x100 Src\main.o
 .bss.buffer.11620
                0x2000420c      0x100 Src\main.o
 .bss.buffer.11625
                0x2000430c      0x100 Src\main.o
 .bss.buffer.11630
                0x2000440c      0x100 Src\main.o
 .bss.__malloc_free_list
                0x2000450c        0x4 c:/program files (x86)/atollic/truestudio for stm32 9.0.1/armtools/bin/../lib/gcc/arm-atollic-eabi/6.3.1/../../../../arm-atollic-eabi/lib/armv7e-m/fpu\libc_nano.a(lib_a-nano-mallocr.o)
                0x2000450c                __malloc_free_list
 .bss.__malloc_sbrk_start
                0x20004510        0x4 c:/program files (x86)/atollic/truestudio for stm32 9.0.1/armtools/bin/../lib/gcc/arm-atollic-eabi/6.3.1/../../../../arm-atollic-eabi/lib/armv7e-m/fpu\libc_nano.a(lib_a-nano-mallocr.o)
                0x20004510                __malloc_sbrk_start
 .bss.heap_end.5239
                0x20004514        0x4 c:/program files (x86)/atollic/truestudio for stm32 9.0.1/armtools/bin/../lib/gcc/arm-atollic-eabi/6.3.1/../../../../arm-atollic-eabi/lib/armv7e-m/fpu\libnosys.a(sbrk.o)
 *(COMMON)
 COMMON         0x20004518      0x100 Drivers\BSP\VL53L1X API\api\platform\vl53l1_platform.o
                0x20004518                _I2CBuffer
 COMMON         0x20004618        0x4 Drivers\STM32F4xx_HAL_Driver\Src\stm32f4xx_hal.o
                0x20004618                uwTick
 COMMON         0x2000461c     0x23c4 Src\main.o
                0x2000461c                LASER_REAR_LEFT_dev_t
                0x200049c0                RightMotorPWMConfig
                0x200049dc                RangingDataRearLeft
                0x200049f8                RangingDataLeftFront
                0x20004a14                tskEDGLFTREARHandle
                0x20004a18                tskEDGLFTFRONTHandle
                0x20004a1c                defaultTaskHandle
                0x20004a20                dev
                0x20004dc4                leftPWMHandle
                0x20004dc8                LASER_REAR_RIGHT_dev_t
                0x2000516c                RangingDataLeftRear
                0x20005188                hi2c1
                0x200051dc                LeftMotorPWMConfig
                0x200051f8                LASER_LEFT_FRONT_dev_t
                0x2000559c                tskLASREARLEFTHandle
                0x200055a0                tskLASFRONTRIGHHandle
                0x200055a4                tskEDGRGTFRONTHandle
                0x200055a8                RightMotorPID
                0x200055d8                LASER_FRONT_LEFT_dev_t
                0x2000597c                htim3
                0x200059b8                LASER_FRONT_RIGHT_dev_t
                0x20005d5c                RangingDataRearRight
                0x20005d78                RangingDataRightFront
                0x20005d94                LeftMotorPID
                0x20005dc4                LASER_LEFT_REAR_dev_t
                0x20006168                RangingDataFrontRight
                0x20006184                RangingDataFrontLeft
                0x200061a0                htim1
                0x200061dc                RangingDataRightRear
                0x200061f8                LASER_RIGHT_REAR_dev_t
                0x2000659c                htim2
                0x200065d8                tskEDGRGTREARHandle
                0x200065dc                huart2
                0x2000661c                tskLASFRONTLEFTHandle
                0x20006620                rightPWMHandle
                0x20006624                LASER_RIGHT_FRONT_dev_t
                0x200069c8                myMutex01Handle
                0x200069cc                Detectionconfig
 COMMON         0x200069e0       0x3c Src\stm32f4xx_hal_timebase_TIM.o
                0x200069e0                htim4
 COMMON         0x20006a1c        0x4 c:/program files (x86)/atollic/truestudio for stm32 9.0.1/armtools/bin/../lib/gcc/arm-atollic-eabi/6.3.1/../../../../arm-atollic-eabi/lib/armv7e-m/fpu\libc_nano.a(lib_a-reent.o)
                0x20006a1c                errno
                0x20006a20                . = ALIGN (0x4)
                0x20006a20                _ebss = .
                0x20006a20                __bss_end__ = _ebss

._user_heap_stack
                0x20006a20      0x600 load address 0x0800d260
                0x20006a20                . = ALIGN (0x4)
                0x20006a20                PROVIDE (end, .)
                [!provide]                PROVIDE (_end, .)
                0x20006c20                . = (. + _Min_Heap_Size)
 *fill*         0x20006a20      0x200 
                0x20007020                . = (. + _Min_Stack_Size)
 *fill*         0x20006c20      0x400 
                0x20007020                . = ALIGN (0x4)

/DISCARD/
 libc.a(*)
 libm.a(*)
 libgcc.a(*)

.ARM.attributes
                0x00000000       0x30
 *(.ARM.attributes)
 .ARM.attributes
                0x00000000       0x22 c:/program files (x86)/atollic/truestudio for stm32 9.0.1/armtools/bin/../lib/gcc/arm-atollic-eabi/6.3.1/armv7e-m/fpu/crti.o
 .ARM.attributes
                0x00000022       0x34 c:/program files (x86)/atollic/truestudio for stm32 9.0.1/armtools/bin/../lib/gcc/arm-atollic-eabi/6.3.1/armv7e-m/fpu/crtbegin.o
 .ARM.attributes
                0x00000056       0x39 Drivers\BSP\VL53L1X API\api\core\vl53l1_api.o
 .ARM.attributes
                0x0000008f       0x39 Drivers\BSP\VL53L1X API\api\core\vl53l1_api_core.o
 .ARM.attributes
                0x000000c8       0x39 Drivers\BSP\VL53L1X API\api\core\vl53l1_api_preset_modes.o
 .ARM.attributes
                0x00000101       0x39 Drivers\BSP\VL53L1X API\api\core\vl53l1_core.o
 .ARM.attributes
                0x0000013a       0x39 Drivers\BSP\VL53L1X API\api\core\vl53l1_core_support.o
 .ARM.attributes
                0x00000173       0x39 Drivers\BSP\VL53L1X API\api\core\vl53l1_register_funcs.o
 .ARM.attributes
                0x000001ac       0x39 Drivers\BSP\VL53L1X API\api\core\vl53l1_wait.o
 .ARM.attributes
                0x000001e5       0x39 Drivers\BSP\VL53L1X API\api\platform\vl53l1_platform.o
 .ARM.attributes
                0x0000021e       0x39 Drivers\STM32F4xx_HAL_Driver\Src\stm32f4xx_hal.o
 .ARM.attributes
                0x00000257       0x39 Drivers\STM32F4xx_HAL_Driver\Src\stm32f4xx_hal_cortex.o
 .ARM.attributes
                0x00000290       0x39 Drivers\STM32F4xx_HAL_Driver\Src\stm32f4xx_hal_gpio.o
 .ARM.attributes
                0x000002c9       0x39 Drivers\STM32F4xx_HAL_Driver\Src\stm32f4xx_hal_i2c.o
 .ARM.attributes
                0x00000302       0x39 Drivers\STM32F4xx_HAL_Driver\Src\stm32f4xx_hal_rcc.o
 .ARM.attributes
                0x0000033b       0x39 Drivers\STM32F4xx_HAL_Driver\Src\stm32f4xx_hal_tim.o
 .ARM.attributes
                0x00000374       0x39 Drivers\STM32F4xx_HAL_Driver\Src\stm32f4xx_hal_tim_ex.o
 .ARM.attributes
                0x000003ad       0x39 Drivers\STM32F4xx_HAL_Driver\Src\stm32f4xx_hal_uart.o
 .ARM.attributes
                0x000003e6       0x39 Middlewares\Third_Party\FreeRTOS\Source\CMSIS_RTOS\cmsis_os.o
 .ARM.attributes
                0x0000041f       0x39 Middlewares\Third_Party\FreeRTOS\Source\list.o
 .ARM.attributes
                0x00000458       0x39 Middlewares\Third_Party\FreeRTOS\Source\portable\GCC\ARM_CM4F\port.o
 .ARM.attributes
                0x00000491       0x39 Middlewares\Third_Party\FreeRTOS\Source\portable\MemMang\heap_4.o
 .ARM.attributes
                0x000004ca       0x39 Middlewares\Third_Party\FreeRTOS\Source\queue.o
 .ARM.attributes
                0x00000503       0x39 Middlewares\Third_Party\FreeRTOS\Source\tasks.o
 .ARM.attributes
                0x0000053c       0x39 Src\main.o
 .ARM.attributes
                0x00000575       0x39 Src\stm32f4xx_hal_msp.o
 .ARM.attributes
                0x000005ae       0x39 Src\stm32f4xx_hal_timebase_TIM.o
 .ARM.attributes
                0x000005e7       0x39 Src\stm32f4xx_it.o
 .ARM.attributes
                0x00000620       0x39 Src\system_stm32f4xx.o
 .ARM.attributes
                0x00000659       0x21 startup\startup_stm32f401xe.o
 .ARM.attributes
                0x0000067a       0x34 c:/program files (x86)/atollic/truestudio for stm32 9.0.1/armtools/bin/../lib/gcc/arm-atollic-eabi/6.3.1/../../../../arm-atollic-eabi/lib/armv7e-m/fpu\libc_nano.a(lib_a-init.o)
 .ARM.attributes
                0x000006ae       0x34 c:/program files (x86)/atollic/truestudio for stm32 9.0.1/armtools/bin/../lib/gcc/arm-atollic-eabi/6.3.1/../../../../arm-atollic-eabi/lib/armv7e-m/fpu\libc_nano.a(lib_a-memcpy-stub.o)
 .ARM.attributes
                0x000006e2       0x34 c:/program files (x86)/atollic/truestudio for stm32 9.0.1/armtools/bin/../lib/gcc/arm-atollic-eabi/6.3.1/../../../../arm-atollic-eabi/lib/armv7e-m/fpu\libc_nano.a(lib_a-memset.o)
 .ARM.attributes
                0x00000716       0x34 c:/program files (x86)/atollic/truestudio for stm32 9.0.1/armtools/bin/../lib/gcc/arm-atollic-eabi/6.3.1/../../../../arm-atollic-eabi/lib/armv7e-m/fpu\libc_nano.a(lib_a-sprintf.o)
 .ARM.attributes
                0x0000074a       0x1b c:/program files (x86)/atollic/truestudio for stm32 9.0.1/armtools/bin/../lib/gcc/arm-atollic-eabi/6.3.1/../../../../arm-atollic-eabi/lib/armv7e-m/fpu\libc_nano.a(lib_a-strlen.o)
 .ARM.attributes
                0x00000765       0x34 c:/program files (x86)/atollic/truestudio for stm32 9.0.1/armtools/bin/../lib/gcc/arm-atollic-eabi/6.3.1/../../../../arm-atollic-eabi/lib/armv7e-m/fpu\libc_nano.a(lib_a-strncpy.o)
 .ARM.attributes
                0x00000799       0x34 c:/program files (x86)/atollic/truestudio for stm32 9.0.1/armtools/bin/../lib/gcc/arm-atollic-eabi/6.3.1/../../../../arm-atollic-eabi/lib/armv7e-m/fpu\libc_nano.a(lib_a-impure.o)
 .ARM.attributes
                0x000007cd       0x34 c:/program files (x86)/atollic/truestudio for stm32 9.0.1/armtools/bin/../lib/gcc/arm-atollic-eabi/6.3.1/../../../../arm-atollic-eabi/lib/armv7e-m/fpu\libc_nano.a(lib_a-nano-svfprintf.o)
 .ARM.attributes
                0x00000801       0x34 c:/program files (x86)/atollic/truestudio for stm32 9.0.1/armtools/bin/../lib/gcc/arm-atollic-eabi/6.3.1/../../../../arm-atollic-eabi/lib/armv7e-m/fpu\libc_nano.a(lib_a-nano-vfprintf_i.o)
 .ARM.attributes
                0x00000835       0x20 c:/program files (x86)/atollic/truestudio for stm32 9.0.1/armtools/bin/../lib/gcc/arm-atollic-eabi/6.3.1/../../../../arm-atollic-eabi/lib/armv7e-m/fpu\libc_nano.a(lib_a-memchr.o)
 .ARM.attributes
                0x00000855       0x34 c:/program files (x86)/atollic/truestudio for stm32 9.0.1/armtools/bin/../lib/gcc/arm-atollic-eabi/6.3.1/../../../../arm-atollic-eabi/lib/armv7e-m/fpu\libc_nano.a(lib_a-memmove.o)
 .ARM.attributes
                0x00000889       0x34 c:/program files (x86)/atollic/truestudio for stm32 9.0.1/armtools/bin/../lib/gcc/arm-atollic-eabi/6.3.1/../../../../arm-atollic-eabi/lib/armv7e-m/fpu\libc_nano.a(lib_a-nano-freer.o)
 .ARM.attributes
                0x000008bd       0x34 c:/program files (x86)/atollic/truestudio for stm32 9.0.1/armtools/bin/../lib/gcc/arm-atollic-eabi/6.3.1/../../../../arm-atollic-eabi/lib/armv7e-m/fpu\libc_nano.a(lib_a-nano-mallocr.o)
 .ARM.attributes
                0x000008f1       0x34 c:/program files (x86)/atollic/truestudio for stm32 9.0.1/armtools/bin/../lib/gcc/arm-atollic-eabi/6.3.1/../../../../arm-atollic-eabi/lib/armv7e-m/fpu\libc_nano.a(lib_a-nano-reallocr.o)
 .ARM.attributes
                0x00000925       0x34 c:/program files (x86)/atollic/truestudio for stm32 9.0.1/armtools/bin/../lib/gcc/arm-atollic-eabi/6.3.1/../../../../arm-atollic-eabi/lib/armv7e-m/fpu\libc_nano.a(lib_a-sbrkr.o)
 .ARM.attributes
                0x00000959       0x34 c:/program files (x86)/atollic/truestudio for stm32 9.0.1/armtools/bin/../lib/gcc/arm-atollic-eabi/6.3.1/../../../../arm-atollic-eabi/lib/armv7e-m/fpu\libc_nano.a(lib_a-mlock.o)
 .ARM.attributes
                0x0000098d       0x34 c:/program files (x86)/atollic/truestudio for stm32 9.0.1/armtools/bin/../lib/gcc/arm-atollic-eabi/6.3.1/../../../../arm-atollic-eabi/lib/armv7e-m/fpu\libc_nano.a(lib_a-nano-msizer.o)
 .ARM.attributes
                0x000009c1       0x34 c:/program files (x86)/atollic/truestudio for stm32 9.0.1/armtools/bin/../lib/gcc/arm-atollic-eabi/6.3.1/../../../../arm-atollic-eabi/lib/armv7e-m/fpu\libc_nano.a(lib_a-reent.o)
 .ARM.attributes
                0x000009f5       0x22 c:/program files (x86)/atollic/truestudio for stm32 9.0.1/armtools/bin/../lib/gcc/arm-atollic-eabi/6.3.1/armv7e-m/fpu\libgcc.a(_aeabi_uldivmod.o)
 .ARM.attributes
                0x00000a17       0x34 c:/program files (x86)/atollic/truestudio for stm32 9.0.1/armtools/bin/../lib/gcc/arm-atollic-eabi/6.3.1/armv7e-m/fpu\libgcc.a(_udivmoddi4.o)
 .ARM.attributes
                0x00000a4b       0x22 c:/program files (x86)/atollic/truestudio for stm32 9.0.1/armtools/bin/../lib/gcc/arm-atollic-eabi/6.3.1/armv7e-m/fpu\libgcc.a(_dvmd_tls.o)
 .ARM.attributes
                0x00000a6d       0x34 c:/program files (x86)/atollic/truestudio for stm32 9.0.1/armtools/bin/../lib/gcc/arm-atollic-eabi/6.3.1/../../../../arm-atollic-eabi/lib/armv7e-m/fpu\libnosys.a(sbrk.o)
 .ARM.attributes
                0x00000aa1       0x22 c:/program files (x86)/atollic/truestudio for stm32 9.0.1/armtools/bin/../lib/gcc/arm-atollic-eabi/6.3.1/armv7e-m/fpu/crtn.o
OUTPUT(VL53L1X_SUMO.elf elf32-littlearm)

.debug_info     0x00000000    0x34276
 .debug_info    0x00000000     0x4af6 Drivers\BSP\VL53L1X API\api\core\vl53l1_api.o
 .debug_info    0x00004af6     0x4066 Drivers\BSP\VL53L1X API\api\core\vl53l1_api_core.o
 .debug_info    0x00008b5c     0x1bd3 Drivers\BSP\VL53L1X API\api\core\vl53l1_api_preset_modes.o
 .debug_info    0x0000a72f     0x3e9d Drivers\BSP\VL53L1X API\api\core\vl53l1_core.o
 .debug_info    0x0000e5cc      0xa05 Drivers\BSP\VL53L1X API\api\core\vl53l1_core_support.o
 .debug_info    0x0000efd1     0x31f9 Drivers\BSP\VL53L1X API\api\core\vl53l1_register_funcs.o
 .debug_info    0x000121ca     0x2cca Drivers\BSP\VL53L1X API\api\core\vl53l1_wait.o
 .debug_info    0x00014e94     0x2f66 Drivers\BSP\VL53L1X API\api\platform\vl53l1_platform.o
 .debug_info    0x00017dfa     0x10ac Drivers\STM32F4xx_HAL_Driver\Src\stm32f4xx_hal.o
 .debug_info    0x00018ea6     0x154c Drivers\STM32F4xx_HAL_Driver\Src\stm32f4xx_hal_cortex.o
 .debug_info    0x0001a3f2      0xf9d Drivers\STM32F4xx_HAL_Driver\Src\stm32f4xx_hal_gpio.o
 .debug_info    0x0001b38f     0x2889 Drivers\STM32F4xx_HAL_Driver\Src\stm32f4xx_hal_i2c.o
 .debug_info    0x0001dc18     0x10e0 Drivers\STM32F4xx_HAL_Driver\Src\stm32f4xx_hal_rcc.o
 .debug_info    0x0001ecf8     0x29f0 Drivers\STM32F4xx_HAL_Driver\Src\stm32f4xx_hal_tim.o
 .debug_info    0x000216e8     0x17ca Drivers\STM32F4xx_HAL_Driver\Src\stm32f4xx_hal_tim_ex.o