main.c:185:5:main	224	static
main.c:352:6:SystemClock_Config	88	static
main.c:407:13:MX_I2C1_Init	8	static
main.c:427:13:MX_TIM1_Init	56	static
main.c:463:13:MX_TIM2_Init	56	static
main.c:498:13:MX_TIM3_Init	48	static
main.c:541:13:MX_USART2_UART_Init	8	static
main.c:566:13:MX_GPIO_Init	48	static
main.c:655:12:SetupVL53L1XDevices	24	static
main.c:684:6:StartDefaultTask	16	static
main.c:705:6:tskLASFRONTLEFT_fnc	16	static
main.c:728:6:tskLASREARLEFT_fnc	16	static
main.c:753:6:tskLASFRONTRIGHT_fnc	16	static
main.c:777:6:tskEDGLFTFRNT	24	static
main.c:796:6:tskEDGLFTRER	24	static
main.c:814:6:tskEDGRGTFRNT	24	static
main.c:832:6:tskEDGRGTRER	24	static
main.c:850:6:rightPWMFunc	16	static
main.c:862:6:leftPWMFunc	16	static
main.c:881:6:HAL_TIM_PeriodElapsedCallback	16	static
main.c:900:6:_Error_Handler	16	static
