main.c:168:5:main	264	static
main.c:347:6:SystemClock_Config	88	static
main.c:402:13:MX_I2C1_Init	8	static
main.c:422:13:MX_SPI1_Init	8	static
main.c:446:13:MX_USART2_UART_Init	8	static
main.c:471:13:MX_GPIO_Init	48	static
main.c:585:6:StartDefaultTask	72	static
main.c:743:6:tskLASFRONTLEFT_fnc	16	static
main.c:762:6:tskLASREARLEFT_fnc	16	static
main.c:781:6:tskLASFRONTRIGHT_fnc	16	static
main.c:800:6:tskLASREARRIGHT_fnc	16	static
main.c:813:6:tskLASLEFTFRONT_fnc	16	static
main.c:825:6:tskLASLEFTREAR_fnc	16	static
main.c:837:6:tskLASRIGHTFRONT_fnc	16	static
main.c:849:6:tskLASRIGHTREAR_fnc	16	static
main.c:861:6:tskEDGE_fnc	16	static
main.c:910:6:HAL_TIM_PeriodElapsedCallback	16	static
main.c:929:6:_Error_Handler	16	static
