Debug.c:25:5:debug_getTestVar0	4	static
Debug.c:30:5:debug_getTestVar1	4	static
Debug.c:35:5:debug_getTestVar2	4	static
Debug.c:40:5:debug_getTestVar3	4	static
Debug.c:45:5:debug_getTestVar4	4	static
Debug.c:50:5:debug_getTestVar5	4	static
Debug.c:55:5:debug_getTestVar6	4	static
Debug.c:60:5:debug_getTestVar7	4	static
Debug.c:65:5:debug_getTestVar8	4	static
Debug.c:70:5:debug_getTestVar9	4	static
Debug.c:75:6:debug_setTestVar0	16	static
Debug.c:80:6:debug_setTestVar1	16	static
Debug.c:85:6:debug_setTestVar2	16	static
Debug.c:90:6:debug_setTestVar3	16	static
Debug.c:95:6:debug_setTestVar4	16	static
Debug.c:100:6:debug_setTestVar5	16	static
Debug.c:105:6:debug_setTestVar6	16	static
Debug.c:110:6:debug_setTestVar7	16	static
Debug.c:115:6:debug_setTestVar8	16	static
Debug.c:120:6:debug_setTestVar9	16	static
Debug.c:127:6:debug_startRAMDebugging	16	static
Debug.c:136:6:debug_stopRamDebugging	4	static
Debug.c:143:6:debug_isRamDebuggingEnabled	4	static
Debug.c:148:6:debug_isWaitingForTrigger	4	static
Debug.c:153:5:debug_getRamDebugCounter	4	static
Debug.c:158:6:debug_incRamDebugCounter	8	static
Debug.c:169:6:debug_addRamDebugElement	40	static
Debug.c:186:5:debug_getRamBufferElements	4	static
Debug.c:191:5:debug_getRamBufferSize	4	static
Debug.c:196:5:debug_getRamBufferElementItems	4	static
Debug.c:201:5:debug_getRamBufferItem	24	static
Debug.c:212:6:debug_setRamMeasureMode	16	static
Debug.c:239:5:debug_getRamMeasureMode	4	static
Debug.c:244:6:debug_setRamMeasureDelay	16	static
Debug.c:249:5:debug_getRamMeasureDelay	4	static
Debug.c:254:6:debug_checkTriggerCondition	24	static
